Archive member included to satisfy reference by file (symbol)

/home/fw3/Desktop/SimplicityStudio_v5/developer/toolchains/gnu_arm/12.2.rel1_2023.7/bin/../lib/gcc/arm-none-eabi/12.2.1/thumb/v8-m.main+fp/hard/libgcc.a(_aeabi_ldivmod.o)
                              ./simplicity_sdk_2024.12.2/platform/emlib/src/em_eusart.o (__aeabi_ldivmod)
/home/fw3/Desktop/SimplicityStudio_v5/developer/toolchains/gnu_arm/12.2.rel1_2023.7/bin/../lib/gcc/arm-none-eabi/12.2.1/thumb/v8-m.main+fp/hard/libgcc.a(_aeabi_uldivmod.o)
                              ./simplicity_sdk_2024.12.2/platform/emlib/src/em_eusart.o (__aeabi_uldivmod)
/home/fw3/Desktop/SimplicityStudio_v5/developer/toolchains/gnu_arm/12.2.rel1_2023.7/bin/../lib/gcc/arm-none-eabi/12.2.1/thumb/v8-m.main+fp/hard/libgcc.a(_udivmoddi4.o)
                              /home/fw3/Desktop/SimplicityStudio_v5/developer/toolchains/gnu_arm/12.2.rel1_2023.7/bin/../lib/gcc/arm-none-eabi/12.2.1/thumb/v8-m.main+fp/hard/libgcc.a(_aeabi_ldivmod.o) (__udivmoddi4)
/home/fw3/Desktop/SimplicityStudio_v5/developer/toolchains/gnu_arm/12.2.rel1_2023.7/bin/../lib/gcc/arm-none-eabi/12.2.1/thumb/v8-m.main+fp/hard/libgcc.a(_dvmd_tls.o)
                              /home/fw3/Desktop/SimplicityStudio_v5/developer/toolchains/gnu_arm/12.2.rel1_2023.7/bin/../lib/gcc/arm-none-eabi/12.2.1/thumb/v8-m.main+fp/hard/libgcc.a(_aeabi_ldivmod.o) (__aeabi_ldiv0)
/home/fw3/Desktop/SimplicityStudio_v5/developer/toolchains/gnu_arm/12.2.rel1_2023.7/bin/../lib/gcc/arm-none-eabi/12.2.1/../../../../arm-none-eabi/lib/thumb/v8-m.main+fp/hard/libc_nano.a(libc_a-exit.o)
                              /home/fw3/Desktop/SimplicityStudio_v5/developer/toolchains/gnu_arm/12.2.rel1_2023.7/bin/../lib/gcc/arm-none-eabi/12.2.1/../../../../arm-none-eabi/lib/thumb/v8-m.main+fp/hard/crt0.o (exit)
/home/fw3/Desktop/SimplicityStudio_v5/developer/toolchains/gnu_arm/12.2.rel1_2023.7/bin/../lib/gcc/arm-none-eabi/12.2.1/../../../../arm-none-eabi/lib/thumb/v8-m.main+fp/hard/libc_nano.a(libc_a-init.o)
                              /home/fw3/Desktop/SimplicityStudio_v5/developer/toolchains/gnu_arm/12.2.rel1_2023.7/bin/../lib/gcc/arm-none-eabi/12.2.1/../../../../arm-none-eabi/lib/thumb/v8-m.main+fp/hard/crt0.o (__libc_init_array)
/home/fw3/Desktop/SimplicityStudio_v5/developer/toolchains/gnu_arm/12.2.rel1_2023.7/bin/../lib/gcc/arm-none-eabi/12.2.1/../../../../arm-none-eabi/lib/thumb/v8-m.main+fp/hard/libc_nano.a(libc_a-strcmp.o)
                              ./autogen/sl_iostream_handles.o (strcmp)
/home/fw3/Desktop/SimplicityStudio_v5/developer/toolchains/gnu_arm/12.2.rel1_2023.7/bin/../lib/gcc/arm-none-eabi/12.2.1/../../../../arm-none-eabi/lib/thumb/v8-m.main+fp/hard/libc_nano.a(libc_a-printf.o)
                              ./main.o (printf)
/home/fw3/Desktop/SimplicityStudio_v5/developer/toolchains/gnu_arm/12.2.rel1_2023.7/bin/../lib/gcc/arm-none-eabi/12.2.1/../../../../arm-none-eabi/lib/thumb/v8-m.main+fp/hard/libc_nano.a(libc_a-nano-vfprintf.o)
                              /home/fw3/Desktop/SimplicityStudio_v5/developer/toolchains/gnu_arm/12.2.rel1_2023.7/bin/../lib/gcc/arm-none-eabi/12.2.1/../../../../arm-none-eabi/lib/thumb/v8-m.main+fp/hard/libc_nano.a(libc_a-printf.o) (_vfprintf_r)
/home/fw3/Desktop/SimplicityStudio_v5/developer/toolchains/gnu_arm/12.2.rel1_2023.7/bin/../lib/gcc/arm-none-eabi/12.2.1/../../../../arm-none-eabi/lib/thumb/v8-m.main+fp/hard/libc_nano.a(libc_a-vprintf.o)
                              ./simplicity_sdk_2024.12.2/platform/service/iostream/src/sl_iostream.o (vprintf)
/home/fw3/Desktop/SimplicityStudio_v5/developer/toolchains/gnu_arm/12.2.rel1_2023.7/bin/../lib/gcc/arm-none-eabi/12.2.1/../../../../arm-none-eabi/lib/thumb/v8-m.main+fp/hard/libc_nano.a(libc_a-wbuf.o)
                              /home/fw3/Desktop/SimplicityStudio_v5/developer/toolchains/gnu_arm/12.2.rel1_2023.7/bin/../lib/gcc/arm-none-eabi/12.2.1/../../../../arm-none-eabi/lib/thumb/v8-m.main+fp/hard/libc_nano.a(libc_a-nano-vfprintf.o) (__swbuf_r)
/home/fw3/Desktop/SimplicityStudio_v5/developer/toolchains/gnu_arm/12.2.rel1_2023.7/bin/../lib/gcc/arm-none-eabi/12.2.1/../../../../arm-none-eabi/lib/thumb/v8-m.main+fp/hard/libc_nano.a(libc_a-wsetup.o)
                              /home/fw3/Desktop/SimplicityStudio_v5/developer/toolchains/gnu_arm/12.2.rel1_2023.7/bin/../lib/gcc/arm-none-eabi/12.2.1/../../../../arm-none-eabi/lib/thumb/v8-m.main+fp/hard/libc_nano.a(libc_a-nano-vfprintf.o) (__swsetup_r)
/home/fw3/Desktop/SimplicityStudio_v5/developer/toolchains/gnu_arm/12.2.rel1_2023.7/bin/../lib/gcc/arm-none-eabi/12.2.1/../../../../arm-none-eabi/lib/thumb/v8-m.main+fp/hard/libc_nano.a(libc_a-nano-vfprintf_i.o)
                              /home/fw3/Desktop/SimplicityStudio_v5/developer/toolchains/gnu_arm/12.2.rel1_2023.7/bin/../lib/gcc/arm-none-eabi/12.2.1/../../../../arm-none-eabi/lib/thumb/v8-m.main+fp/hard/libc_nano.a(libc_a-nano-vfprintf.o) (_printf_i)
[...]
Memory Configuration

Name             Origin             Length             Attributes
FLASH            0x0000000008000000 0x000000000017e000 xr
RAM              0x0000000020000000 0x0000000000040000 xrw
*default*        0x0000000000000000 0xffffffffffffffff

Linker script and memory map

LOAD /home/fw3/Desktop/SimplicityStudio_v5/developer/toolchains/gnu_arm/12.2.rel1_2023.7/bin/../lib/gcc/arm-none-eabi/12.2.1/thumb/v8-m.main+fp/hard/crti.o
LOAD /home/fw3/Desktop/SimplicityStudio_v5/developer/toolchains/gnu_arm/12.2.rel1_2023.7/bin/../lib/gcc/arm-none-eabi/12.2.1/thumb/v8-m.main+fp/hard/crtbegin.o
LOAD /home/fw3/Desktop/SimplicityStudio_v5/developer/toolchains/gnu_arm/12.2.rel1_2023.7/bin/../lib/gcc/arm-none-eabi/12.2.1/../../../../arm-none-eabi/lib/thumb/v8-m.main+fp/hard/crt0.o
START GROUP
LOAD ./app.o
LOAD ./main.o
LOAD ./autogen/sl_board_default_init.o
LOAD ./autogen/sl_event_handler.o
LOAD ./autogen/sl_i2cspm_init.o
LOAD ./autogen/sl_iostream_handles.o
LOAD ./autogen/sl_iostream_init_eusart_instances.o
LOAD ./autogen/sl_simple_button_instances.o
LOAD ./autogen/sl_simple_led_instances.o
LOAD ./autogen/sl_spidrv_init.o
LOAD ./autogen/sl_uartdrv_init.o
LOAD ./simplicity_sdk_2024.12.2/hardware/board/src/sl_board_control_gpio.o
LOAD ./simplicity_sdk_2024.12.2/hardware/board/src/sl_board_init.o
LOAD ./simplicity_sdk_2024.12.2/hardware/driver/configuration_over_swo/src/sl_cos.o
LOAD ./simplicity_sdk_2024.12.2/platform/Device/SiliconLabs/EFR32MG24/Source/startup_efr32mg24.o
LOAD ./simplicity_sdk_2024.12.2/platform/Device/SiliconLabs/EFR32MG24/Source/system_efr32mg24.o
LOAD ./simplicity_sdk_2024.12.2/platform/common/src/sl_assert.o
LOAD ./simplicity_sdk_2024.12.2/platform/common/src/sl_core_cortexm.o
LOAD ./simplicity_sdk_2024.12.2/platform/common/src/sl_slist.o
LOAD ./simplicity_sdk_2024.12.2/platform/common/src/sl_string.o
LOAD ./simplicity_sdk_2024.12.2/platform/common/src/sl_syscalls.o
LOAD ./simplicity_sdk_2024.12.2/platform/driver/button/src/sl_button.o
LOAD ./simplicity_sdk_2024.12.2/platform/driver/button/src/sl_simple_button.o
LOAD ./simplicity_sdk_2024.12.2/platform/driver/debug/src/sl_debug_swo.o
LOAD ./simplicity_sdk_2024.12.2/platform/driver/gpio/src/sl_gpio.o
LOAD ./simplicity_sdk_2024.12.2/platform/driver/i2cspm/src/sl_i2cspm.o
LOAD ./simplicity_sdk_2024.12.2/platform/driver/leddrv/src/sl_led.o
LOAD ./simplicity_sdk_2024.12.2/platform/driver/leddrv/src/sl_simple_led.o
LOAD ./simplicity_sdk_2024.12.2/platform/emdrv/dmadrv/src/dmadrv.o
LOAD ./simplicity_sdk_2024.12.2/platform/emdrv/gpiointerrupt/src/gpiointerrupt.o
LOAD ./simplicity_sdk_2024.12.2/platform/emdrv/spidrv/src/spidrv.o
LOAD ./simplicity_sdk_2024.12.2/platform/emdrv/uartdrv/src/uartdrv.o
LOAD ./simplicity_sdk_2024.12.2/platform/emlib/src/em_burtc.o
LOAD ./simplicity_sdk_2024.12.2/platform/emlib/src/em_cmu.o
LOAD ./simplicity_sdk_2024.12.2/platform/emlib/src/em_core.o
LOAD ./simplicity_sdk_2024.12.2/platform/emlib/src/em_emu.o
LOAD ./simplicity_sdk_2024.12.2/platform/emlib/src/em_eusart.o
LOAD ./simplicity_sdk_2024.12.2/platform/emlib/src/em_gpio.o
LOAD ./simplicity_sdk_2024.12.2/platform/emlib/src/em_i2c.o
LOAD ./simplicity_sdk_2024.12.2/platform/emlib/src/em_ldma.o
LOAD ./simplicity_sdk_2024.12.2/platform/emlib/src/em_msc.o
LOAD ./simplicity_sdk_2024.12.2/platform/emlib/src/em_prs.o
LOAD ./simplicity_sdk_2024.12.2/platform/emlib/src/em_system.o
LOAD ./simplicity_sdk_2024.12.2/platform/emlib/src/em_timer.o
LOAD ./simplicity_sdk_2024.12.2/platform/emlib/src/em_usart.o
LOAD ./simplicity_sdk_2024.12.2/platform/peripheral/src/sl_hal_gpio.o
LOAD ./simplicity_sdk_2024.12.2/platform/peripheral/src/sl_hal_sysrtc.o
LOAD ./simplicity_sdk_2024.12.2/platform/service/clock_manager/src/sl_clock_manager.o
LOAD ./simplicity_sdk_2024.12.2/platform/service/clock_manager/src/sl_clock_manager_hal_s2.o
LOAD ./simplicity_sdk_2024.12.2/platform/service/clock_manager/src/sl_clock_manager_init.o
LOAD ./simplicity_sdk_2024.12.2/platform/service/clock_manager/src/sl_clock_manager_init_hal_s2.o
LOAD ./simplicity_sdk_2024.12.2/platform/service/device_init/src/sl_device_init_dcdc_s2.o
LOAD ./simplicity_sdk_2024.12.2/platform/service/device_init/src/sl_device_init_emu_s2.o
LOAD ./simplicity_sdk_2024.12.2/platform/service/device_manager/clocks/sl_device_clock_efr32xg24.o
LOAD ./simplicity_sdk_2024.12.2/platform/service/device_manager/devices/sl_device_peripheral_hal_efr32xg24.o
LOAD ./simplicity_sdk_2024.12.2/platform/service/device_manager/src/sl_device_clock.o
LOAD ./simplicity_sdk_2024.12.2/platform/service/device_manager/src/sl_device_gpio.o
LOAD ./simplicity_sdk_2024.12.2/platform/service/device_manager/src/sl_device_peripheral.o
LOAD ./simplicity_sdk_2024.12.2/platform/service/interrupt_manager/src/sl_interrupt_manager_cortexm.o
LOAD ./simplicity_sdk_2024.12.2/platform/service/iostream/src/sl_iostream.o
LOAD ./simplicity_sdk_2024.12.2/platform/service/iostream/src/sl_iostream_eusart.o
LOAD ./simplicity_sdk_2024.12.2/platform/service/iostream/src/sl_iostream_retarget_stdio.o
LOAD ./simplicity_sdk_2024.12.2/platform/service/iostream/src/sl_iostream_uart.o
LOAD ./simplicity_sdk_2024.12.2/platform/service/memory_manager/src/sl_memory_manager_region.o
LOAD ./simplicity_sdk_2024.12.2/platform/service/sleeptimer/src/sl_sleeptimer.o
LOAD ./simplicity_sdk_2024.12.2/platform/service/sleeptimer/src/sl_sleeptimer_hal_burtc.o
LOAD ./simplicity_sdk_2024.12.2/platform/service/sleeptimer/src/sl_sleeptimer_hal_sysrtc.o
LOAD ./simplicity_sdk_2024.12.2/platform/service/sleeptimer/src/sl_sleeptimer_hal_timer.o
LOAD ./simplicity_sdk_2024.12.2/platform/service/system/src/sl_system_init.o
LOAD ./simplicity_sdk_2024.12.2/platform/service/system/src/sl_system_process_action.o
LOAD ./simplicity_sdk_2024.12.2/platform/service/udelay/src/sl_udelay.o
LOAD ./simplicity_sdk_2024.12.2/platform/service/udelay/src/sl_udelay_armv6m_gcc.o
LOAD ./src/co2_sensor.o
LOAD ./src/sht30_sensor.o
LOAD /home/fw3/Desktop/SimplicityStudio_v5/developer/toolchains/gnu_arm/12.2.rel1_2023.7/bin/../lib/gcc/arm-none-eabi/12.2.1/../../../../arm-none-eabi/lib/thumb/v8-m.main+fp/hard/libstdc++_nano.a
LOAD /home/fw3/Desktop/SimplicityStudio_v5/developer/toolchains/gnu_arm/12.2.rel1_2023.7/bin/../lib/gcc/arm-none-eabi/12.2.1/thumb/v8-m.main+fp/hard/libgcc.a
LOAD /home/fw3/Desktop/SimplicityStudio_v5/developer/toolchains/gnu_arm/12.2.rel1_2023.7/bin/../lib/gcc/arm-none-eabi/12.2.1/../../../../arm-none-eabi/lib/thumb/v8-m.main+fp/hard/libnosys.a
END GROUP
START GROUP
LOAD /home/fw3/Desktop/SimplicityStudio_v5/developer/toolchains/gnu_arm/12.2.rel1_2023.7/bin/../lib/gcc/arm-none-eabi/12.2.1/thumb/v8-m.main+fp/hard/libgcc.a
LOAD /home/fw3/Desktop/SimplicityStudio_v5/developer/toolchains/gnu_arm/12.2.rel1_2023.7/bin/../lib/gcc/arm-none-eabi/12.2.1/../../../../arm-none-eabi/lib/thumb/v8-m.main+fp/hard/libc_nano.a
LOAD /home/fw3/Desktop/SimplicityStudio_v5/developer/toolchains/gnu_arm/12.2.rel1_2023.7/bin/../lib/gcc/arm-none-eabi/12.2.1/../../../../arm-none-eabi/lib/thumb/v8-m.main+fp/hard/libnosys.a
END GROUP
LOAD /home/fw3/Desktop/SimplicityStudio_v5/developer/toolchains/gnu_arm/12.2.rel1_2023.7/bin/../lib/gcc/arm-none-eabi/12.2.1/../../../../arm-none-eabi/lib/thumb/v8-m.main+fp/hard/libstdc++_nano.a
LOAD /home/fw3/Desktop/SimplicityStudio_v5/developer/toolchains/gnu_arm/12.2.rel1_2023.7/bin/../lib/gcc/arm-none-eabi/12.2.1/../../../../arm-none-eabi/lib/thumb/v8-m.main+fp/hard/libm.a
LOAD /home/fw3/Desktop/SimplicityStudio_v5/developer/toolchains/gnu_arm/12.2.rel1_2023.7/bin/../lib/gcc/arm-none-eabi/12.2.1/../../../../arm-none-eabi/lib/thumb/v8-m.main+fp/hard/libc_nano.a
START GROUP
LOAD /home/fw3/Desktop/SimplicityStudio_v5/developer/toolchains/gnu_arm/12.2.rel1_2023.7/bin/../lib/gcc/arm-none-eabi/12.2.1/thumb/v8-m.main+fp/hard/libgcc.a
LOAD /home/fw3/Desktop/SimplicityStudio_v5/developer/toolchains/gnu_arm/12.2.rel1_2023.7/bin/../lib/gcc/arm-none-eabi/12.2.1/../../../../arm-none-eabi/lib/thumb/v8-m.main+fp/hard/libg_nano.a
LOAD /home/fw3/Desktop/SimplicityStudio_v5/developer/toolchains/gnu_arm/12.2.rel1_2023.7/bin/../lib/gcc/arm-none-eabi/12.2.1/../../../../arm-none-eabi/lib/thumb/v8-m.main+fp/hard/libc_nano.a
END GROUP
START GROUP
LOAD /home/fw3/Desktop/SimplicityStudio_v5/developer/toolchains/gnu_arm/12.2.rel1_2023.7/bin/../lib/gcc/arm-none-eabi/12.2.1/thumb/v8-m.main+fp/hard/libgcc.a
LOAD /home/fw3/Desktop/SimplicityStudio_v5/developer/toolchains/gnu_arm/12.2.rel1_2023.7/bin/../lib/gcc/arm-none-eabi/12.2.1/../../../../arm-none-eabi/lib/thumb/v8-m.main+fp/hard/libc_nano.a
LOAD /home/fw3/Desktop/SimplicityStudio_v5/developer/toolchains/gnu_arm/12.2.rel1_2023.7/bin/../lib/gcc/arm-none-eabi/12.2.1/../../../../arm-none-eabi/lib/thumb/v8-m.main+fp/hard/libnosys.a
END GROUP
START GROUP
LOAD /home/fw3/Desktop/SimplicityStudio_v5/developer/toolchains/gnu_arm/12.2.rel1_2023.7/bin/../lib/gcc/arm-none-eabi/12.2.1/thumb/v8-m.main+fp/hard/libgcc.a
LOAD /home/fw3/Desktop/SimplicityStudio_v5/developer/toolchains/gnu_arm/12.2.rel1_2023.7/bin/../lib/gcc/arm-none-eabi/12.2.1/../../../../arm-none-eabi/lib/thumb/v8-m.main+fp/hard/libc_nano.a
LOAD /home/fw3/Desktop/SimplicityStudio_v5/developer/toolchains/gnu_arm/12.2.rel1_2023.7/bin/../lib/gcc/arm-none-eabi/12.2.1/../../../../arm-none-eabi/lib/thumb/v8-m.main+fp/hard/libnosys.a
END GROUP
LOAD /home/fw3/Desktop/SimplicityStudio_v5/developer/toolchains/gnu_arm/12.2.rel1_2023.7/bin/../lib/gcc/arm-none-eabi/12.2.1/thumb/v8-m.main+fp/hard/crtend.o
LOAD /home/fw3/Desktop/SimplicityStudio_v5/developer/toolchains/gnu_arm/12.2.rel1_2023.7/bin/../lib/gcc/arm-none-eabi/12.2.1/thumb/v8-m.main+fp/hard/crtn.o

.vectors        0x0000000008000000      0x170
                0x0000000008000000                linker_vectors_begin = .
 *(.vectors)
 .vectors       0x0000000008000000      0x170 ./simplicity_sdk_2024.12.2/platform/Device/SiliconLabs/EFR32MG24/Source/startup_efr32mg24.o
                0x0000000008000000                __Vectors
                0x0000000008000170                linker_vectors_end = .
                0x0000000008000170                __Vectors_End = .
                0x0000000008000170                __Vectors_Size = (__Vectors_End - __Vectors)
                0x0000000008000170                __lma_ramfuncs_start__ = .

.stack          0x0000000020000000     0x1000
                0x0000000020000000                . = ALIGN (0x8)
                0x0000000020000000                __StackLimit = .
 *(.stack*)
 .stack         0x0000000020000000     0x1000 ./simplicity_sdk_2024.12.2/platform/service/memory_manager/src/sl_memory_manager_region.o
                0x0000000020001000                . = ALIGN (0x4)
                0x0000000020001000                __StackTop = .
                0x0000000020001000                PROVIDE (__stack = __StackTop)

.bss            0x0000000020001000      0x638
                0x0000000020001000                . = ALIGN (0x4)
                0x0000000020001000                __bss_start__ = .
 *(SORT_BY_ALIGNMENT(.bss*))
 .bss.object.0  0x0000000020001000       0x18 /home/fw3/Desktop/SimplicityStudio_v5/developer/toolchains/gnu_arm/12.2.rel1_2023.7/bin/../lib/gcc/arm-none-eabi/12.2.1/thumb/v8-m.main+fp/hard/crtbegin.o
 .bss.sl_iostream_recommended_console_stream
                0x0000000020001018        0x4 ./autogen/sl_iostream_handles.o
                0x0000000020001018                sl_iostream_recommended_console_stream
 .bss.context_vcom
                0x000000002000101c       0x64 ./autogen/sl_iostream_init_eusart_instances.o
 .bss.sl_iostream_vcom
                0x0000000020001080       0x18 ./autogen/sl_iostream_init_eusart_instances.o
 .bss.sl_spidrv_mikroe_handle_data
                0x0000000020001098       0x84 ./autogen/sl_spidrv_init.o
                0x0000000020001098                sl_spidrv_mikroe_handle_data
 .bss.sli_uartdrv_default_handle
                0x000000002000111c        0x4 ./autogen/sl_uartdrv_init.o
 .bss.sl_uartdrv_eusart_vcom_handle_data
                0x0000000020001120       0x60 ./autogen/sl_uartdrv_init.o
                0x0000000020001120                sl_uartdrv_eusart_vcom_handle_data
 .bss.uartdrv_handle
                0x0000000020001180        0x4 ./simplicity_sdk_2024.12.2/hardware/driver/configuration_over_swo/src/sl_cos.o
 .bss.gpio_interrupts
                0x0000000020001184      0x168 ./simplicity_sdk_2024.12.2/platform/driver/gpio/src/sl_gpio.o
 .bss.dmaXfer   0x00000000200012ec      0x100 ./simplicity_sdk_2024.12.2/platform/emdrv/dmadrv/src/dmadrv.o
 .bss.chTable   0x00000000200013ec       0x80 ./simplicity_sdk_2024.12.2/platform/emdrv/dmadrv/src/dmadrv.o
 .bss.uartdrvHandle
                0x000000002000146c       0x10 ./simplicity_sdk_2024.12.2/platform/emdrv/uartdrv/src/uartdrv.o
 .bss.i2cTransfer
                0x000000002000147c       0x18 ./simplicity_sdk_2024.12.2/platform/emlib/src/em_i2c.o
 .bss.sli_iostream_default
                0x0000000020001494        0x4 ./simplicity_sdk_2024.12.2/platform/service/iostream/src/sl_iostream.o
 .bss.xfer_cfg  0x0000000020001498       0x10 ./simplicity_sdk_2024.12.2/platform/service/iostream/src/sl_iostream_uart.o
 .bss.max_millisecond_conversion
                0x00000000200014a8        0x4 ./simplicity_sdk_2024.12.2/platform/service/sleeptimer/src/sl_sleeptimer.o
 .bss.last_delta_update_count
                0x00000000200014ac        0x4 ./simplicity_sdk_2024.12.2/platform/service/sleeptimer/src/sl_sleeptimer.o
 .bss.timer_head
                0x00000000200014b0        0x4 ./simplicity_sdk_2024.12.2/platform/service/sleeptimer/src/sl_sleeptimer.o
 .bss.timer_frequency
                0x00000000200014b4        0x4 ./simplicity_sdk_2024.12.2/platform/service/sleeptimer/src/sl_sleeptimer.o
 .bss.overflow_counter
                0x00000000200014b8        0x4 ./simplicity_sdk_2024.12.2/platform/service/sleeptimer/src/sl_sleeptimer.o
 .bss.__sf      0x00000000200014bc      0x138 /home/fw3/Desktop/SimplicityStudio_v5/developer/toolchains/gnu_arm/12.2.rel1_2023.7/bin/../lib/gcc/arm-none-eabi/12.2.1/../../../../arm-none-eabi/lib/thumb/v8-m.main+fp/hard/libc_nano.a(libc_a-findfp.o)
                0x00000000200014bc                __sf
 .bss.__stdio_exit_handler
                0x00000000200015f4        0x4 /home/fw3/Desktop/SimplicityStudio_v5/developer/toolchains/gnu_arm/12.2.rel1_2023.7/bin/../lib/gcc/arm-none-eabi/12.2.1/../../../../arm-none-eabi/lib/thumb/v8-m.main+fp/hard/libc_nano.a(libc_a-findfp.o)
                0x00000000200015f4                __stdio_exit_handler
 .bss.errno     0x00000000200015f8        0x4 /home/fw3/Desktop/SimplicityStudio_v5/developer/toolchains/gnu_arm/12.2.rel1_2023.7/bin/../lib/gcc/arm-none-eabi/12.2.1/../../../../arm-none-eabi/lib/thumb/v8-m.main+fp/hard/libc_nano.a(libc_a-reent.o)
                0x00000000200015f8                errno
 .bss.__malloc_sbrk_start
                0x00000000200015fc        0x4 /home/fw3/Desktop/SimplicityStudio_v5/developer/toolchains/gnu_arm/12.2.rel1_2023.7/bin/../lib/gcc/arm-none-eabi/12.2.1/../../../../arm-none-eabi/lib/thumb/v8-m.main+fp/hard/libc_nano.a(libc_a-mallocr.o)
                0x00000000200015fc                __malloc_sbrk_start
 .bss.__malloc_free_list
                0x0000000020001600        0x4 /home/fw3/Desktop/SimplicityStudio_v5/developer/toolchains/gnu_arm/12.2.rel1_2023.7/bin/../lib/gcc/arm-none-eabi/12.2.1/../../../../arm-none-eabi/lib/thumb/v8-m.main+fp/hard/libc_nano.a(libc_a-mallocr.o)
                0x0000000020001600                __malloc_free_list
 .bss.completed.1
                0x0000000020001604        0x1 /home/fw3/Desktop/SimplicityStudio_v5/developer/toolchains/gnu_arm/12.2.rel1_2023.7/bin/../lib/gcc/arm-none-eabi/12.2.1/thumb/v8-m.main+fp/hard/crtbegin.o
 .bss.rx_buffer_vcom
                0x0000000020001605       0x20 ./autogen/sl_iostream_init_eusart_instances.o
 .bss.initialized
                0x0000000020001625        0x1 ./simplicity_sdk_2024.12.2/platform/emdrv/dmadrv/src/dmadrv.o
 .bss.spidrvIsInitialized
                0x0000000020001626        0x1 ./simplicity_sdk_2024.12.2/platform/emdrv/spidrv/src/spidrv.o
 .bss.uartdrvHandleIsInitialized
                0x0000000020001627        0x1 ./simplicity_sdk_2024.12.2/platform/emdrv/uartdrv/src/uartdrv.o
 .bss.pclkDiv   0x0000000020001628        0x1 ./simplicity_sdk_2024.12.2/platform/emlib/src/em_cmu.o
 .bss.vScaleEM01Config
                0x0000000020001629        0x1 ./simplicity_sdk_2024.12.2/platform/emlib/src/em_emu.o
 .bss.dali_rx_nb_packets
                0x000000002000162a        0x2 ./simplicity_sdk_2024.12.2/platform/emlib/src/em_eusart.o
 .bss.dali_tx_nb_packets
                0x000000002000162c        0x2 ./simplicity_sdk_2024.12.2/platform/emlib/src/em_eusart.o
 .bss.is_interrupt_manager_initialized
                0x000000002000162e        0x1 ./simplicity_sdk_2024.12.2/platform/service/interrupt_manager/src/sl_interrupt_manager_cortexm.o
 .bss.null_byte
                0x000000002000162f        0x1 ./simplicity_sdk_2024.12.2/platform/service/iostream/src/sl_iostream_uart.o
 .bss.sleep_on_isr_exit
                0x0000000020001630        0x1 ./simplicity_sdk_2024.12.2/platform/service/sleeptimer/src/sl_sleeptimer.o
 .bss.next_timer_to_expire_is_power_manager
                0x0000000020001631        0x1 ./simplicity_sdk_2024.12.2/platform/service/sleeptimer/src/sl_sleeptimer.o
 .bss.is_sleeptimer_initialized
                0x0000000020001632        0x1 ./simplicity_sdk_2024.12.2/platform/service/sleeptimer/src/sl_sleeptimer.o
 .bss.__lock___malloc_recursive_mutex
                0x0000000020001633        0x1 /home/fw3/Desktop/SimplicityStudio_v5/developer/toolchains/gnu_arm/12.2.rel1_2023.7/bin/../lib/gcc/arm-none-eabi/12.2.1/../../../../arm-none-eabi/lib/thumb/v8-m.main+fp/hard/libc_nano.a(libc_a-lock.o)
                0x0000000020001633                __lock___malloc_recursive_mutex
 .bss.__lock___sfp_recursive_mutex
                0x0000000020001634        0x1 /home/fw3/Desktop/SimplicityStudio_v5/developer/toolchains/gnu_arm/12.2.rel1_2023.7/bin/../lib/gcc/arm-none-eabi/12.2.1/../../../../arm-none-eabi/lib/thumb/v8-m.main+fp/hard/libc_nano.a(libc_a-lock.o)
                0x0000000020001634                __lock___sfp_recursive_mutex
 *(COMMON)
                0x0000000020001638                . = ALIGN (0x4)
 *fill*         0x0000000020001635        0x3 
                0x0000000020001638                __bss_end__ = .

.noinit         0x0000000020001638        0x0
 *(.noinit*)
                0x0000000020001638                . = ALIGN (0x4)

text_application_ram
                0x0000000020001638        0x0 load address 0x0000000008000170
                0x0000000020001638                . = ALIGN (0x4)
                0x0000000020001638                __vma_ramfuncs_start__ = .
                0x0000000020001638                __text_application_ram_start__ = .
 *(text_application_ram)
                0x0000000020001638                . = ALIGN (0x4)
                0x0000000020001638                __vma_ramfuncs_end__ = .
                0x0000000020001638                __text_application_ram_end__ = .

.rodata         0x0000000008000170        0x0
                0x0000000008000170                __lma_ramfuncs_end__ = .
                0x0000000008000170                __rodata_start__ = .
                0x0000000008000170                __rodata_end__ = .

.text           0x0000000008000170     0x8594
                0x0000000008000170                linker_code_begin = .
 *(SORT_BY_ALIGNMENT(.text*))
 .text          0x0000000008000170        0x8 ./simplicity_sdk_2024.12.2/platform/service/udelay/src/sl_udelay_armv6m_gcc.o
                0x0000000008000170                sli_delay_loop
 .text.deregister_tm_clones
                0x0000000008000178       0x1c /home/fw3/Desktop/SimplicityStudio_v5/developer/toolchains/gnu_arm/12.2.rel1_2023.7/bin/../lib/gcc/arm-none-eabi/12.2.1/thumb/v8-m.main+fp/hard/crtbegin.o
 .text.register_tm_clones
                0x0000000008000194       0x28 /home/fw3/Desktop/SimplicityStudio_v5/developer/toolchains/gnu_arm/12.2.rel1_2023.7/bin/../lib/gcc/arm-none-eabi/12.2.1/thumb/v8-m.main+fp/hard/crtbegin.o
 .text.__do_global_dtors_aux
                0x00000000080001bc       0x28 /home/fw3/Desktop/SimplicityStudio_v5/developer/toolchains/gnu_arm/12.2.rel1_2023.7/bin/../lib/gcc/arm-none-eabi/12.2.1/thumb/v8-m.main+fp/hard/crtbegin.o
 .text.frame_dummy
                0x00000000080001e4       0x24 /home/fw3/Desktop/SimplicityStudio_v5/developer/toolchains/gnu_arm/12.2.rel1_2023.7/bin/../lib/gcc/arm-none-eabi/12.2.1/thumb/v8-m.main+fp/hard/crtbegin.o
 .text          0x0000000008000208       0x7c /home/fw3/Desktop/SimplicityStudio_v5/developer/toolchains/gnu_arm/12.2.rel1_2023.7/bin/../lib/gcc/arm-none-eabi/12.2.1/../../../../arm-none-eabi/lib/thumb/v8-m.main+fp/hard/crt0.o
                0x0000000008000208                _stack_init
                0x0000000008000210                _mainCRTStartup
                0x0000000008000210                _start
 .text.startup.main
                0x0000000008000284       0x78 ./main.o
                0x0000000008000284                main
 .text.sl_i2cspm_init_instances
                0x00000000080002fc       0x1c ./autogen/sl_i2cspm_init.o
                0x00000000080002fc                sl_i2cspm_init_instances
 .text.sl_iostream_set_console_instance
                0x0000000008000318       0x24 ./autogen/sl_iostream_handles.o
                0x0000000008000318                sl_iostream_set_console_instance
 .text.sl_iostream_eusart_init_vcom
                0x000000000800033c       0x90 ./autogen/sl_iostream_init_eusart_instances.o
                0x000000000800033c                sl_iostream_eusart_init_vcom
 .text.EUSART0_RX_IRQHandler
                0x00000000080003cc        0xc ./autogen/sl_iostream_init_eusart_instances.o
                0x00000000080003cc                EUSART0_RX_IRQHandler
 .text.sl_simple_button_init_instances
                0x00000000080003d8       0x1c ./autogen/sl_simple_button_instances.o
                0x00000000080003d8                sl_simple_button_init_instances
 .text.sl_simple_led_init_instances
                0x00000000080003f4        0xc ./autogen/sl_simple_led_instances.o
                0x00000000080003f4                sl_simple_led_init_instances
 .text.sl_spidrv_init_instances
                0x0000000008000400       0x14 ./autogen/sl_spidrv_init.o
                0x0000000008000400                sl_spidrv_init_instances
 .text.sl_uartdrv_set_default
                0x0000000008000414       0x14 ./autogen/sl_uartdrv_init.o
                0x0000000008000414                sl_uartdrv_set_default
 .text.sl_uartdrv_init_instances
                0x0000000008000428       0x20 ./autogen/sl_uartdrv_init.o
                0x0000000008000428                sl_uartdrv_init_instances
 .text.sl_uartdrv_get_default
                0x0000000008000448        0xc ./autogen/sl_uartdrv_init.o
                0x0000000008000448                sl_uartdrv_get_default
 .text.sl_board_init
                0x0000000008000454       0x14 ./simplicity_sdk_2024.12.2/hardware/board/src/sl_board_init.o
                0x0000000008000454                sl_board_init
 .text.sl_board_preinit
                0x0000000008000468        0xc ./simplicity_sdk_2024.12.2/hardware/board/src/sl_board_init.o
                0x0000000008000468                sl_board_preinit
 .text.sl_cos_send_config
                0x0000000008000474       0x58 ./simplicity_sdk_2024.12.2/hardware/driver/configuration_over_swo/src/sl_cos.o
                0x0000000008000474                sl_cos_send_config
 .text.CopyToRam
                0x00000000080004cc       0x1c ./simplicity_sdk_2024.12.2/platform/Device/SiliconLabs/EFR32MG24/Source/startup_efr32mg24.o
                0x00000000080004cc                CopyToRam
 .text.Reset_Handler
                0x00000000080004e8       0x64 ./simplicity_sdk_2024.12.2/platform/Device/SiliconLabs/EFR32MG24/Source/startup_efr32mg24.o
                0x00000000080004e8                Reset_Handler
 .text.SystemInit
                0x000000000800054c       0x64 ./simplicity_sdk_2024.12.2/platform/Device/SiliconLabs/EFR32MG24/Source/system_efr32mg24.o
                0x000000000800054c                SystemInit
 .text.SystemHFRCODPLLClockSet
                0x00000000080005b0        0xc ./simplicity_sdk_2024.12.2/platform/Device/SiliconLabs/EFR32MG24/Source/system_efr32mg24.o
                0x00000000080005b0                SystemHFRCODPLLClockSet
 .text.SystemHFXOClockSet
                0x00000000080005bc       0x20 ./simplicity_sdk_2024.12.2/platform/Device/SiliconLabs/EFR32MG24/Source/system_efr32mg24.o
                0x00000000080005bc                SystemHFXOClockSet
 .text.sl_simple_button_init
                0x00000000080005dc       0x90 ./simplicity_sdk_2024.12.2/platform/driver/button/src/sl_simple_button.o
                0x00000000080005dc                sl_simple_button_init
 .text.sl_debug_swo_init
                0x000000000800066c       0xcc ./simplicity_sdk_2024.12.2/platform/driver/debug/src/sl_debug_swo.o
                0x000000000800066c                sl_debug_swo_init
 .text.sl_debug_swo_write_u8
                0x0000000008000738       0x44 ./simplicity_sdk_2024.12.2/platform/driver/debug/src/sl_debug_swo.o
                0x0000000008000738                sl_debug_swo_write_u8
 .text.sl_gpio_dispatch_interrupt
                0x000000000800077c       0x5c ./simplicity_sdk_2024.12.2/platform/driver/gpio/src/sl_gpio.o
 .text.sl_gpio_init
                0x00000000080007d8       0x38 ./simplicity_sdk_2024.12.2/platform/driver/gpio/src/sl_gpio.o
                0x00000000080007d8                sl_gpio_init
 .text.sl_gpio_set_pin_mode
                0x0000000008000810       0x80 ./simplicity_sdk_2024.12.2/platform/driver/gpio/src/sl_gpio.o
                0x0000000008000810                sl_gpio_set_pin_mode
 .text.sl_gpio_set_pin
                0x0000000008000890       0x58 ./simplicity_sdk_2024.12.2/platform/driver/gpio/src/sl_gpio.o
                0x0000000008000890                sl_gpio_set_pin
 .text.sl_gpio_clear_pin
                0x00000000080008e8       0x58 ./simplicity_sdk_2024.12.2/platform/driver/gpio/src/sl_gpio.o
                0x00000000080008e8                sl_gpio_clear_pin
 .text.sl_gpio_get_pin_output
                0x0000000008000940       0x64 ./simplicity_sdk_2024.12.2/platform/driver/gpio/src/sl_gpio.o
                0x0000000008000940                sl_gpio_get_pin_output
 .text.sl_gpio_get_pin_input
                0x00000000080009a4       0x64 ./simplicity_sdk_2024.12.2/platform/driver/gpio/src/sl_gpio.o
                0x00000000080009a4                sl_gpio_get_pin_input
 .text.sl_gpio_configure_external_interrupt
                0x0000000008000a08       0xe0 ./simplicity_sdk_2024.12.2/platform/driver/gpio/src/sl_gpio.o
                0x0000000008000a08                sl_gpio_configure_external_interrupt
 .text.sl_gpio_deconfigure_external_interrupt
                0x0000000008000ae8       0x4c ./simplicity_sdk_2024.12.2/platform/driver/gpio/src/sl_gpio.o
                0x0000000008000ae8                sl_gpio_deconfigure_external_interrupt
 .text.sl_gpio_configure_wakeup_em4_interrupt
                0x0000000008000b34       0xb8 ./simplicity_sdk_2024.12.2/platform/driver/gpio/src/sl_gpio.o
                0x0000000008000b34                sl_gpio_configure_wakeup_em4_interrupt
 .text.GPIO_EVEN_IRQHandler
                0x0000000008000bec       0x20 ./simplicity_sdk_2024.12.2/platform/driver/gpio/src/sl_gpio.o
                0x0000000008000bec                GPIO_EVEN_IRQHandler
 .text.GPIO_ODD_IRQHandler
                0x0000000008000c0c       0x20 ./simplicity_sdk_2024.12.2/platform/driver/gpio/src/sl_gpio.o
                0x0000000008000c0c                GPIO_ODD_IRQHandler
 .text.I2CSPM_Init
                0x0000000008000c2c       0xd8 ./simplicity_sdk_2024.12.2/platform/driver/i2cspm/src/sl_i2cspm.o
                0x0000000008000c2c                I2CSPM_Init
 .text.I2CSPM_Transfer
                0x0000000008000d04       0x20 ./simplicity_sdk_2024.12.2/platform/driver/i2cspm/src/sl_i2cspm.o
                0x0000000008000d04                I2CSPM_Transfer
 .text.sl_simple_led_init
                0x0000000008000d24       0x34 ./simplicity_sdk_2024.12.2/platform/driver/leddrv/src/sl_simple_led.o
                0x0000000008000d24                sl_simple_led_init
 .text.StartTransfer
                0x0000000008000d58      0x17c ./simplicity_sdk_2024.12.2/platform/emdrv/dmadrv/src/dmadrv.o
 .text.DMADRV_AllocateChannel
                0x0000000008000ed4       0x60 ./simplicity_sdk_2024.12.2/platform/emdrv/dmadrv/src/dmadrv.o
                0x0000000008000ed4                DMADRV_AllocateChannel
 .text.DMADRV_DeInit
                0x0000000008000f34       0x44 ./simplicity_sdk_2024.12.2/platform/emdrv/dmadrv/src/dmadrv.o
                0x0000000008000f34                DMADRV_DeInit
 .text.DMADRV_FreeChannel
                0x0000000008000f78       0x4c ./simplicity_sdk_2024.12.2/platform/emdrv/dmadrv/src/dmadrv.o
                0x0000000008000f78                DMADRV_FreeChannel
 .text.DMADRV_Init
                0x0000000008000fc4       0x68 ./simplicity_sdk_2024.12.2/platform/emdrv/dmadrv/src/dmadrv.o
                0x0000000008000fc4                DMADRV_Init
 .text.DMADRV_LdmaStartTransfer
                0x000000000800102c       0x4c ./simplicity_sdk_2024.12.2/platform/emdrv/dmadrv/src/dmadrv.o
                0x000000000800102c                DMADRV_LdmaStartTransfer
 .text.DMADRV_PauseTransfer
                0x0000000008001078       0x40 ./simplicity_sdk_2024.12.2/platform/emdrv/dmadrv/src/dmadrv.o
                0x0000000008001078                DMADRV_PauseTransfer
 .text.DMADRV_ResumeTransfer
                0x00000000080010b8       0x40 ./simplicity_sdk_2024.12.2/platform/emdrv/dmadrv/src/dmadrv.o
                0x00000000080010b8                DMADRV_ResumeTransfer
 .text.LDMA_IRQHandler
                0x00000000080010f8       0x74 ./simplicity_sdk_2024.12.2/platform/emdrv/dmadrv/src/dmadrv.o
                0x00000000080010f8                LDMA_IRQHandler
 .text.SPIDRV_Init
                0x000000000800116c      0x330 ./simplicity_sdk_2024.12.2/platform/emdrv/spidrv/src/spidrv.o
                0x000000000800116c                SPIDRV_Init
 .text.CheckParams
                0x000000000800149c       0x24 ./simplicity_sdk_2024.12.2/platform/emdrv/uartdrv/src/uartdrv.o
 .text.addHandle
                0x00000000080014c0       0x50 ./simplicity_sdk_2024.12.2/platform/emdrv/uartdrv/src/uartdrv.o
 .text.HwFcManageClearToSend
                0x0000000008001510       0x80 ./simplicity_sdk_2024.12.2/platform/emdrv/uartdrv/src/uartdrv.o
 .text.InitializeDma
                0x0000000008001590       0x2c ./simplicity_sdk_2024.12.2/platform/emdrv/uartdrv/src/uartdrv.o
 .text.EnableTransmitter
                0x00000000080015bc       0x50 ./simplicity_sdk_2024.12.2/platform/emdrv/uartdrv/src/uartdrv.o
 .text.UARTDRV_ForceTransmit
                0x000000000800160c      0x110 ./simplicity_sdk_2024.12.2/platform/emdrv/uartdrv/src/uartdrv.o
                0x000000000800160c                UARTDRV_ForceTransmit
 .text.UARTDRV_PauseTransmit
                0x000000000800171c       0x30 ./simplicity_sdk_2024.12.2/platform/emdrv/uartdrv/src/uartdrv.o
                0x000000000800171c                UARTDRV_PauseTransmit
 .text.UARTDRV_ResumeTransmit
                0x000000000800174c       0x40 ./simplicity_sdk_2024.12.2/platform/emdrv/uartdrv/src/uartdrv.o
                0x000000000800174c                UARTDRV_ResumeTransmit
 .text.InitializeGpioFlowControl
                0x000000000800178c       0x3c ./simplicity_sdk_2024.12.2/platform/emdrv/uartdrv/src/uartdrv.o
 .text.UARTDRV_InitEuart
                0x00000000080017c8      0x1e0 ./simplicity_sdk_2024.12.2/platform/emdrv/uartdrv/src/uartdrv.o
                0x00000000080017c8                UARTDRV_InitEuart
 .text.EMU_VScaleGet
                0x00000000080019a8       0x18 ./simplicity_sdk_2024.12.2/platform/emlib/src/em_cmu.o
 .text.dpllRefClkGet
                0x00000000080019c0       0x48 ./simplicity_sdk_2024.12.2/platform/emlib/src/em_cmu.o
 .text.em23GrpaClkGet
                0x0000000008001a08       0x48 ./simplicity_sdk_2024.12.2/platform/emlib/src/em_cmu.o
 .text.em4GrpaClkGet
                0x0000000008001a50       0x48 ./simplicity_sdk_2024.12.2/platform/emlib/src/em_cmu.o
 .text.sysrtcClkGet
                0x0000000008001a98       0x48 ./simplicity_sdk_2024.12.2/platform/emlib/src/em_cmu.o
 .text.traceClkGet
                0x0000000008001ae0       0x54 ./simplicity_sdk_2024.12.2/platform/emlib/src/em_cmu.o
 .text.em01GrpaClkGet
                0x0000000008001b34       0x74 ./simplicity_sdk_2024.12.2/platform/emlib/src/em_cmu.o
 .text.em01GrpcClkGet
                0x0000000008001ba8       0x70 ./simplicity_sdk_2024.12.2/platform/emlib/src/em_cmu.o
 .text.eusart0ClkGet
                0x0000000008001c18       0x74 ./simplicity_sdk_2024.12.2/platform/emlib/src/em_cmu.o
 .text.iadcClkGet
                0x0000000008001c8c       0x60 ./simplicity_sdk_2024.12.2/platform/emlib/src/em_cmu.o
 .text.wdog0ClkGet
                0x0000000008001cec       0x64 ./simplicity_sdk_2024.12.2/platform/emlib/src/em_cmu.o
 .text.wdog1ClkGet
                0x0000000008001d50       0x64 ./simplicity_sdk_2024.12.2/platform/emlib/src/em_cmu.o
 .text.vdac0ClkGet
                0x0000000008001db4       0x70 ./simplicity_sdk_2024.12.2/platform/emlib/src/em_cmu.o
 .text.vdac1ClkGet
                0x0000000008001e24       0x70 ./simplicity_sdk_2024.12.2/platform/emlib/src/em_cmu.o
 .text.pcnt0ClkGet
                0x0000000008001e94       0x4c ./simplicity_sdk_2024.12.2/platform/emlib/src/em_cmu.o
 .text.HFRCODPLLDevinfoGet
                0x0000000008001ee0      0x108 ./simplicity_sdk_2024.12.2/platform/emlib/src/em_cmu.o
 .text.CMU_ClockDivGet
                0x0000000008001fe8       0x78 ./simplicity_sdk_2024.12.2/platform/emlib/src/em_cmu.o
                0x0000000008001fe8                CMU_ClockDivGet
 .text.flashWaitStateControl
                0x0000000008002060       0x58 ./simplicity_sdk_2024.12.2/platform/emlib/src/em_cmu.o
 .text.CMU_ClockEnable
                0x00000000080020b8       0x50 ./simplicity_sdk_2024.12.2/platform/emlib/src/em_cmu.o
                0x00000000080020b8                CMU_ClockEnable
 .text.CMU_ClockFreqGet
                0x0000000008002108      0x210 ./simplicity_sdk_2024.12.2/platform/emlib/src/em_cmu.o
                0x0000000008002108                CMU_ClockFreqGet
 .text.rhclkPrescOptimize
                0x0000000008002318       0x20 ./simplicity_sdk_2024.12.2/platform/emlib/src/em_cmu.o
 .text.CMU_ClockSelectGet
                0x0000000008002338      0x208 ./simplicity_sdk_2024.12.2/platform/emlib/src/em_cmu.o
                0x0000000008002338                CMU_ClockSelectGet
 .text.sli_em_cmu_SYSTICEXTCLKENClear
                0x0000000008002540       0x30 ./simplicity_sdk_2024.12.2/platform/emlib/src/em_cmu.o
                0x0000000008002540                sli_em_cmu_SYSTICEXTCLKENClear
 .text.CMU_HFXOInit
                0x0000000008002570      0x224 ./simplicity_sdk_2024.12.2/platform/emlib/src/em_cmu.o
                0x0000000008002570                CMU_HFXOInit
 .text.CMU_HFXOCTuneDeltaGet
                0x0000000008002794        0xc ./simplicity_sdk_2024.12.2/platform/emlib/src/em_cmu.o
                0x0000000008002794                CMU_HFXOCTuneDeltaGet
 .text.CMU_LFXOInit
                0x00000000080027a0       0xc4 ./simplicity_sdk_2024.12.2/platform/emlib/src/em_cmu.o
                0x00000000080027a0                CMU_LFXOInit
 .text.CMU_LFXOPrecisionSet
                0x0000000008002864        0xc ./simplicity_sdk_2024.12.2/platform/emlib/src/em_cmu.o
                0x0000000008002864                CMU_LFXOPrecisionSet
 .text.CMU_HFXOPrecisionSet
                0x0000000008002870        0xc ./simplicity_sdk_2024.12.2/platform/emlib/src/em_cmu.o
                0x0000000008002870                CMU_HFXOPrecisionSet
 .text.CMU_LFRCOSetPrecision
                0x000000000800287c       0x80 ./simplicity_sdk_2024.12.2/platform/emlib/src/em_cmu.o
                0x000000000800287c                CMU_LFRCOSetPrecision
 .text.CMU_ClockDivSet
                0x00000000080028fc      0x12c ./simplicity_sdk_2024.12.2/platform/emlib/src/em_cmu.o
                0x00000000080028fc                CMU_ClockDivSet
 .text.sli_em_cmu_SYSCLKInitPreClockSelect
                0x0000000008002a28       0x30 ./simplicity_sdk_2024.12.2/platform/emlib/src/em_cmu.o
                0x0000000008002a28                sli_em_cmu_SYSCLKInitPreClockSelect
 .text.pclkDivOptimize
                0x0000000008002a58       0x24 ./simplicity_sdk_2024.12.2/platform/emlib/src/em_cmu.o
 .text.sli_em_cmu_SYSCLKInitPostClockSelect
                0x0000000008002a7c       0x40 ./simplicity_sdk_2024.12.2/platform/emlib/src/em_cmu.o
                0x0000000008002a7c                sli_em_cmu_SYSCLKInitPostClockSelect
 .text.CMU_HFRCODPLLBandSet
                0x0000000008002abc      0x11c ./simplicity_sdk_2024.12.2/platform/emlib/src/em_cmu.o
                0x0000000008002abc                CMU_HFRCODPLLBandSet
 .text.CMU_HFRCOEM23BandSet
                0x0000000008002bd8      0x168 ./simplicity_sdk_2024.12.2/platform/emlib/src/em_cmu.o
                0x0000000008002bd8                CMU_HFRCOEM23BandSet
 .text.EMU_DCDCSync
                0x0000000008002d40       0x10 ./simplicity_sdk_2024.12.2/platform/emlib/src/em_emu.o
 .text.EMU_EM4Init
                0x0000000008002d50       0x14 ./simplicity_sdk_2024.12.2/platform/emlib/src/em_emu.o
                0x0000000008002d50                EMU_EM4Init
 .text.EMU_VScaleEM01
                0x0000000008002d64       0xa8 ./simplicity_sdk_2024.12.2/platform/emlib/src/em_emu.o
                0x0000000008002d64                EMU_VScaleEM01
 .text.EMU_VScaleEM01ByClock
                0x0000000008002e0c       0x30 ./simplicity_sdk_2024.12.2/platform/emlib/src/em_emu.o
                0x0000000008002e0c                EMU_VScaleEM01ByClock
 .text.EMU_DCDCModeSet
                0x0000000008002e3c       0xac ./simplicity_sdk_2024.12.2/platform/emlib/src/em_emu.o
                0x0000000008002e3c                EMU_DCDCModeSet
 .text.EMU_DCDCInit
                0x0000000008002ee8       0x70 ./simplicity_sdk_2024.12.2/platform/emlib/src/em_emu.o
                0x0000000008002ee8                EMU_DCDCInit
 .text.EMU_DCDCSetPFMXModePeakCurrent
                0x0000000008002f58       0x6c ./simplicity_sdk_2024.12.2/platform/emlib/src/em_emu.o
                0x0000000008002f58                EMU_DCDCSetPFMXModePeakCurrent
 .text.EUSART_Reset
                0x0000000008002fc4       0x54 ./simplicity_sdk_2024.12.2/platform/emlib/src/em_eusart.o
                0x0000000008002fc4                EUSART_Reset
 .text.EUSART_Enable
                0x0000000008003018       0x6c ./simplicity_sdk_2024.12.2/platform/emlib/src/em_eusart.o
                0x0000000008003018                EUSART_Enable
 .text.EUSART_BaudrateSet
                0x0000000008003084      0x1cc ./simplicity_sdk_2024.12.2/platform/emlib/src/em_eusart.o
                0x0000000008003084                EUSART_BaudrateSet
 .text.EUSART_AsyncInitCommon
                0x0000000008003250      0x23c ./simplicity_sdk_2024.12.2/platform/emlib/src/em_eusart.o
 .text.EUSART_UartInitHf
                0x000000000800348c       0x5c ./simplicity_sdk_2024.12.2/platform/emlib/src/em_eusart.o
                0x000000000800348c                EUSART_UartInitHf
 .text.EUSART_UartInitLf
                0x00000000080034e8       0xb8 ./simplicity_sdk_2024.12.2/platform/emlib/src/em_eusart.o
                0x00000000080034e8                EUSART_UartInitLf
 .text.EUSART_SpiInit
                0x00000000080035a0      0x20c ./simplicity_sdk_2024.12.2/platform/emlib/src/em_eusart.o
                0x00000000080035a0                EUSART_SpiInit
 .text.EUSART_BaudrateGet
                0x00000000080037ac       0xf0 ./simplicity_sdk_2024.12.2/platform/emlib/src/em_eusart.o
                0x00000000080037ac                EUSART_BaudrateGet
 .text.GPIO_PinOutSet
                0x000000000800389c       0x3c ./simplicity_sdk_2024.12.2/platform/emlib/src/em_gpio.o
 .text.GPIO_PinOutClear
                0x00000000080038d8       0x3c ./simplicity_sdk_2024.12.2/platform/emlib/src/em_gpio.o
 .text.GPIO_PinModeSet
                0x0000000008003914       0x94 ./simplicity_sdk_2024.12.2/platform/emlib/src/em_gpio.o
                0x0000000008003914                GPIO_PinModeSet
 .text.I2C_BusFreqSet
                0x00000000080039a8      0x108 ./simplicity_sdk_2024.12.2/platform/emlib/src/em_i2c.o
                0x00000000080039a8                I2C_BusFreqSet
 .text.I2C_Enable
                0x0000000008003ab0       0x38 ./simplicity_sdk_2024.12.2/platform/emlib/src/em_i2c.o
                0x0000000008003ab0                I2C_Enable
 .text.I2C_Init
                0x0000000008003ae8       0x64 ./simplicity_sdk_2024.12.2/platform/emlib/src/em_i2c.o
                0x0000000008003ae8                I2C_Init
 .text.I2C_Transfer
                0x0000000008003b4c      0x224 ./simplicity_sdk_2024.12.2/platform/emlib/src/em_i2c.o
                0x0000000008003b4c                I2C_Transfer
 .text.I2C_TransferInit
                0x0000000008003d70       0xbc ./simplicity_sdk_2024.12.2/platform/emlib/src/em_i2c.o
                0x0000000008003d70                I2C_TransferInit
 .text.LDMA_DeInit
                0x0000000008003e2c       0x2c ./simplicity_sdk_2024.12.2/platform/emlib/src/em_ldma.o
                0x0000000008003e2c                LDMA_DeInit
 .text.LDMA_EnableChannelRequest
                0x0000000008003e58       0x40 ./simplicity_sdk_2024.12.2/platform/emlib/src/em_ldma.o
                0x0000000008003e58                LDMA_EnableChannelRequest
 .text.LDMA_Init
                0x0000000008003e98       0x90 ./simplicity_sdk_2024.12.2/platform/emlib/src/em_ldma.o
                0x0000000008003e98                LDMA_Init
 .text.LDMA_StartTransfer
                0x0000000008003f28      0x104 ./simplicity_sdk_2024.12.2/platform/emlib/src/em_ldma.o
                0x0000000008003f28                LDMA_StartTransfer
 .text.LDMA_StopTransfer
                0x000000000800402c       0x38 ./simplicity_sdk_2024.12.2/platform/emlib/src/em_ldma.o
                0x000000000800402c                LDMA_StopTransfer
 .text.LDMA_TransferDone
                0x0000000008004064       0x44 ./simplicity_sdk_2024.12.2/platform/emlib/src/em_ldma.o
                0x0000000008004064                LDMA_TransferDone
 .text.LDMA_TransferRemainingCount
                0x00000000080040a8       0x44 ./simplicity_sdk_2024.12.2/platform/emlib/src/em_ldma.o
                0x00000000080040a8                LDMA_TransferRemainingCount
 .text.USART_BaudrateSyncSet
                0x00000000080040ec       0x48 ./simplicity_sdk_2024.12.2/platform/emlib/src/em_usart.o
                0x00000000080040ec                USART_BaudrateSyncSet
 .text.USART_Reset
                0x0000000008004134       0x58 ./simplicity_sdk_2024.12.2/platform/emlib/src/em_usart.o
                0x0000000008004134                USART_Reset
 .text.USART_InitSync
                0x000000000800418c       0xb0 ./simplicity_sdk_2024.12.2/platform/emlib/src/em_usart.o
                0x000000000800418c                USART_InitSync
 .text.sl_hal_gpio_clear_pin
                0x000000000800423c       0x54 ./simplicity_sdk_2024.12.2/platform/peripheral/src/sl_hal_gpio.o
                0x000000000800423c                sl_hal_gpio_clear_pin
 .text.sl_hal_gpio_get_pin_input
                0x0000000008004290       0x58 ./simplicity_sdk_2024.12.2/platform/peripheral/src/sl_hal_gpio.o
                0x0000000008004290                sl_hal_gpio_get_pin_input
 .text.sl_hal_gpio_get_pin_output
                0x00000000080042e8       0x58 ./simplicity_sdk_2024.12.2/platform/peripheral/src/sl_hal_gpio.o
                0x00000000080042e8                sl_hal_gpio_get_pin_output
 .text.sl_hal_gpio_get_enabled_pending_interrupts
                0x0000000008004340       0x14 ./simplicity_sdk_2024.12.2/platform/peripheral/src/sl_hal_gpio.o
                0x0000000008004340                sl_hal_gpio_get_enabled_pending_interrupts
 .text.sl_hal_gpio_get_em4_interrupt_number
                0x0000000008004354       0x80 ./simplicity_sdk_2024.12.2/platform/peripheral/src/sl_hal_gpio.o
                0x0000000008004354                sl_hal_gpio_get_em4_interrupt_number
 .text.sl_hal_gpio_set_pin_em4_retention
                0x00000000080043d4       0x20 ./simplicity_sdk_2024.12.2/platform/peripheral/src/sl_hal_gpio.o
                0x00000000080043d4                sl_hal_gpio_set_pin_em4_retention
 .text.sl_hal_gpio_set_pin_mode
                0x00000000080043f4       0xd0 ./simplicity_sdk_2024.12.2/platform/peripheral/src/sl_hal_gpio.o
                0x00000000080043f4                sl_hal_gpio_set_pin_mode
 .text.sl_hal_gpio_configure_external_interrupt
                0x00000000080044c4      0x178 ./simplicity_sdk_2024.12.2/platform/peripheral/src/sl_hal_gpio.o
                0x00000000080044c4                sl_hal_gpio_configure_external_interrupt
 .text.sl_hal_gpio_enable_pin_em4_wakeup
                0x000000000800463c       0x68 ./simplicity_sdk_2024.12.2/platform/peripheral/src/sl_hal_gpio.o
                0x000000000800463c                sl_hal_gpio_enable_pin_em4_wakeup
 .text.sl_hal_gpio_configure_wakeup_em4_external_interrupt
                0x00000000080046a4       0x8c ./simplicity_sdk_2024.12.2/platform/peripheral/src/sl_hal_gpio.o
                0x00000000080046a4                sl_hal_gpio_configure_wakeup_em4_external_interrupt
 .text.sl_hal_sysrtc_wait_ready
                0x0000000008004730       0x1c ./simplicity_sdk_2024.12.2/platform/peripheral/src/sl_hal_sysrtc.o
                0x0000000008004730                sl_hal_sysrtc_wait_ready
 .text.sl_hal_sysrtc_stop
                0x000000000800474c       0x14 ./simplicity_sdk_2024.12.2/platform/peripheral/src/sl_hal_sysrtc.o
                0x000000000800474c                sl_hal_sysrtc_stop
 .text.sl_hal_sysrtc_enable
                0x0000000008004760       0x18 ./simplicity_sdk_2024.12.2/platform/peripheral/src/sl_hal_sysrtc.o
                0x0000000008004760                sl_hal_sysrtc_enable
 .text.sl_hal_sysrtc_disable
                0x0000000008004778       0x1c ./simplicity_sdk_2024.12.2/platform/peripheral/src/sl_hal_sysrtc.o
                0x0000000008004778                sl_hal_sysrtc_disable
 .text.sl_hal_sysrtc_init
                0x0000000008004794       0x20 ./simplicity_sdk_2024.12.2/platform/peripheral/src/sl_hal_sysrtc.o
                0x0000000008004794                sl_hal_sysrtc_init
 .text.sl_hal_sysrtc_init_group
                0x00000000080047b4       0x48 ./simplicity_sdk_2024.12.2/platform/peripheral/src/sl_hal_sysrtc.o
                0x00000000080047b4                sl_hal_sysrtc_init_group
 .text.sli_clock_manager_hal_enable_bus_clock
                0x00000000080047fc       0x54 ./simplicity_sdk_2024.12.2/platform/service/clock_manager/src/sl_clock_manager_hal_s2.o
                0x00000000080047fc                sli_clock_manager_hal_enable_bus_clock
 .text.sli_clock_manager_hal_init
                0x0000000008004850      0x250 ./simplicity_sdk_2024.12.2/platform/service/clock_manager/src/sl_clock_manager_init_hal_s2.o
                0x0000000008004850                sli_clock_manager_hal_init
 .text.sl_device_init_dcdc
                0x0000000008004aa0       0x2c ./simplicity_sdk_2024.12.2/platform/service/device_init/src/sl_device_init_dcdc_s2.o
                0x0000000008004aa0                sl_device_init_dcdc
 .text.sl_device_init_emu
                0x0000000008004acc       0x24 ./simplicity_sdk_2024.12.2/platform/service/device_init/src/sl_device_init_emu_s2.o
                0x0000000008004acc                sl_device_init_emu
 .text.get_priority
                0x0000000008004af0       0x24 ./simplicity_sdk_2024.12.2/platform/service/interrupt_manager/src/sl_interrupt_manager_cortexm.o
 .text.sl_interrupt_manager_disable_irq
                0x0000000008004b14       0x3c ./simplicity_sdk_2024.12.2/platform/service/interrupt_manager/src/sl_interrupt_manager_cortexm.o
                0x0000000008004b14                sl_interrupt_manager_disable_irq
 .text.sl_interrupt_manager_enable_irq
                0x0000000008004b50       0x34 ./simplicity_sdk_2024.12.2/platform/service/interrupt_manager/src/sl_interrupt_manager_cortexm.o
                0x0000000008004b50                sl_interrupt_manager_enable_irq
 .text.sl_interrupt_manager_is_irq_disabled
                0x0000000008004b84       0x30 ./simplicity_sdk_2024.12.2/platform/service/interrupt_manager/src/sl_interrupt_manager_cortexm.o
                0x0000000008004b84                sl_interrupt_manager_is_irq_disabled
 .text.sl_interrupt_manager_is_irq_blocked
                0x0000000008004bb4       0x68 ./simplicity_sdk_2024.12.2/platform/service/interrupt_manager/src/sl_interrupt_manager_cortexm.o
                0x0000000008004bb4                sl_interrupt_manager_is_irq_blocked
 .text.sl_interrupt_manager_clear_irq_pending
                0x0000000008004c1c       0x1c ./simplicity_sdk_2024.12.2/platform/service/interrupt_manager/src/sl_interrupt_manager_cortexm.o
                0x0000000008004c1c                sl_interrupt_manager_clear_irq_pending
 .text.sl_interrupt_manager_set_irq_priority
                0x0000000008004c38       0x50 ./simplicity_sdk_2024.12.2/platform/service/interrupt_manager/src/sl_interrupt_manager_cortexm.o
                0x0000000008004c38                sl_interrupt_manager_set_irq_priority
 .text.sl_interrupt_manager_init
                0x0000000008004c88       0x34 ./simplicity_sdk_2024.12.2/platform/service/interrupt_manager/src/sl_interrupt_manager_cortexm.o
                0x0000000008004c88                sl_interrupt_manager_init
 .text.sl_iostream_set_default
                0x0000000008004cbc       0x18 ./simplicity_sdk_2024.12.2/platform/service/iostream/src/sl_iostream.o
                0x0000000008004cbc                sl_iostream_set_default
 .text.sl_iostream_get_default
                0x0000000008004cd4       0x18 ./simplicity_sdk_2024.12.2/platform/service/iostream/src/sl_iostream.o
                0x0000000008004cd4                sl_iostream_get_default
 .text.sl_iostream_eusart_init
                0x0000000008004cec      0x240 ./simplicity_sdk_2024.12.2/platform/service/iostream/src/sl_iostream_eusart.o
                0x0000000008004cec                sl_iostream_eusart_init
 .text.sl_iostream_eusart_irq_handler
                0x0000000008004f2c       0x10 ./simplicity_sdk_2024.12.2/platform/service/iostream/src/sl_iostream_eusart.o
                0x0000000008004f2c                sl_iostream_eusart_irq_handler
 .text._write   0x0000000008004f3c       0x20 ./simplicity_sdk_2024.12.2/platform/service/iostream/src/sl_iostream_retarget_stdio.o
                0x0000000008004f3c                _write
 .text.__rx_buffer_empty
                0x0000000008004f5c       0x34 ./simplicity_sdk_2024.12.2/platform/service/iostream/src/sl_iostream_uart.o
 .text.__get_write_ptr
                0x0000000008004f90       0x60 ./simplicity_sdk_2024.12.2/platform/service/iostream/src/sl_iostream_uart.o
 .text.uart_deinit
                0x0000000008004ff0       0x7c ./simplicity_sdk_2024.12.2/platform/service/iostream/src/sl_iostream_uart.o
 .text.set_new_data_detect
                0x000000000800506c      0x14c ./simplicity_sdk_2024.12.2/platform/service/iostream/src/sl_iostream_uart.o
 .text.rx_buffer_empty
                0x00000000080051b8       0x38 ./simplicity_sdk_2024.12.2/platform/service/iostream/src/sl_iostream_uart.o
 .text.uart_read
                0x00000000080051f0      0x268 ./simplicity_sdk_2024.12.2/platform/service/iostream/src/sl_iostream_uart.o
 .text.uart_write
                0x0000000008005458       0xc4 ./simplicity_sdk_2024.12.2/platform/service/iostream/src/sl_iostream_uart.o
 .text.sli_iostream_uart_context_init
                0x000000000800551c       0xf8 ./simplicity_sdk_2024.12.2/platform/service/iostream/src/sl_iostream_uart.o
                0x000000000800551c                sli_iostream_uart_context_init
 .text._sbrk    0x0000000008005614       0x20 ./simplicity_sdk_2024.12.2/platform/service/memory_manager/src/sl_memory_manager_region.o
                0x0000000008005614                _sbrk
 .text.sl_sleeptimer_init
                0x0000000008005634       0x74 ./simplicity_sdk_2024.12.2/platform/service/sleeptimer/src/sl_sleeptimer.o
                0x0000000008005634                sl_sleeptimer_init
 .text.sl_sleeptimer_delay_millisecond
                0x00000000080056a8       0x38 ./simplicity_sdk_2024.12.2/platform/service/sleeptimer/src/sl_sleeptimer.o
                0x00000000080056a8                sl_sleeptimer_delay_millisecond
 .text.sleeptimer_hal_init_timer
                0x00000000080056e0       0x6c ./simplicity_sdk_2024.12.2/platform/service/sleeptimer/src/sl_sleeptimer_hal_sysrtc.o
                0x00000000080056e0                sleeptimer_hal_init_timer
 .text.sl_udelay_wait
                0x000000000800574c       0x58 ./simplicity_sdk_2024.12.2/platform/service/udelay/src/sl_udelay.o
                0x000000000800574c                sl_udelay_wait
 .text._ZL11sensor_readhPht
                0x00000000080057a4       0x44 ./src/co2_sensor.o
 .text._ZL12sensor_writePht.isra.0
                0x00000000080057e8       0x30 ./src/co2_sensor.o
 .text._Z8co2_initv
                0x0000000008005818       0x54 ./src/co2_sensor.o
                0x0000000008005818                co2_init()
 .text._Z13co2_calibratet
                0x000000000800586c       0x60 ./src/co2_sensor.o
                0x000000000800586c                co2_calibrate(unsigned short)
 .text          0x00000000080058cc       0x30 /home/fw3/Desktop/SimplicityStudio_v5/developer/toolchains/gnu_arm/12.2.rel1_2023.7/bin/../lib/gcc/arm-none-eabi/12.2.1/thumb/v8-m.main+fp/hard/libgcc.a(_aeabi_uldivmod.o)
                0x00000000080058cc                __aeabi_uldivmod
 .text.__udivmoddi4
                0x00000000080058fc      0x2ec /home/fw3/Desktop/SimplicityStudio_v5/developer/toolchains/gnu_arm/12.2.rel1_2023.7/bin/../lib/gcc/arm-none-eabi/12.2.1/thumb/v8-m.main+fp/hard/libgcc.a(_udivmoddi4.o)
                0x00000000080058fc                __udivmoddi4
 .text          0x0000000008005be8        0x4 /home/fw3/Desktop/SimplicityStudio_v5/developer/toolchains/gnu_arm/12.2.rel1_2023.7/bin/../lib/gcc/arm-none-eabi/12.2.1/thumb/v8-m.main+fp/hard/libgcc.a(_dvmd_tls.o)
                0x0000000008005be8                __aeabi_ldiv0
                0x0000000008005be8                __aeabi_idiv0
 .text.exit     0x0000000008005bec       0x24 /home/fw3/Desktop/SimplicityStudio_v5/developer/toolchains/gnu_arm/12.2.rel1_2023.7/bin/../lib/gcc/arm-none-eabi/12.2.1/../../../../arm-none-eabi/lib/thumb/v8-m.main+fp/hard/libc_nano.a(libc_a-exit.o)
                0x0000000008005bec                exit
 .text.__libc_init_array
                0x0000000008005c10       0x48 /home/fw3/Desktop/SimplicityStudio_v5/developer/toolchains/gnu_arm/12.2.rel1_2023.7/bin/../lib/gcc/arm-none-eabi/12.2.1/../../../../arm-none-eabi/lib/thumb/v8-m.main+fp/hard/libc_nano.a(libc_a-init.o)
                0x0000000008005c10                __libc_init_array
 .text.printf   0x0000000008005c58       0x24 /home/fw3/Desktop/SimplicityStudio_v5/developer/toolchains/gnu_arm/12.2.rel1_2023.7/bin/../lib/gcc/arm-none-eabi/12.2.1/../../../../arm-none-eabi/lib/thumb/v8-m.main+fp/hard/libc_nano.a(libc_a-printf.o)
                0x0000000008005c58                printf
                0x0000000008005c58                iprintf
 .text._vfprintf_r
                0x0000000008005c7c      0x230 /home/fw3/Desktop/SimplicityStudio_v5/developer/toolchains/gnu_arm/12.2.rel1_2023.7/bin/../lib/gcc/arm-none-eabi/12.2.1/../../../../arm-none-eabi/lib/thumb/v8-m.main+fp/hard/libc_nano.a(libc_a-nano-vfprintf.o)
                0x0000000008005c7c                _vfiprintf_r
                0x0000000008005c7c                _vfprintf_r
 .text.__swsetup_r
                0x0000000008005eac       0xac /home/fw3/Desktop/SimplicityStudio_v5/developer/toolchains/gnu_arm/12.2.rel1_2023.7/bin/../lib/gcc/arm-none-eabi/12.2.1/../../../../arm-none-eabi/lib/thumb/v8-m.main+fp/hard/libc_nano.a(libc_a-wsetup.o)
                0x0000000008005eac                __swsetup_r
 .text._printf_i
                0x0000000008005f58      0x258 /home/fw3/Desktop/SimplicityStudio_v5/developer/toolchains/gnu_arm/12.2.rel1_2023.7/bin/../lib/gcc/arm-none-eabi/12.2.1/../../../../arm-none-eabi/lib/thumb/v8-m.main+fp/hard/libc_nano.a(libc_a-nano-vfprintf_i.o)
                0x0000000008005f58                _printf_i
 .text.std      0x00000000080061b0       0x6c /home/fw3/Desktop/SimplicityStudio_v5/developer/toolchains/gnu_arm/12.2.rel1_2023.7/bin/../lib/gcc/arm-none-eabi/12.2.1/../../../../arm-none-eabi/lib/thumb/v8-m.main+fp/hard/libc_nano.a(libc_a-findfp.o)
 .text.stdio_exit_handler
                0x000000000800621c       0x18 /home/fw3/Desktop/SimplicityStudio_v5/developer/toolchains/gnu_arm/12.2.rel1_2023.7/bin/../lib/gcc/arm-none-eabi/12.2.1/../../../../arm-none-eabi/lib/thumb/v8-m.main+fp/hard/libc_nano.a(libc_a-findfp.o)
 .text.cleanup_stdio
                0x0000000008006234       0x40 /home/fw3/Desktop/SimplicityStudio_v5/developer/toolchains/gnu_arm/12.2.rel1_2023.7/bin/../lib/gcc/arm-none-eabi/12.2.1/../../../../arm-none-eabi/lib/thumb/v8-m.main+fp/hard/libc_nano.a(libc_a-findfp.o)
 .text.global_stdio_init.part.0
                0x0000000008006274       0x3c /home/fw3/Desktop/SimplicityStudio_v5/developer/toolchains/gnu_arm/12.2.rel1_2023.7/bin/../lib/gcc/arm-none-eabi/12.2.1/../../../../arm-none-eabi/lib/thumb/v8-m.main+fp/hard/libc_nano.a(libc_a-findfp.o)
 .text.__sfp_lock_acquire
                0x00000000080062b0        0xc /home/fw3/Desktop/SimplicityStudio_v5/developer/toolchains/gnu_arm/12.2.rel1_2023.7/bin/../lib/gcc/arm-none-eabi/12.2.1/../../../../arm-none-eabi/lib/thumb/v8-m.main+fp/hard/libc_nano.a(libc_a-findfp.o)
                0x00000000080062b0                __sfp_lock_acquire
 .text.__sfp_lock_release
                0x00000000080062bc        0xc /home/fw3/Desktop/SimplicityStudio_v5/developer/toolchains/gnu_arm/12.2.rel1_2023.7/bin/../lib/gcc/arm-none-eabi/12.2.1/../../../../arm-none-eabi/lib/thumb/v8-m.main+fp/hard/libc_nano.a(libc_a-findfp.o)
                0x00000000080062bc                __sfp_lock_release
 .text.__sinit  0x00000000080062c8       0x30 /home/fw3/Desktop/SimplicityStudio_v5/developer/toolchains/gnu_arm/12.2.rel1_2023.7/bin/../lib/gcc/arm-none-eabi/12.2.1/../../../../arm-none-eabi/lib/thumb/v8-m.main+fp/hard/libc_nano.a(libc_a-findfp.o)
                0x00000000080062c8                __sinit
 .text._write_r
                0x00000000080062f8       0x24 /home/fw3/Desktop/SimplicityStudio_v5/developer/toolchains/gnu_arm/12.2.rel1_2023.7/bin/../lib/gcc/arm-none-eabi/12.2.1/../../../../arm-none-eabi/lib/thumb/v8-m.main+fp/hard/libc_nano.a(libc_a-writer.o)
                0x00000000080062f8                _write_r
 .text._free_r  0x000000000800631c       0x94 /home/fw3/Desktop/SimplicityStudio_v5/developer/toolchains/gnu_arm/12.2.rel1_2023.7/bin/../lib/gcc/arm-none-eabi/12.2.1/../../../../arm-none-eabi/lib/thumb/v8-m.main+fp/hard/libc_nano.a(libc_a-freer.o)
                0x000000000800631c                _free_r
 .text._close_r
                0x00000000080063b0       0x20 /home/fw3/Desktop/SimplicityStudio_v5/developer/toolchains/gnu_arm/12.2.rel1_2023.7/bin/../lib/gcc/arm-none-eabi/12.2.1/../../../../arm-none-eabi/lib/thumb/v8-m.main+fp/hard/libc_nano.a(libc_a-closer.o)
                0x00000000080063b0                _close_r
 .text.sbrk_aligned
                0x00000000080063d0       0x44 /home/fw3/Desktop/SimplicityStudio_v5/developer/toolchains/gnu_arm/12.2.rel1_2023.7/bin/../lib/gcc/arm-none-eabi/12.2.1/../../../../arm-none-eabi/lib/thumb/v8-m.main+fp/hard/libc_nano.a(libc_a-mallocr.o)
 .text._malloc_r
                0x0000000008006414       0xf0 /home/fw3/Desktop/SimplicityStudio_v5/developer/toolchains/gnu_arm/12.2.rel1_2023.7/bin/../lib/gcc/arm-none-eabi/12.2.1/../../../../arm-none-eabi/lib/thumb/v8-m.main+fp/hard/libc_nano.a(libc_a-mallocr.o)
                0x0000000008006414                _malloc_r
 .text._fstat_r
                0x0000000008006504       0x24 /home/fw3/Desktop/SimplicityStudio_v5/developer/toolchains/gnu_arm/12.2.rel1_2023.7/bin/../lib/gcc/arm-none-eabi/12.2.1/../../../../arm-none-eabi/lib/thumb/v8-m.main+fp/hard/libc_nano.a(libc_a-fstatr.o)
                0x0000000008006504                _fstat_r
 .text._isatty_r
                0x0000000008006528       0x20 /home/fw3/Desktop/SimplicityStudio_v5/developer/toolchains/gnu_arm/12.2.rel1_2023.7/bin/../lib/gcc/arm-none-eabi/12.2.1/../../../../arm-none-eabi/lib/thumb/v8-m.main+fp/hard/libc_nano.a(libc_a-isattyr.o)
                0x0000000008006528                _isatty_r
 .text._lseek_r
                0x0000000008006548       0x24 /home/fw3/Desktop/SimplicityStudio_v5/developer/toolchains/gnu_arm/12.2.rel1_2023.7/bin/../lib/gcc/arm-none-eabi/12.2.1/../../../../arm-none-eabi/lib/thumb/v8-m.main+fp/hard/libc_nano.a(libc_a-lseekr.o)
                0x0000000008006548                _lseek_r
 .text._read_r  0x000000000800656c       0x24 /home/fw3/Desktop/SimplicityStudio_v5/developer/toolchains/gnu_arm/12.2.rel1_2023.7/bin/../lib/gcc/arm-none-eabi/12.2.1/../../../../arm-none-eabi/lib/thumb/v8-m.main+fp/hard/libc_nano.a(libc_a-readr.o)
                0x000000000800656c                _read_r
 .text.__malloc_lock
                0x0000000008006590        0xc /home/fw3/Desktop/SimplicityStudio_v5/developer/toolchains/gnu_arm/12.2.rel1_2023.7/bin/../lib/gcc/arm-none-eabi/12.2.1/../../../../arm-none-eabi/lib/thumb/v8-m.main+fp/hard/libc_nano.a(libc_a-mlock.o)
                0x0000000008006590                __malloc_lock
 .text.__malloc_unlock
                0x000000000800659c        0xc /home/fw3/Desktop/SimplicityStudio_v5/developer/toolchains/gnu_arm/12.2.rel1_2023.7/bin/../lib/gcc/arm-none-eabi/12.2.1/../../../../arm-none-eabi/lib/thumb/v8-m.main+fp/hard/libc_nano.a(libc_a-mlock.o)
                0x000000000800659c                __malloc_unlock
 .text._sbrk_r  0x00000000080065a8       0x20 /home/fw3/Desktop/SimplicityStudio_v5/developer/toolchains/gnu_arm/12.2.rel1_2023.7/bin/../lib/gcc/arm-none-eabi/12.2.1/../../../../arm-none-eabi/lib/thumb/v8-m.main+fp/hard/libc_nano.a(libc_a-sbrkr.o)
                0x00000000080065a8                _sbrk_r
 .text.sl_board_default_init
                0x00000000080065c8        0x2 ./autogen/sl_board_default_init.o
                0x00000000080065c8                sl_board_default_init
 .text.sl_platform_init
                0x00000000080065ca       0x22 ./autogen/sl_event_handler.o
                0x00000000080065ca                sl_platform_init
 .text.sl_driver_init
                0x00000000080065ec       0x2a ./autogen/sl_event_handler.o
                0x00000000080065ec                sl_driver_init
 .text.sl_stack_init
                0x0000000008006616        0x2 ./autogen/sl_event_handler.o
                0x0000000008006616                sl_stack_init
 .text.sl_internal_app_init
                0x0000000008006618        0x2 ./autogen/sl_event_handler.o
                0x0000000008006618                sl_internal_app_init
 .text.sl_iostream_init_instances
                0x000000000800661a        0xe ./autogen/sl_event_handler.o
                0x000000000800661a                sl_iostream_init_instances
 .text.sl_service_init
                0x0000000008006628       0x12 ./autogen/sl_event_handler.o
                0x0000000008006628                sl_service_init
 .text.sl_iostream_eusart_init_instances
                0x000000000800663a        0x4 ./autogen/sl_iostream_init_eusart_instances.o
                0x000000000800663a                sl_iostream_eusart_init_instances
 .text.EUSART0_TX_IRQHandler
                0x000000000800663e        0x4 ./autogen/sl_iostream_init_eusart_instances.o
                0x000000000800663e                EUSART0_TX_IRQHandler
 .text.sl_board_configure_vcom
                0x0000000008006642        0x4 ./simplicity_sdk_2024.12.2/hardware/board/src/sl_board_control_gpio.o
                0x0000000008006642                sl_board_configure_vcom
 .text.sli_cos_swo_itm_8_write.constprop.0.isra.0
                0x0000000008006646       0x78 ./simplicity_sdk_2024.12.2/hardware/driver/configuration_over_swo/src/sl_cos.o
 .text.sl_cos_config_vcom
                0x00000000080066be       0x1e ./simplicity_sdk_2024.12.2/hardware/driver/configuration_over_swo/src/sl_cos.o
                0x00000000080066be                sl_cos_config_vcom
 .text.Default_Handler
                0x00000000080066dc        0x2 ./simplicity_sdk_2024.12.2/platform/Device/SiliconLabs/EFR32MG24/Source/startup_efr32mg24.o
                0x00000000080066dc                ULFRCO_IRQHandler
                0x00000000080066dc                AHB2AHB1_IRQHandler
                0x00000000080066dc                SW2_IRQHandler
                0x00000000080066dc                TIMER2_IRQHandler
                0x00000000080066dc                DebugMon_Handler
                0x00000000080066dc                USART0_TX_IRQHandler
                0x00000000080066dc                IADC_IRQHandler
                0x00000000080066dc                I2C0_IRQHandler
                0x00000000080066dc                LFXO_IRQHandler
                0x00000000080066dc                HardFault_Handler
                0x00000000080066dc                SMU_SECURE_IRQHandler
                0x00000000080066dc                SysTick_Handler
                0x00000000080066dc                SYSRTC_SEQ_IRQHandler
                0x00000000080066dc                EMUEFP_IRQHandler
                0x00000000080066dc                PendSV_Handler
                0x00000000080066dc                NMI_Handler
                0x00000000080066dc                SYNTH_IRQHandler
                0x00000000080066dc                HOSTMAILBOX_IRQHandler
                0x00000000080066dc                HFXO0_IRQHandler
                0x00000000080066dc                I2C1_IRQHandler
                0x00000000080066dc                WDOG0_IRQHandler
                0x00000000080066dc                TIMER3_IRQHandler
                0x00000000080066dc                SYSCFG_IRQHandler
                0x00000000080066dc                RFECA1_IRQHandler
                0x00000000080066dc                EMUDG_IRQHandler
                0x00000000080066dc                MSC_IRQHandler
                0x00000000080066dc                DPLL0_IRQHandler
                0x00000000080066dc                UsageFault_Handler
                0x00000000080066dc                WDOG1_IRQHandler
                0x00000000080066dc                M33CTI1_IRQHandler
                0x00000000080066dc                TIMER4_IRQHandler
                0x00000000080066dc                VDAC0_IRQHandler
                0x00000000080066dc                SEMBTX_IRQHandler
                0x00000000080066dc                SW0_IRQHandler
                0x00000000080066dc                TIMER0_IRQHandler
                0x00000000080066dc                MVP_IRQHandler
                0x00000000080066dc                LETIMER0_IRQHandler
                0x00000000080066dc                EUSART1_RX_IRQHandler
                0x00000000080066dc                TIMER1_IRQHandler
                0x00000000080066dc                HFRCO0_IRQHandler
                0x00000000080066dc                SecureFault_Handler
                0x00000000080066dc                BUFC_IRQHandler
                0x00000000080066dc                DCDC_IRQHandler
                0x00000000080066dc                MODEM_IRQHandler
                0x00000000080066dc                Default_Handler
                0x00000000080066dc                RAC_SEQ_IRQHandler
                0x00000000080066dc                FRC_PRI_IRQHandler
                0x00000000080066dc                EMU_IRQHandler
                0x00000000080066dc                SW3_IRQHandler
                0x00000000080066dc                KERNEL0_IRQHandler
                0x00000000080066dc                FRC_IRQHandler
                0x00000000080066dc                PCNT0_IRQHandler
                0x00000000080066dc                KERNEL1_IRQHandler
                0x00000000080066dc                AGC_IRQHandler
                0x00000000080066dc                EUSART1_TX_IRQHandler
                0x00000000080066dc                KEYSCAN_IRQHandler
                0x00000000080066dc                sl_app_properties
                0x00000000080066dc                HFRCOEM23_IRQHandler
                0x00000000080066dc                BURTC_IRQHandler
                0x00000000080066dc                SEMBRX_IRQHandler
                0x00000000080066dc                RFECA0_IRQHandler
                0x00000000080066dc                LFRCO_IRQHandler
                0x00000000080066dc                VDAC1_IRQHandler
                0x00000000080066dc                ACMP0_IRQHandler
                0x00000000080066dc                USART0_RX_IRQHandler
                0x00000000080066dc                MemManage_Handler
                0x00000000080066dc                AHB2AHB0_IRQHandler
                0x00000000080066dc                SVC_Handler
                0x00000000080066dc                SMU_S_PRIVILEGED_IRQHandler
                0x00000000080066dc                SW1_IRQHandler
                0x00000000080066dc                CMU_IRQHandler
                0x00000000080066dc                RAC_RSM_IRQHandler
                0x00000000080066dc                SETAMPERHOST_IRQHandler
                0x00000000080066dc                AES_IRQHandler
                0x00000000080066dc                M33CTI0_IRQHandler
                0x00000000080066dc                ICACHE0_IRQHandler
                0x00000000080066dc                SMU_NS_PRIVILEGED_IRQHandler
                0x00000000080066dc                FPUEXH_IRQHandler
                0x00000000080066dc                PROTIMER_IRQHandler
                0x00000000080066dc                ACMP1_IRQHandler
                0x00000000080066dc                BusFault_Handler
                0x00000000080066dc                MPAHBRAM_IRQHandler
 .text.CopyInstructions
                0x00000000080066de       0x1a ./simplicity_sdk_2024.12.2/platform/Device/SiliconLabs/EFR32MG24/Source/startup_efr32mg24.o
                0x00000000080066de                CopyInstructions
 .text.assertEFM
                0x00000000080066f8        0x2 ./simplicity_sdk_2024.12.2/platform/common/src/sl_assert.o
                0x00000000080066f8                assertEFM
 .text.sl_button_init
                0x00000000080066fa        0xa ./simplicity_sdk_2024.12.2/platform/driver/button/src/sl_button.o
                0x00000000080066fa                sl_button_init
 .text.sl_button_on_change
                0x0000000008006704        0x2 ./simplicity_sdk_2024.12.2/platform/driver/button/src/sl_button.o
                0x0000000008006704                sl_button_on_change
 .text.sli_simple_button_on_change
                0x0000000008006706       0x30 ./simplicity_sdk_2024.12.2/platform/driver/button/src/sl_simple_button.o
 .text.sl_simple_button_get_state
                0x0000000008006736        0x6 ./simplicity_sdk_2024.12.2/platform/driver/button/src/sl_simple_button.o
                0x0000000008006736                sl_simple_button_get_state
 .text.sl_simple_button_poll_step
                0x000000000800673c       0x58 ./simplicity_sdk_2024.12.2/platform/driver/button/src/sl_simple_button.o
                0x000000000800673c                sl_simple_button_poll_step
 .text.sl_simple_button_enable
                0x0000000008006794       0x12 ./simplicity_sdk_2024.12.2/platform/driver/button/src/sl_simple_button.o
                0x0000000008006794                sl_simple_button_enable
 .text.sl_simple_button_disable
                0x00000000080067a6       0x1c ./simplicity_sdk_2024.12.2/platform/driver/button/src/sl_simple_button.o
                0x00000000080067a6                sl_simple_button_disable
 .text.sl_debug_swo_enable_itm
                0x00000000080067c2       0x16 ./simplicity_sdk_2024.12.2/platform/driver/debug/src/sl_debug_swo.o
                0x00000000080067c2                sl_debug_swo_enable_itm
 .text.sl_debug_swo_disable_itm
                0x00000000080067d8       0x18 ./simplicity_sdk_2024.12.2/platform/driver/debug/src/sl_debug_swo.o
                0x00000000080067d8                sl_debug_swo_disable_itm
 .text.sl_led_init
                0x00000000080067f0        0x6 ./simplicity_sdk_2024.12.2/platform/driver/leddrv/src/sl_led.o
                0x00000000080067f0                sl_led_init
 .text.sl_simple_led_turn_on
                0x00000000080067f6       0x24 ./simplicity_sdk_2024.12.2/platform/driver/leddrv/src/sl_simple_led.o
                0x00000000080067f6                sl_simple_led_turn_on
 .text.sl_simple_led_turn_off
                0x000000000800681a       0x24 ./simplicity_sdk_2024.12.2/platform/driver/leddrv/src/sl_simple_led.o
                0x000000000800681a                sl_simple_led_turn_off
 .text.sl_simple_led_toggle
                0x000000000800683e       0x1a ./simplicity_sdk_2024.12.2/platform/driver/leddrv/src/sl_simple_led.o
                0x000000000800683e                sl_simple_led_toggle
 .text.sl_simple_led_get_state
                0x0000000008006858       0x2a ./simplicity_sdk_2024.12.2/platform/driver/leddrv/src/sl_simple_led.o
                0x0000000008006858                sl_simple_led_get_state
 .text.DMADRV_PeripheralMemory
                0x0000000008006882       0x34 ./simplicity_sdk_2024.12.2/platform/emdrv/dmadrv/src/dmadrv.o
                0x0000000008006882                DMADRV_PeripheralMemory
 .text.GPIOINT_Init
                0x00000000080068b6        0x4 ./simplicity_sdk_2024.12.2/platform/emdrv/gpiointerrupt/src/gpiointerrupt.o
                0x00000000080068b6                GPIOINT_Init
 .text.ConfigGPIO
                0x00000000080068ba       0xea ./simplicity_sdk_2024.12.2/platform/emdrv/spidrv/src/spidrv.o
 .text.ConfigGpio
                0x00000000080069a4       0xd6 ./simplicity_sdk_2024.12.2/platform/emdrv/uartdrv/src/uartdrv.o
 .text.HwFcGetClearToSendPin
                0x0000000008006a7a       0x32 ./simplicity_sdk_2024.12.2/platform/emdrv/uartdrv/src/uartdrv.o
 .text.FcApplyState
                0x0000000008006aac       0x78 ./simplicity_sdk_2024.12.2/platform/emdrv/uartdrv/src/uartdrv.o
 .text.BUS_RegMaskedWrite
                0x0000000008006b24       0x1e ./simplicity_sdk_2024.12.2/platform/emlib/src/em_cmu.o
 .text.waitStateMax
                0x0000000008006b42       0x10 ./simplicity_sdk_2024.12.2/platform/emlib/src/em_cmu.o
 .text.CMU_UpdateWaitStates
                0x0000000008006b52        0xc ./simplicity_sdk_2024.12.2/platform/emlib/src/em_cmu.o
                0x0000000008006b52                CMU_UpdateWaitStates
 .text.pclkDivMax
                0x0000000008006b5e        0xa ./simplicity_sdk_2024.12.2/platform/emlib/src/em_cmu.o
 .text.EMU_EFPEM01VScale
                0x0000000008006b68        0x2 ./simplicity_sdk_2024.12.2/platform/emlib/src/em_emu.o
                0x0000000008006b68                EMU_EFPEM01VScale
 .text.EMU_DCDCUpdatedHook
                0x0000000008006b6a        0x2 ./simplicity_sdk_2024.12.2/platform/emlib/src/em_emu.o
                0x0000000008006b6a                EMU_DCDCUpdatedHook
 .text.eusart_sync
                0x0000000008006b6c        0x8 ./simplicity_sdk_2024.12.2/platform/emlib/src/em_eusart.o
 .text.EUSART_Disable
                0x0000000008006b74       0x34 ./simplicity_sdk_2024.12.2/platform/emlib/src/em_eusart.o
 .text.EUSART_Tx
                0x0000000008006ba8        0xa ./simplicity_sdk_2024.12.2/platform/emlib/src/em_eusart.o
                0x0000000008006ba8                EUSART_Tx
 .text.BUS_RegMaskedWrite
                0x0000000008006bb2       0x1e ./simplicity_sdk_2024.12.2/platform/emlib/src/em_gpio.o
 .text.USART_Tx
                0x0000000008006bd0        0xa ./simplicity_sdk_2024.12.2/platform/emlib/src/em_usart.o
                0x0000000008006bd0                USART_Tx
 .text.sl_hal_bus_reg_write_mask
                0x0000000008006bda       0x1e ./simplicity_sdk_2024.12.2/platform/peripheral/src/sl_hal_gpio.o
 .text.sl_hal_gpio_get_external_interrupt_number
                0x0000000008006bf8       0x34 ./simplicity_sdk_2024.12.2/platform/peripheral/src/sl_hal_gpio.o
                0x0000000008006bf8                sl_hal_gpio_get_external_interrupt_number
 .text.sl_clock_manager_runtime_init
                0x0000000008006c2c        0x4 ./simplicity_sdk_2024.12.2/platform/service/clock_manager/src/sl_clock_manager.o
                0x0000000008006c2c                sl_clock_manager_runtime_init
 .text.sl_clock_manager_enable_bus_clock
                0x0000000008006c30        0x6 ./simplicity_sdk_2024.12.2/platform/service/clock_manager/src/sl_clock_manager.o
                0x0000000008006c30                sl_clock_manager_enable_bus_clock
 .text.sl_clock_manager_disable_bus_clock
                0x0000000008006c36        0x6 ./simplicity_sdk_2024.12.2/platform/service/clock_manager/src/sl_clock_manager.o
                0x0000000008006c36                sl_clock_manager_disable_bus_clock
 .text.sli_clock_manager_hal_runtime_init
                0x0000000008006c3c        0x4 ./simplicity_sdk_2024.12.2/platform/service/clock_manager/src/sl_clock_manager_hal_s2.o
                0x0000000008006c3c                sli_clock_manager_hal_runtime_init
 .text.sl_clock_manager_init
                0x0000000008006c40        0x4 ./simplicity_sdk_2024.12.2/platform/service/clock_manager/src/sl_clock_manager_init.o
                0x0000000008006c40                sl_clock_manager_init
 .text.sl_iostream_write
                0x0000000008006c44       0x22 ./simplicity_sdk_2024.12.2/platform/service/iostream/src/sl_iostream.o
                0x0000000008006c44                sl_iostream_write
 .text.sl_iostream_read
                0x0000000008006c66       0x30 ./simplicity_sdk_2024.12.2/platform/service/iostream/src/sl_iostream.o
                0x0000000008006c66                sl_iostream_read
 .text.eusart_deinit
                0x0000000008006c96       0x78 ./simplicity_sdk_2024.12.2/platform/service/iostream/src/sl_iostream_eusart.o
 .text.eusart_tx
                0x0000000008006d0e        0xe ./simplicity_sdk_2024.12.2/platform/service/iostream/src/sl_iostream_eusart.o
 .text._close   0x0000000008006d1c        0x4 ./simplicity_sdk_2024.12.2/platform/service/iostream/src/sl_iostream_retarget_stdio.o
                0x0000000008006d1c                _close
 .text._exit    0x0000000008006d20        0x2 ./simplicity_sdk_2024.12.2/platform/service/iostream/src/sl_iostream_retarget_stdio.o
                0x0000000008006d20                _exit
 .text._fstat   0x0000000008006d22        0xa ./simplicity_sdk_2024.12.2/platform/service/iostream/src/sl_iostream_retarget_stdio.o
                0x0000000008006d22                _fstat
 .text._isatty  0x0000000008006d2c        0x4 ./simplicity_sdk_2024.12.2/platform/service/iostream/src/sl_iostream_retarget_stdio.o
                0x0000000008006d2c                _isatty
 .text._lseek   0x0000000008006d30        0x4 ./simplicity_sdk_2024.12.2/platform/service/iostream/src/sl_iostream_retarget_stdio.o
                0x0000000008006d30                _lseek
 .text._read    0x0000000008006d34       0x1c ./simplicity_sdk_2024.12.2/platform/service/iostream/src/sl_iostream_retarget_stdio.o
                0x0000000008006d34                _read
 .text.set_auto_cr_lf
                0x0000000008006d50        0x6 ./simplicity_sdk_2024.12.2/platform/service/iostream/src/sl_iostream_uart.o
 .text.get_auto_cr_lf
                0x0000000008006d56        0x6 ./simplicity_sdk_2024.12.2/platform/service/iostream/src/sl_iostream_uart.o
 .text.rx_dma_irq_handler
                0x0000000008006d5c        0x4 ./simplicity_sdk_2024.12.2/platform/service/iostream/src/sl_iostream_uart.o
 .text.sl_system_init
                0x0000000008006d60       0x1a ./simplicity_sdk_2024.12.2/platform/service/system/src/sl_system_init.o
                0x0000000008006d60                sl_system_init
 .text._Z22co2_read_initial_statePtS_S_
                0x0000000008006d7a       0x32 ./src/co2_sensor.o
                0x0000000008006d7a                co2_read_initial_state(unsigned short*, unsigned short*, unsigned short*)
 .text._Z12co2_read_ppmPt
                0x0000000008006dac       0x1c ./src/co2_sensor.o
                0x0000000008006dac                co2_read_ppm(unsigned short*)
 .text.__sfputc_r
                0x0000000008006dc8       0x2e /home/fw3/Desktop/SimplicityStudio_v5/developer/toolchains/gnu_arm/12.2.rel1_2023.7/bin/../lib/gcc/arm-none-eabi/12.2.1/../../../../arm-none-eabi/lib/thumb/v8-m.main+fp/hard/libc_nano.a(libc_a-nano-vfprintf.o)
 .text.__sfputs_r
                0x0000000008006df6       0x24 /home/fw3/Desktop/SimplicityStudio_v5/developer/toolchains/gnu_arm/12.2.rel1_2023.7/bin/../lib/gcc/arm-none-eabi/12.2.1/../../../../arm-none-eabi/lib/thumb/v8-m.main+fp/hard/libc_nano.a(libc_a-nano-vfprintf.o)
                0x0000000008006df6                __sfputs_r
 .text.__swbuf_r
                0x0000000008006e1a       0x7c /home/fw3/Desktop/SimplicityStudio_v5/developer/toolchains/gnu_arm/12.2.rel1_2023.7/bin/../lib/gcc/arm-none-eabi/12.2.1/../../../../arm-none-eabi/lib/thumb/v8-m.main+fp/hard/libc_nano.a(libc_a-wbuf.o)
                0x0000000008006e1a                __swbuf_r
 .text._printf_common
                0x0000000008006e96       0xe4 /home/fw3/Desktop/SimplicityStudio_v5/developer/toolchains/gnu_arm/12.2.rel1_2023.7/bin/../lib/gcc/arm-none-eabi/12.2.1/../../../../arm-none-eabi/lib/thumb/v8-m.main+fp/hard/libc_nano.a(libc_a-nano-vfprintf_i.o)
                0x0000000008006e96                _printf_common
 .text.__sflush_r
                0x0000000008006f7a      0x106 /home/fw3/Desktop/SimplicityStudio_v5/developer/toolchains/gnu_arm/12.2.rel1_2023.7/bin/../lib/gcc/arm-none-eabi/12.2.1/../../../../arm-none-eabi/lib/thumb/v8-m.main+fp/hard/libc_nano.a(libc_a-fflush.o)
                0x0000000008006f7a                __sflush_r
 .text._fflush_r
                0x0000000008007080       0x50 /home/fw3/Desktop/SimplicityStudio_v5/developer/toolchains/gnu_arm/12.2.rel1_2023.7/bin/../lib/gcc/arm-none-eabi/12.2.1/../../../../arm-none-eabi/lib/thumb/v8-m.main+fp/hard/libc_nano.a(libc_a-fflush.o)
                0x0000000008007080                _fflush_r
 .text.memchr   0x00000000080070d0       0x1c /home/fw3/Desktop/SimplicityStudio_v5/developer/toolchains/gnu_arm/12.2.rel1_2023.7/bin/../lib/gcc/arm-none-eabi/12.2.1/../../../../arm-none-eabi/lib/thumb/v8-m.main+fp/hard/libc_nano.a(libc_a-memchr-stub.o)
                0x00000000080070d0                memchr
 .text.memcpy   0x00000000080070ec       0x1a /home/fw3/Desktop/SimplicityStudio_v5/developer/toolchains/gnu_arm/12.2.rel1_2023.7/bin/../lib/gcc/arm-none-eabi/12.2.1/../../../../arm-none-eabi/lib/thumb/v8-m.main+fp/hard/libc_nano.a(libc_a-memcpy-stub.o)
                0x00000000080070ec                memcpy
 .text.__sread  0x0000000008007106       0x22 /home/fw3/Desktop/SimplicityStudio_v5/developer/toolchains/gnu_arm/12.2.rel1_2023.7/bin/../lib/gcc/arm-none-eabi/12.2.1/../../../../arm-none-eabi/lib/thumb/v8-m.main+fp/hard/libc_nano.a(libc_a-stdio.o)
                0x0000000008007106                __sread
 .text.__swrite
                0x0000000008007128       0x38 /home/fw3/Desktop/SimplicityStudio_v5/developer/toolchains/gnu_arm/12.2.rel1_2023.7/bin/../lib/gcc/arm-none-eabi/12.2.1/../../../../arm-none-eabi/lib/thumb/v8-m.main+fp/hard/libc_nano.a(libc_a-stdio.o)
                0x0000000008007128                __swrite
 .text.__sseek  0x0000000008007160       0x24 /home/fw3/Desktop/SimplicityStudio_v5/developer/toolchains/gnu_arm/12.2.rel1_2023.7/bin/../lib/gcc/arm-none-eabi/12.2.1/../../../../arm-none-eabi/lib/thumb/v8-m.main+fp/hard/libc_nano.a(libc_a-stdio.o)
                0x0000000008007160                __sseek
 .text.__sclose
                0x0000000008007184        0x8 /home/fw3/Desktop/SimplicityStudio_v5/developer/toolchains/gnu_arm/12.2.rel1_2023.7/bin/../lib/gcc/arm-none-eabi/12.2.1/../../../../arm-none-eabi/lib/thumb/v8-m.main+fp/hard/libc_nano.a(libc_a-stdio.o)
                0x0000000008007184                __sclose
 .text._fwalk_sglue
                0x000000000800718c       0x3c /home/fw3/Desktop/SimplicityStudio_v5/developer/toolchains/gnu_arm/12.2.rel1_2023.7/bin/../lib/gcc/arm-none-eabi/12.2.1/../../../../arm-none-eabi/lib/thumb/v8-m.main+fp/hard/libc_nano.a(libc_a-fwalk.o)
                0x000000000800718c                _fwalk_sglue
 .text.memset   0x00000000080071c8       0x10 /home/fw3/Desktop/SimplicityStudio_v5/developer/toolchains/gnu_arm/12.2.rel1_2023.7/bin/../lib/gcc/arm-none-eabi/12.2.1/../../../../arm-none-eabi/lib/thumb/v8-m.main+fp/hard/libc_nano.a(libc_a-memset.o)
                0x00000000080071c8                memset
 .text.__retarget_lock_init_recursive
                0x00000000080071d8        0x2 /home/fw3/Desktop/SimplicityStudio_v5/developer/toolchains/gnu_arm/12.2.rel1_2023.7/bin/../lib/gcc/arm-none-eabi/12.2.1/../../../../arm-none-eabi/lib/thumb/v8-m.main+fp/hard/libc_nano.a(libc_a-lock.o)
                0x00000000080071d8                __retarget_lock_init_recursive
 .text.__retarget_lock_acquire_recursive
                0x00000000080071da        0x2 /home/fw3/Desktop/SimplicityStudio_v5/developer/toolchains/gnu_arm/12.2.rel1_2023.7/bin/../lib/gcc/arm-none-eabi/12.2.1/../../../../arm-none-eabi/lib/thumb/v8-m.main+fp/hard/libc_nano.a(libc_a-lock.o)
                0x00000000080071da                __retarget_lock_acquire_recursive
 .text.__retarget_lock_release_recursive
                0x00000000080071dc        0x2 /home/fw3/Desktop/SimplicityStudio_v5/developer/toolchains/gnu_arm/12.2.rel1_2023.7/bin/../lib/gcc/arm-none-eabi/12.2.1/../../../../arm-none-eabi/lib/thumb/v8-m.main+fp/hard/libc_nano.a(libc_a-lock.o)
                0x00000000080071dc                __retarget_lock_release_recursive
 .text.__swhatbuf_r
                0x00000000080071de       0x4a /home/fw3/Desktop/SimplicityStudio_v5/developer/toolchains/gnu_arm/12.2.rel1_2023.7/bin/../lib/gcc/arm-none-eabi/12.2.1/../../../../arm-none-eabi/lib/thumb/v8-m.main+fp/hard/libc_nano.a(libc_a-makebuf.o)
                0x00000000080071de                __swhatbuf_r
 .text.__smakebuf_r
                0x0000000008007228       0x78 /home/fw3/Desktop/SimplicityStudio_v5/developer/toolchains/gnu_arm/12.2.rel1_2023.7/bin/../lib/gcc/arm-none-eabi/12.2.1/../../../../arm-none-eabi/lib/thumb/v8-m.main+fp/hard/libc_nano.a(libc_a-makebuf.o)
                0x0000000008007228                __smakebuf_r
 *(SORT_BY_ALIGNMENT(text_*))
 text_system_timecritical19225
                0x00000000080072a0        0xc ./simplicity_sdk_2024.12.2/platform/Device/SiliconLabs/EFR32MG24/Source/system_efr32mg24.o
                0x00000000080072a0                SystemHFRCODPLLClockGet
 text_system_timecritical20228
                0x00000000080072ac       0x40 ./simplicity_sdk_2024.12.2/platform/Device/SiliconLabs/EFR32MG24/Source/system_efr32mg24.o
                0x00000000080072ac                SystemSYSCLKGet
 text_system_timecritical16181
                0x00000000080072ec       0x24 ./simplicity_sdk_2024.12.2/platform/Device/SiliconLabs/EFR32MG24/Source/system_efr32mg24.o
                0x00000000080072ec                SystemHCLKGet
 text_system_timecritical21230
                0x0000000008007310        0x8 ./simplicity_sdk_2024.12.2/platform/Device/SiliconLabs/EFR32MG24/Source/system_efr32mg24.o
                0x0000000008007310                SystemMaxCoreClockGet
 text_system_timecritical22232
                0x0000000008007318        0x8 ./simplicity_sdk_2024.12.2/platform/Device/SiliconLabs/EFR32MG24/Source/system_efr32mg24.o
                0x0000000008007318                SystemFSRCOClockGet
 text_system_timecritical23234
                0x0000000008007320        0xc ./simplicity_sdk_2024.12.2/platform/Device/SiliconLabs/EFR32MG24/Source/system_efr32mg24.o
                0x0000000008007320                SystemHFXOClockGet
 text_system_timecritical24237
                0x000000000800732c        0x8 ./simplicity_sdk_2024.12.2/platform/Device/SiliconLabs/EFR32MG24/Source/system_efr32mg24.o
                0x000000000800732c                SystemCLKIN0Get
 text_system_timecritical25239
                0x0000000008007334       0x90 ./simplicity_sdk_2024.12.2/platform/Device/SiliconLabs/EFR32MG24/Source/system_efr32mg24.o
                0x0000000008007334                SystemHFRCOEM23ClockGet
 text_system_timecritical26241
                0x00000000080073c4        0xc ./simplicity_sdk_2024.12.2/platform/Device/SiliconLabs/EFR32MG24/Source/system_efr32mg24.o
                0x00000000080073c4                SystemLFXOClockGet
 text_gpio_timecritical35194
                0x00000000080073d0       0x5c ./simplicity_sdk_2024.12.2/platform/driver/gpio/src/sl_gpio.o
                0x00000000080073d0                sl_gpio_toggle_pin
 text_dmadrv_timecritical29164
                0x000000000800742c       0x40 ./simplicity_sdk_2024.12.2/platform/emdrv/dmadrv/src/dmadrv.o
                0x000000000800742c                DMADRV_StopTransfer
 text_dmadrv_timecritical30166
                0x000000000800746c       0x4c ./simplicity_sdk_2024.12.2/platform/emdrv/dmadrv/src/dmadrv.o
                0x000000000800746c                DMADRV_TransferActive
 text_dmadrv_timecritical32172
                0x00000000080074b8       0x44 ./simplicity_sdk_2024.12.2/platform/emdrv/dmadrv/src/dmadrv.o
                0x00000000080074b8                DMADRV_TransferDone
 text_dmadrv_timecritical33175
                0x00000000080074fc       0x44 ./simplicity_sdk_2024.12.2/platform/emdrv/dmadrv/src/dmadrv.o
                0x00000000080074fc                DMADRV_TransferRemainingCount
 text_hal_gpio_timecritical29416
                0x0000000008007540       0x54 ./simplicity_sdk_2024.12.2/platform/peripheral/src/sl_hal_gpio.o
                0x0000000008007540                sl_hal_gpio_set_pin
 text_hal_gpio_timecritical30611
                0x0000000008007594       0x54 ./simplicity_sdk_2024.12.2/platform/peripheral/src/sl_hal_gpio.o
                0x0000000008007594                sl_hal_gpio_toggle_pin
 text_hal_sysrtc_timecritical29190
                0x00000000080075e8       0x14 ./simplicity_sdk_2024.12.2/platform/peripheral/src/sl_hal_sysrtc.o
                0x00000000080075e8                sl_hal_sysrtc_wait_sync
 text_hal_sysrtc_timecritical31330
                0x00000000080075fc       0x1c ./simplicity_sdk_2024.12.2/platform/peripheral/src/sl_hal_sysrtc.o
                0x00000000080075fc                sl_hal_sysrtc_enable_group_interrupts
 text_hal_sysrtc_timecritical32343
                0x0000000008007618       0x1c ./simplicity_sdk_2024.12.2/platform/peripheral/src/sl_hal_sysrtc.o
                0x0000000008007618                sl_hal_sysrtc_disable_group_interrupts
 text_hal_sysrtc_timecritical33356
                0x0000000008007634       0x1c ./simplicity_sdk_2024.12.2/platform/peripheral/src/sl_hal_sysrtc.o
                0x0000000008007634                sl_hal_sysrtc_clear_group_interrupts
 text_hal_sysrtc_timecritical34371
                0x0000000008007650       0x20 ./simplicity_sdk_2024.12.2/platform/peripheral/src/sl_hal_sysrtc.o
                0x0000000008007650                sl_hal_sysrtc_get_group_interrupts
 text_hal_sysrtc_timecritical35410
                0x0000000008007670       0x30 ./simplicity_sdk_2024.12.2/platform/peripheral/src/sl_hal_sysrtc.o
                0x0000000008007670                sl_hal_sysrtc_get_group_compare_channel_value
 text_hal_sysrtc_timecritical36423
                0x00000000080076a0       0x28 ./simplicity_sdk_2024.12.2/platform/peripheral/src/sl_hal_sysrtc.o
                0x00000000080076a0                sl_hal_sysrtc_set_group_compare_channel_value
 text_sleeptimer_timecritical66121
                0x00000000080076c8       0x40 ./simplicity_sdk_2024.12.2/platform/service/sleeptimer/src/sl_sleeptimer.o
 text_sleeptimer_timecritical67125
                0x0000000008007708       0x3c ./simplicity_sdk_2024.12.2/platform/service/sleeptimer/src/sl_sleeptimer.o
 text_sleeptimer_timecritical69131
                0x0000000008007744       0x34 ./simplicity_sdk_2024.12.2/platform/service/sleeptimer/src/sl_sleeptimer.o
 text_sleeptimer_timecritical68128
                0x0000000008007778       0x64 ./simplicity_sdk_2024.12.2/platform/service/sleeptimer/src/sl_sleeptimer.o
 text_sleeptimer_timecritical72140
                0x00000000080077dc       0x88 ./simplicity_sdk_2024.12.2/platform/service/sleeptimer/src/sl_sleeptimer.o
 text_sleeptimer_timecritical34276
                0x0000000008007864       0x3c ./simplicity_sdk_2024.12.2/platform/service/sleeptimer/src/sl_sleeptimer.o
                0x0000000008007864                sl_sleeptimer_is_timer_running
 text_sleeptimer_timecritical40684
                0x00000000080078a0       0x24 ./simplicity_sdk_2024.12.2/platform/service/sleeptimer/src/sl_sleeptimer.o
                0x00000000080078a0                sl_sleeptimer_ms_to_tick
 text_sleeptimer_timecritical65151
                0x00000000080078c4      0x148 ./simplicity_sdk_2024.12.2/platform/service/sleeptimer/src/sl_sleeptimer.o
                0x00000000080078c4                process_timer_irq
 text_sleeptimer_timecritical6354
                0x0000000008007a0c       0x10 ./simplicity_sdk_2024.12.2/platform/service/sleeptimer/src/sl_sleeptimer_hal_sysrtc.o
                0x0000000008007a0c                sleeptimer_hal_get_counter