Archive member included to satisfy reference by file (symbol)

/home/fw3/Desktop/SimplicityStudio_v5/developer/toolchains/gnu_arm/12.2.rel1_2023.7/bin/../lib/gcc/arm-none-eabi/12.2.1/thumb/v8-m.main+fp/hard/libgcc.a(_aeabi_ldivmod.o)
                              ./simplicity_sdk_2024.12.2/platform/emlib/src/em_eusart.o (__aeabi_ldivmod)
/home/fw3/Desktop/SimplicityStudio_v5/developer/toolchains/gnu_arm/12.2.rel1_2023.7/bin/../lib/gcc/arm-none-eabi/12.2.1/thumb/v8-m.main+fp/hard/libgcc.a(_aeabi_uldivmod.o)
                              ./simplicity_sdk_2024.12.2/platform/emlib/src/em_eusart.o (__aeabi_uldivmod)
/home/fw3/Desktop/SimplicityStudio_v5/developer/toolchains/gnu_arm/12.2.rel1_2023.7/bin/../lib/gcc/arm-none-eabi/12.2.1/thumb/v8-m.main+fp/hard/libgcc.a(_udivmoddi4.o)
                              /home/fw3/Desktop/SimplicityStudio_v5/developer/toolchains/gnu_arm/12.2.rel1_2023.7/bin/../lib/gcc/arm-none-eabi/12.2.1/thumb/v8-m.main+fp/hard/libgcc.a(_aeabi_ldivmod.o) (__udivmoddi4)
/home/fw3/Desktop/SimplicityStudio_v5/developer/toolchains/gnu_arm/12.2.rel1_2023.7/bin/../lib/gcc/arm-none-eabi/12.2.1/thumb/v8-m.main+fp/hard/libgcc.a(_dvmd_tls.o)
                              /home/fw3/Desktop/SimplicityStudio_v5/developer/toolchains/gnu_arm/12.2.rel1_2023.7/bin/../lib/gcc/arm-none-eabi/12.2.1/thumb/v8-m.main+fp/hard/libgcc.a(_aeabi_ldivmod.o) (__aeabi_ldiv0)
/home/fw3/Desktop/SimplicityStudio_v5/developer/toolchains/gnu_arm/12.2.rel1_2023.7/bin/../lib/gcc/arm-none-eabi/12.2.1/../../../../arm-none-eabi/lib/thumb/v8-m.main+fp/hard/libc_nano.a(libc_a-exit.o)
                              /home/fw3/Desktop/SimplicityStudio_v5/developer/toolchains/gnu_arm/12.2.rel1_2023.7/bin/../lib/gcc/arm-none-eabi/12.2.1/../../../../arm-none-eabi/lib/thumb/v8-m.main+fp/hard/crt0.o (exit)
/home/fw3/Desktop/SimplicityStudio_v5/developer/toolchains/gnu_arm/12.2.rel1_2023.7/bin/../lib/gcc/arm-none-eabi/12.2.1/../../../../arm-none-eabi/lib/thumb/v8-m.main+fp/hard/libc_nano.a(libc_a-init.o)
                              /home/fw3/Desktop/SimplicityStudio_v5/developer/toolchains/gnu_arm/12.2.rel1_2023.7/bin/../lib/gcc/arm-none-eabi/12.2.1/../../../../arm-none-eabi/lib/thumb/v8-m.main+fp/hard/crt0.o (__libc_init_array)
/home/fw3/Desktop/SimplicityStudio_v5/developer/toolchains/gnu_arm/12.2.rel1_2023.7/bin/../lib/gcc/arm-none-eabi/12.2.1/../../../../arm-none-eabi/lib/thumb/v8-m.main+fp/hard/libc_nano.a(libc_a-strcmp.o)
                              ./autogen/sl_iostream_handles.o (strcmp)
/home/fw3/Desktop/SimplicityStudio_v5/developer/toolchains/gnu_arm/12.2.rel1_2023.7/bin/../lib/gcc/arm-none-eabi/12.2.1/../../../../arm-none-eabi/lib/thumb/v8-m.main+fp/hard/libc_nano.a(libc_a-printf.o)
                              ./main.o (printf)
/home/fw3/Desktop/SimplicityStudio_v5/developer/toolchains/gnu_arm/12.2.rel1_2023.7/bin/../lib/gcc/arm-none-eabi/12.2.1/../../../../arm-none-eabi/lib/thumb/v8-m.main+fp/hard/libc_nano.a(libc_a-nano-vfprintf.o)
                              /home/fw3/Desktop/SimplicityStudio_v5/developer/toolchains/gnu_arm/12.2.rel1_2023.7/bin/../lib/gcc/arm-none-eabi/12.2.1/../../../../arm-none-eabi/lib/thumb/v8-m.main+fp/hard/libc_nano.a(libc_a-printf.o) (_vfprintf_r)
/home/fw3/Desktop/SimplicityStudio_v5/developer/toolchains/gnu_arm/12.2.rel1_2023.7/bin/../lib/gcc/arm-none-eabi/12.2.1/../../../../arm-none-eabi/lib/thumb/v8-m.main+fp/hard/libc_nano.a(libc_a-vprintf.o)
                              ./simplicity_sdk_2024.12.2/platform/service/iostream/src/sl_iostream.o (vprintf)
/home/fw3/Desktop/SimplicityStudio_v5/developer/toolchains/gnu_arm/12.2.rel1_2023.7/bin/../lib/gcc/arm-none-eabi/12.2.1/../../../../arm-none-eabi/lib/thumb/v8-m.main+fp/hard/libc_nano.a(libc_a-wbuf.o)
                              /home/fw3/Desktop/SimplicityStudio_v5/developer/toolchains/gnu_arm/12.2.rel1_2023.7/bin/../lib/gcc/arm-none-eabi/12.2.1/../../../../arm-none-eabi/lib/thumb/v8-m.main+fp/hard/libc_nano.a(libc_a-nano-vfprintf.o) (__swbuf_r)
/home/fw3/Desktop/SimplicityStudio_v5/developer/toolchains/gnu_arm/12.2.rel1_2023.7/bin/../lib/gcc/arm-none-eabi/12.2.1/../../../../arm-none-eabi/lib/thumb/v8-m.main+fp/hard/libc_nano.a(libc_a-wsetup.o)
                              /home/fw3/Desktop/SimplicityStudio_v5/developer/toolchains/gnu_arm/12.2.rel1_2023.7/bin/../lib/gcc/arm-none-eabi/12.2.1/../../../../arm-none-eabi/lib/thumb/v8-m.main+fp/hard/libc_nano.a(libc_a-nano-vfprintf.o) (__swsetup_r)
/home/fw3/Desktop/SimplicityStudio_v5/developer/toolchains/gnu_arm/12.2.rel1_2023.7/bin/../lib/gcc/arm-none-eabi/12.2.1/../../../../arm-none-eabi/lib/thumb/v8-m.main+fp/hard/libc_nano.a(libc_a-nano-vfprintf_i.o)
                              /home/fw3/Desktop/SimplicityStudio_v5/developer/toolchains/gnu_arm/12.2.rel1_2023.7/bin/../lib/gcc/arm-none-eabi/12.2.1/../../../../arm-none-eabi/lib/thumb/v8-m.main+fp/hard/libc_nano.a(libc_a-nano-vfprintf.o) (_printf_i)
[...]
Memory Configuration

Name             Origin             Length             Attributes
FLASH            0x0000000008000000 0x000000000017e000 xr
RAM              0x0000000020000000 0x0000000000040000 xrw
*default*        0x0000000000000000 0xffffffffffffffff

Linker script and memory map

LOAD /home/fw3/Desktop/SimplicityStudio_v5/developer/toolchains/gnu_arm/12.2.rel1_2023.7/bin/../lib/gcc/arm-none-eabi/12.2.1/thumb/v8-m.main+fp/hard/crti.o
LOAD /home/fw3/Desktop/SimplicityStudio_v5/developer/toolchains/gnu_arm/12.2.rel1_2023.7/bin/../lib/gcc/arm-none-eabi/12.2.1/thumb/v8-m.main+fp/hard/crtbegin.o
LOAD /home/fw3/Desktop/SimplicityStudio_v5/developer/toolchains/gnu_arm/12.2.rel1_2023.7/bin/../lib/gcc/arm-none-eabi/12.2.1/../../../../arm-none-eabi/lib/thumb/v8-m.main+fp/hard/crt0.o
START GROUP
LOAD ./app.o
LOAD ./main.o
LOAD ./autogen/sl_board_default_init.o
LOAD ./autogen/sl_event_handler.o
LOAD ./autogen/sl_i2cspm_init.o
LOAD ./autogen/sl_iostream_handles.o
LOAD ./autogen/sl_iostream_init_eusart_instances.o
LOAD ./autogen/sl_simple_button_instances.o
LOAD ./autogen/sl_simple_led_instances.o
LOAD ./autogen/sl_spidrv_init.o
LOAD ./autogen/sl_uartdrv_init.o
LOAD ./simplicity_sdk_2024.12.2/hardware/board/src/sl_board_control_gpio.o
LOAD ./simplicity_sdk_2024.12.2/hardware/board/src/sl_board_init.o
LOAD ./simplicity_sdk_2024.12.2/hardware/driver/configuration_over_swo/src/sl_cos.o
LOAD ./simplicity_sdk_2024.12.2/platform/Device/SiliconLabs/EFR32MG24/Source/startup_efr32mg24.o
LOAD ./simplicity_sdk_2024.12.2/platform/Device/SiliconLabs/EFR32MG24/Source/system_efr32mg24.o
LOAD ./simplicity_sdk_2024.12.2/platform/common/src/sl_assert.o
LOAD ./simplicity_sdk_2024.12.2/platform/common/src/sl_core_cortexm.o
LOAD ./simplicity_sdk_2024.12.2/platform/common/src/sl_slist.o
LOAD ./simplicity_sdk_2024.12.2/platform/common/src/sl_string.o
LOAD ./simplicity_sdk_2024.12.2/platform/common/src/sl_syscalls.o
LOAD ./simplicity_sdk_2024.12.2/platform/driver/button/src/sl_button.o
LOAD ./simplicity_sdk_2024.12.2/platform/driver/button/src/sl_simple_button.o
LOAD ./simplicity_sdk_2024.12.2/platform/driver/debug/src/sl_debug_swo.o
LOAD ./simplicity_sdk_2024.12.2/platform/driver/gpio/src/sl_gpio.o
LOAD ./simplicity_sdk_2024.12.2/platform/driver/i2cspm/src/sl_i2cspm.o
LOAD ./simplicity_sdk_2024.12.2/platform/driver/leddrv/src/sl_led.o
LOAD ./simplicity_sdk_2024.12.2/platform/driver/leddrv/src/sl_simple_led.o
LOAD ./simplicity_sdk_2024.12.2/platform/emdrv/dmadrv/src/dmadrv.o
LOAD ./simplicity_sdk_2024.12.2/platform/emdrv/gpiointerrupt/src/gpiointerrupt.o
LOAD ./simplicity_sdk_2024.12.2/platform/emdrv/spidrv/src/spidrv.o
LOAD ./simplicity_sdk_2024.12.2/platform/emdrv/uartdrv/src/uartdrv.o
LOAD ./simplicity_sdk_2024.12.2/platform/emlib/src/em_burtc.o
LOAD ./simplicity_sdk_2024.12.2/platform/emlib/src/em_cmu.o
LOAD ./simplicity_sdk_2024.12.2/platform/emlib/src/em_core.o
LOAD ./simplicity_sdk_2024.12.2/platform/emlib/src/em_emu.o
LOAD ./simplicity_sdk_2024.12.2/platform/emlib/src/em_eusart.o
LOAD ./simplicity_sdk_2024.12.2/platform/emlib/src/em_gpio.o
LOAD ./simplicity_sdk_2024.12.2/platform/emlib/src/em_i2c.o
LOAD ./simplicity_sdk_2024.12.2/platform/emlib/src/em_ldma.o
LOAD ./simplicity_sdk_2024.12.2/platform/emlib/src/em_msc.o
LOAD ./simplicity_sdk_2024.12.2/platform/emlib/src/em_prs.o
LOAD ./simplicity_sdk_2024.12.2/platform/emlib/src/em_system.o
LOAD ./simplicity_sdk_2024.12.2/platform/emlib/src/em_timer.o
LOAD ./simplicity_sdk_2024.12.2/platform/emlib/src/em_usart.o
LOAD ./simplicity_sdk_2024.12.2/platform/peripheral/src/sl_hal_gpio.o
LOAD ./simplicity_sdk_2024.12.2/platform/peripheral/src/sl_hal_sysrtc.o
LOAD ./simplicity_sdk_2024.12.2/platform/service/clock_manager/src/sl_clock_manager.o
LOAD ./simplicity_sdk_2024.12.2/platform/service/clock_manager/src/sl_clock_manager_hal_s2.o
LOAD ./simplicity_sdk_2024.12.2/platform/service/clock_manager/src/sl_clock_manager_init.o
LOAD ./simplicity_sdk_2024.12.2/platform/service/clock_manager/src/sl_clock_manager_init_hal_s2.o
LOAD ./simplicity_sdk_2024.12.2/platform/service/device_init/src/sl_device_init_dcdc_s2.o
LOAD ./simplicity_sdk_2024.12.2/platform/service/device_init/src/sl_device_init_emu_s2.o
LOAD ./simplicity_sdk_2024.12.2/platform/service/device_manager/clocks/sl_device_clock_efr32xg24.o
LOAD ./simplicity_sdk_2024.12.2/platform/service/device_manager/devices/sl_device_peripheral_hal_efr32xg24.o
LOAD ./simplicity_sdk_2024.12.2/platform/service/device_manager/src/sl_device_clock.o
LOAD ./simplicity_sdk_2024.12.2/platform/service/device_manager/src/sl_device_gpio.o
LOAD ./simplicity_sdk_2024.12.2/platform/service/device_manager/src/sl_device_peripheral.o
LOAD ./simplicity_sdk_2024.12.2/platform/service/interrupt_manager/src/sl_interrupt_manager_cortexm.o
LOAD ./simplicity_sdk_2024.12.2/platform/service/iostream/src/sl_iostream.o
LOAD ./simplicity_sdk_2024.12.2/platform/service/iostream/src/sl_iostream_eusart.o
LOAD ./simplicity_sdk_2024.12.2/platform/service/iostream/src/sl_iostream_retarget_stdio.o
LOAD ./simplicity_sdk_2024.12.2/platform/service/iostream/src/sl_iostream_uart.o
LOAD ./simplicity_sdk_2024.12.2/platform/service/memory_manager/src/sl_memory_manager_region.o
LOAD ./simplicity_sdk_2024.12.2/platform/service/sleeptimer/src/sl_sleeptimer.o
LOAD ./simplicity_sdk_2024.12.2/platform/service/sleeptimer/src/sl_sleeptimer_hal_burtc.o
LOAD ./simplicity_sdk_2024.12.2/platform/service/sleeptimer/src/sl_sleeptimer_hal_sysrtc.o
LOAD ./simplicity_sdk_2024.12.2/platform/service/sleeptimer/src/sl_sleeptimer_hal_timer.o
LOAD ./simplicity_sdk_2024.12.2/platform/service/system/src/sl_system_init.o
LOAD ./simplicity_sdk_2024.12.2/platform/service/system/src/sl_system_process_action.o
LOAD ./simplicity_sdk_2024.12.2/platform/service/udelay/src/sl_udelay.o
LOAD ./simplicity_sdk_2024.12.2/platform/service/udelay/src/sl_udelay_armv6m_gcc.o
LOAD ./src/co2_calibration.o
LOAD ./src/co2_sensor.o
LOAD ./src/sht30_sensor.o
LOAD /home/fw3/Desktop/SimplicityStudio_v5/developer/toolchains/gnu_arm/12.2.rel1_2023.7/bin/../lib/gcc/arm-none-eabi/12.2.1/../../../../arm-none-eabi/lib/thumb/v8-m.main+fp/hard/libstdc++_nano.a
LOAD /home/fw3/Desktop/SimplicityStudio_v5/developer/toolchains/gnu_arm/12.2.rel1_2023.7/bin/../lib/gcc/arm-none-eabi/12.2.1/thumb/v8-m.main+fp/hard/libgcc.a
LOAD /home/fw3/Desktop/SimplicityStudio_v5/developer/toolchains/gnu_arm/12.2.rel1_2023.7/bin/../lib/gcc/arm-none-eabi/12.2.1/../../../../arm-none-eabi/lib/thumb/v8-m.main+fp/hard/libnosys.a
END GROUP
START GROUP
LOAD /home/fw3/Desktop/SimplicityStudio_v5/developer/toolchains/gnu_arm/12.2.rel1_2023.7/bin/../lib/gcc/arm-none-eabi/12.2.1/thumb/v8-m.main+fp/hard/libgcc.a
LOAD /home/fw3/Desktop/SimplicityStudio_v5/developer/toolchains/gnu_arm/12.2.rel1_2023.7/bin/../lib/gcc/arm-none-eabi/12.2.1/../../../../arm-none-eabi/lib/thumb/v8-m.main+fp/hard/libc_nano.a
LOAD /home/fw3/Desktop/SimplicityStudio_v5/developer/toolchains/gnu_arm/12.2.rel1_2023.7/bin/../lib/gcc/arm-none-eabi/12.2.1/../../../../arm-none-eabi/lib/thumb/v8-m.main+fp/hard/libnosys.a
END GROUP
LOAD /home/fw3/Desktop/SimplicityStudio_v5/developer/toolchains/gnu_arm/12.2.rel1_2023.7/bin/../lib/gcc/arm-none-eabi/12.2.1/../../../../arm-none-eabi/lib/thumb/v8-m.main+fp/hard/libstdc++_nano.a
LOAD /home/fw3/Desktop/SimplicityStudio_v5/developer/toolchains/gnu_arm/12.2.rel1_2023.7/bin/../lib/gcc/arm-none-eabi/12.2.1/../../../../arm-none-eabi/lib/thumb/v8-m.main+fp/hard/libm.a
LOAD /home/fw3/Desktop/SimplicityStudio_v5/developer/toolchains/gnu_arm/12.2.rel1_2023.7/bin/../lib/gcc/arm-none-eabi/12.2.1/../../../../arm-none-eabi/lib/thumb/v8-m.main+fp/hard/libc_nano.a
START GROUP
LOAD /home/fw3/Desktop/SimplicityStudio_v5/developer/toolchains/gnu_arm/12.2.rel1_2023.7/bin/../lib/gcc/arm-none-eabi/12.2.1/thumb/v8-m.main+fp/hard/libgcc.a
LOAD /home/fw3/Desktop/SimplicityStudio_v5/developer/toolchains/gnu_arm/12.2.rel1_2023.7/bin/../lib/gcc/arm-none-eabi/12.2.1/../../../../arm-none-eabi/lib/thumb/v8-m.main+fp/hard/libg_nano.a
LOAD /home/fw3/Desktop/SimplicityStudio_v5/developer/toolchains/gnu_arm/12.2.rel1_2023.7/bin/../lib/gcc/arm-none-eabi/12.2.1/../../../../arm-none-eabi/lib/thumb/v8-m.main+fp/hard/libc_nano.a
END GROUP
START GROUP
LOAD /home/fw3/Desktop/SimplicityStudio_v5/developer/toolchains/gnu_arm/12.2.rel1_2023.7/bin/../lib/gcc/arm-none-eabi/12.2.1/thumb/v8-m.main+fp/hard/libgcc.a
LOAD /home/fw3/Desktop/SimplicityStudio_v5/developer/toolchains/gnu_arm/12.2.rel1_2023.7/bin/../lib/gcc/arm-none-eabi/12.2.1/../../../../arm-none-eabi/lib/thumb/v8-m.main+fp/hard/libc_nano.a
LOAD /home/fw3/Desktop/SimplicityStudio_v5/developer/toolchains/gnu_arm/12.2.rel1_2023.7/bin/../lib/gcc/arm-none-eabi/12.2.1/../../../../arm-none-eabi/lib/thumb/v8-m.main+fp/hard/libnosys.a
END GROUP
START GROUP
LOAD /home/fw3/Desktop/SimplicityStudio_v5/developer/toolchains/gnu_arm/12.2.rel1_2023.7/bin/../lib/gcc/arm-none-eabi/12.2.1/thumb/v8-m.main+fp/hard/libgcc.a
LOAD /home/fw3/Desktop/SimplicityStudio_v5/developer/toolchains/gnu_arm/12.2.rel1_2023.7/bin/../lib/gcc/arm-none-eabi/12.2.1/../../../../arm-none-eabi/lib/thumb/v8-m.main+fp/hard/libc_nano.a
LOAD /home/fw3/Desktop/SimplicityStudio_v5/developer/toolchains/gnu_arm/12.2.rel1_2023.7/bin/../lib/gcc/arm-none-eabi/12.2.1/../../../../arm-none-eabi/lib/thumb/v8-m.main+fp/hard/libnosys.a
END GROUP
LOAD /home/fw3/Desktop/SimplicityStudio_v5/developer/toolchains/gnu_arm/12.2.rel1_2023.7/bin/../lib/gcc/arm-none-eabi/12.2.1/thumb/v8-m.main+fp/hard/crtend.o
LOAD /home/fw3/Desktop/SimplicityStudio_v5/developer/toolchains/gnu_arm/12.2.rel1_2023.7/bin/../lib/gcc/arm-none-eabi/12.2.1/thumb/v8-m.main+fp/hard/crtn.o

.vectors        0x0000000008000000      0x170
                0x0000000008000000                linker_vectors_begin = .
 *(.vectors)
 .vectors       0x0000000008000000      0x170 ./simplicity_sdk_2024.12.2/platform/Device/SiliconLabs/EFR32MG24/Source/startup_efr32mg24.o
                0x0000000008000000                __Vectors
                0x0000000008000170                linker_vectors_end = .
                0x0000000008000170                __Vectors_End = .
                0x0000000008000170                __Vectors_Size = (__Vectors_End - __Vectors)
                0x0000000008000170                __lma_ramfuncs_start__ = .

.stack          0x0000000020000000     0x1000
                0x0000000020000000                . = ALIGN (0x8)
                0x0000000020000000                __StackLimit = .
 *(.stack*)
 .stack         0x0000000020000000     0x1000 ./simplicity_sdk_2024.12.2/platform/service/memory_manager/src/sl_memory_manager_region.o
                0x0000000020001000                . = ALIGN (0x4)
                0x0000000020001000                __StackTop = .
                0x0000000020001000                PROVIDE (__stack = __StackTop)

.bss            0x0000000020001000      0x63c
                0x0000000020001000                . = ALIGN (0x4)
                0x0000000020001000                __bss_start__ = .
 *(SORT_BY_ALIGNMENT(.bss*))
 .bss.object.0  0x0000000020001000       0x18 /home/fw3/Desktop/SimplicityStudio_v5/developer/toolchains/gnu_arm/12.2.rel1_2023.7/bin/../lib/gcc/arm-none-eabi/12.2.1/thumb/v8-m.main+fp/hard/crtbegin.o
 .bss.sl_iostream_recommended_console_stream
                0x0000000020001018        0x4 ./autogen/sl_iostream_handles.o
                0x0000000020001018                sl_iostream_recommended_console_stream
 .bss.context_vcom
                0x000000002000101c       0x64 ./autogen/sl_iostream_init_eusart_instances.o
 .bss.sl_iostream_vcom
                0x0000000020001080       0x18 ./autogen/sl_iostream_init_eusart_instances.o
 .bss.sl_spidrv_mikroe_handle_data
                0x0000000020001098       0x84 ./autogen/sl_spidrv_init.o
                0x0000000020001098                sl_spidrv_mikroe_handle_data
 .bss.sli_uartdrv_default_handle
                0x000000002000111c        0x4 ./autogen/sl_uartdrv_init.o
 .bss.sl_uartdrv_eusart_vcom_handle_data
                0x0000000020001120       0x60 ./autogen/sl_uartdrv_init.o
                0x0000000020001120                sl_uartdrv_eusart_vcom_handle_data
 .bss.uartdrv_handle
                0x0000000020001180        0x4 ./simplicity_sdk_2024.12.2/hardware/driver/configuration_over_swo/src/sl_cos.o
 .bss.gpio_interrupts
                0x0000000020001184      0x168 ./simplicity_sdk_2024.12.2/platform/driver/gpio/src/sl_gpio.o
 .bss.dmaXfer   0x00000000200012ec      0x100 ./simplicity_sdk_2024.12.2/platform/emdrv/dmadrv/src/dmadrv.o
 .bss.chTable   0x00000000200013ec       0x80 ./simplicity_sdk_2024.12.2/platform/emdrv/dmadrv/src/dmadrv.o
 .bss.uartdrvHandle
                0x000000002000146c       0x10 ./simplicity_sdk_2024.12.2/platform/emdrv/uartdrv/src/uartdrv.o
 .bss.i2cTransfer
                0x000000002000147c       0x18 ./simplicity_sdk_2024.12.2/platform/emlib/src/em_i2c.o
 .bss.sli_iostream_default
                0x0000000020001494        0x4 ./simplicity_sdk_2024.12.2/platform/service/iostream/src/sl_iostream.o
 .bss.xfer_cfg  0x0000000020001498       0x10 ./simplicity_sdk_2024.12.2/platform/service/iostream/src/sl_iostream_uart.o
 .bss.max_millisecond_conversion
                0x00000000200014a8        0x4 ./simplicity_sdk_2024.12.2/platform/service/sleeptimer/src/sl_sleeptimer.o
 .bss.last_delta_update_count
                0x00000000200014ac        0x4 ./simplicity_sdk_2024.12.2/platform/service/sleeptimer/src/sl_sleeptimer.o
 .bss.timer_head
                0x00000000200014b0        0x4 ./simplicity_sdk_2024.12.2/platform/service/sleeptimer/src/sl_sleeptimer.o
 .bss.timer_frequency
                0x00000000200014b4        0x4 ./simplicity_sdk_2024.12.2/platform/service/sleeptimer/src/sl_sleeptimer.o
 .bss.overflow_counter
                0x00000000200014b8        0x4 ./simplicity_sdk_2024.12.2/platform/service/sleeptimer/src/sl_sleeptimer.o
 .bss._ZL9last_tick
                0x00000000200014bc        0x4 ./src/co2_calibration.o
 .bss.__sf      0x00000000200014c0      0x138 /home/fw3/Desktop/SimplicityStudio_v5/developer/toolchains/gnu_arm/12.2.rel1_2023.7/bin/../lib/gcc/arm-none-eabi/12.2.1/../../../../arm-none-eabi/lib/thumb/v8-m.main+fp/hard/libc_nano.a(libc_a-findfp.o)
                0x00000000200014c0                __sf
 .bss.__stdio_exit_handler
                0x00000000200015f8        0x4 /home/fw3/Desktop/SimplicityStudio_v5/developer/toolchains/gnu_arm/12.2.rel1_2023.7/bin/../lib/gcc/arm-none-eabi/12.2.1/../../../../arm-none-eabi/lib/thumb/v8-m.main+fp/hard/libc_nano.a(libc_a-findfp.o)
                0x00000000200015f8                __stdio_exit_handler
 .bss.errno     0x00000000200015fc        0x4 /home/fw3/Desktop/SimplicityStudio_v5/developer/toolchains/gnu_arm/12.2.rel1_2023.7/bin/../lib/gcc/arm-none-eabi/12.2.1/../../../../arm-none-eabi/lib/thumb/v8-m.main+fp/hard/libc_nano.a(libc_a-reent.o)
                0x00000000200015fc                errno
 .bss.__malloc_sbrk_start
                0x0000000020001600        0x4 /home/fw3/Desktop/SimplicityStudio_v5/developer/toolchains/gnu_arm/12.2.rel1_2023.7/bin/../lib/gcc/arm-none-eabi/12.2.1/../../../../arm-none-eabi/lib/thumb/v8-m.main+fp/hard/libc_nano.a(libc_a-mallocr.o)
                0x0000000020001600                __malloc_sbrk_start
 .bss.__malloc_free_list
                0x0000000020001604        0x4 /home/fw3/Desktop/SimplicityStudio_v5/developer/toolchains/gnu_arm/12.2.rel1_2023.7/bin/../lib/gcc/arm-none-eabi/12.2.1/../../../../arm-none-eabi/lib/thumb/v8-m.main+fp/hard/libc_nano.a(libc_a-mallocr.o)
                0x0000000020001604                __malloc_free_list
 .bss.completed.1
                0x0000000020001608        0x1 /home/fw3/Desktop/SimplicityStudio_v5/developer/toolchains/gnu_arm/12.2.rel1_2023.7/bin/../lib/gcc/arm-none-eabi/12.2.1/thumb/v8-m.main+fp/hard/crtbegin.o
 .bss.rx_buffer_vcom
                0x0000000020001609       0x20 ./autogen/sl_iostream_init_eusart_instances.o
 .bss.initialized
                0x0000000020001629        0x1 ./simplicity_sdk_2024.12.2/platform/emdrv/dmadrv/src/dmadrv.o
 .bss.spidrvIsInitialized
                0x000000002000162a        0x1 ./simplicity_sdk_2024.12.2/platform/emdrv/spidrv/src/spidrv.o
 .bss.uartdrvHandleIsInitialized
                0x000000002000162b        0x1 ./simplicity_sdk_2024.12.2/platform/emdrv/uartdrv/src/uartdrv.o
 .bss.pclkDiv   0x000000002000162c        0x1 ./simplicity_sdk_2024.12.2/platform/emlib/src/em_cmu.o
 .bss.vScaleEM01Config
                0x000000002000162d        0x1 ./simplicity_sdk_2024.12.2/platform/emlib/src/em_emu.o
 .bss.dali_rx_nb_packets
                0x000000002000162e        0x2 ./simplicity_sdk_2024.12.2/platform/emlib/src/em_eusart.o
 .bss.dali_tx_nb_packets
                0x0000000020001630        0x2 ./simplicity_sdk_2024.12.2/platform/emlib/src/em_eusart.o
 .bss.is_interrupt_manager_initialized
                0x0000000020001632        0x1 ./simplicity_sdk_2024.12.2/platform/service/interrupt_manager/src/sl_interrupt_manager_cortexm.o
 .bss.null_byte
                0x0000000020001633        0x1 ./simplicity_sdk_2024.12.2/platform/service/iostream/src/sl_iostream_uart.o
 .bss.sleep_on_isr_exit
                0x0000000020001634        0x1 ./simplicity_sdk_2024.12.2/platform/service/sleeptimer/src/sl_sleeptimer.o
 .bss.next_timer_to_expire_is_power_manager
                0x0000000020001635        0x1 ./simplicity_sdk_2024.12.2/platform/service/sleeptimer/src/sl_sleeptimer.o
 .bss.is_sleeptimer_initialized
                0x0000000020001636        0x1 ./simplicity_sdk_2024.12.2/platform/service/sleeptimer/src/sl_sleeptimer.o
 .bss._ZL11retry_count
                0x0000000020001637        0x1 ./src/co2_calibration.o
 .bss._ZL5state
                0x0000000020001638        0x1 ./src/co2_calibration.o
 .bss.__lock___malloc_recursive_mutex
                0x0000000020001639        0x1 /home/fw3/Desktop/SimplicityStudio_v5/developer/toolchains/gnu_arm/12.2.rel1_2023.7/bin/../lib/gcc/arm-none-eabi/12.2.1/../../../../arm-none-eabi/lib/thumb/v8-m.main+fp/hard/libc_nano.a(libc_a-lock.o)
                0x0000000020001639                __lock___malloc_recursive_mutex
 .bss.__lock___sfp_recursive_mutex
                0x000000002000163a        0x1 /home/fw3/Desktop/SimplicityStudio_v5/developer/toolchains/gnu_arm/12.2.rel1_2023.7/bin/../lib/gcc/arm-none-eabi/12.2.1/../../../../arm-none-eabi/lib/thumb/v8-m.main+fp/hard/libc_nano.a(libc_a-lock.o)
                0x000000002000163a                __lock___sfp_recursive_mutex
 *(COMMON)
                0x000000002000163c                . = ALIGN (0x4)
 *fill*         0x000000002000163b        0x1 
                0x000000002000163c                __bss_end__ = .

.noinit         0x000000002000163c        0x0
 *(.noinit*)
                0x000000002000163c                . = ALIGN (0x4)

text_application_ram
                0x000000002000163c        0x0 load address 0x0000000008000170
                0x000000002000163c                . = ALIGN (0x4)
                0x000000002000163c                __vma_ramfuncs_start__ = .
                0x000000002000163c                __text_application_ram_start__ = .
 *(text_application_ram)
                0x000000002000163c                . = ALIGN (0x4)
                0x000000002000163c                __vma_ramfuncs_end__ = .
                0x000000002000163c                __text_application_ram_end__ = .

.rodata         0x0000000008000170        0x0
                0x0000000008000170                __lma_ramfuncs_end__ = .
                0x0000000008000170                __rodata_start__ = .
                0x0000000008000170                __rodata_end__ = .

.text           0x0000000008000170     0x88fc
                0x0000000008000170                linker_code_begin = .
 *(SORT_BY_ALIGNMENT(.text*))
 .text          0x0000000008000170        0x8 ./simplicity_sdk_2024.12.2/platform/service/udelay/src/sl_udelay_armv6m_gcc.o
                0x0000000008000170                sli_delay_loop
 .text.deregister_tm_clones
                0x0000000008000178       0x1c /home/fw3/Desktop/SimplicityStudio_v5/developer/toolchains/gnu_arm/12.2.rel1_2023.7/bin/../lib/gcc/arm-none-eabi/12.2.1/thumb/v8-m.main+fp/hard/crtbegin.o
 .text.register_tm_clones
                0x0000000008000194       0x28 /home/fw3/Desktop/SimplicityStudio_v5/developer/toolchains/gnu_arm/12.2.rel1_2023.7/bin/../lib/gcc/arm-none-eabi/12.2.1/thumb/v8-m.main+fp/hard/crtbegin.o
 .text.__do_global_dtors_aux
                0x00000000080001bc       0x28 /home/fw3/Desktop/SimplicityStudio_v5/developer/toolchains/gnu_arm/12.2.rel1_2023.7/bin/../lib/gcc/arm-none-eabi/12.2.1/thumb/v8-m.main+fp/hard/crtbegin.o
 .text.frame_dummy
                0x00000000080001e4       0x24 /home/fw3/Desktop/SimplicityStudio_v5/developer/toolchains/gnu_arm/12.2.rel1_2023.7/bin/../lib/gcc/arm-none-eabi/12.2.1/thumb/v8-m.main+fp/hard/crtbegin.o
 .text          0x0000000008000208       0x7c /home/fw3/Desktop/SimplicityStudio_v5/developer/toolchains/gnu_arm/12.2.rel1_2023.7/bin/../lib/gcc/arm-none-eabi/12.2.1/../../../../arm-none-eabi/lib/thumb/v8-m.main+fp/hard/crt0.o
                0x0000000008000208                _stack_init
                0x0000000008000210                _mainCRTStartup
                0x0000000008000210                _start
 .text.startup.main
                0x0000000008000284       0x7c ./main.o
                0x0000000008000284                main
 .text.sl_i2cspm_init_instances
                0x0000000008000300       0x1c ./autogen/sl_i2cspm_init.o
                0x0000000008000300                sl_i2cspm_init_instances
 .text.sl_iostream_set_console_instance
                0x000000000800031c       0x24 ./autogen/sl_iostream_handles.o
                0x000000000800031c                sl_iostream_set_console_instance
 .text.sl_iostream_eusart_init_vcom
                0x0000000008000340       0x90 ./autogen/sl_iostream_init_eusart_instances.o
                0x0000000008000340                sl_iostream_eusart_init_vcom
 .text.EUSART0_RX_IRQHandler
                0x00000000080003d0        0xc ./autogen/sl_iostream_init_eusart_instances.o
                0x00000000080003d0                EUSART0_RX_IRQHandler
 .text.sl_simple_button_init_instances
                0x00000000080003dc       0x1c ./autogen/sl_simple_button_instances.o
                0x00000000080003dc                sl_simple_button_init_instances
 .text.sl_simple_led_init_instances
                0x00000000080003f8        0xc ./autogen/sl_simple_led_instances.o
                0x00000000080003f8                sl_simple_led_init_instances
 .text.sl_spidrv_init_instances
                0x0000000008000404       0x14 ./autogen/sl_spidrv_init.o
                0x0000000008000404                sl_spidrv_init_instances
 .text.sl_uartdrv_set_default
                0x0000000008000418       0x14 ./autogen/sl_uartdrv_init.o
                0x0000000008000418                sl_uartdrv_set_default
 .text.sl_uartdrv_init_instances
                0x000000000800042c       0x20 ./autogen/sl_uartdrv_init.o
                0x000000000800042c                sl_uartdrv_init_instances
 .text.sl_uartdrv_get_default
                0x000000000800044c        0xc ./autogen/sl_uartdrv_init.o
                0x000000000800044c                sl_uartdrv_get_default
 .text.sl_board_init
                0x0000000008000458       0x14 ./simplicity_sdk_2024.12.2/hardware/board/src/sl_board_init.o
                0x0000000008000458                sl_board_init
 .text.sl_board_preinit
                0x000000000800046c        0xc ./simplicity_sdk_2024.12.2/hardware/board/src/sl_board_init.o
                0x000000000800046c                sl_board_preinit
 .text.sl_cos_send_config
                0x0000000008000478       0x58 ./simplicity_sdk_2024.12.2/hardware/driver/configuration_over_swo/src/sl_cos.o
                0x0000000008000478                sl_cos_send_config
 .text.CopyToRam
                0x00000000080004d0       0x1c ./simplicity_sdk_2024.12.2/platform/Device/SiliconLabs/EFR32MG24/Source/startup_efr32mg24.o
                0x00000000080004d0                CopyToRam
 .text.Reset_Handler
                0x00000000080004ec       0x64 ./simplicity_sdk_2024.12.2/platform/Device/SiliconLabs/EFR32MG24/Source/startup_efr32mg24.o
                0x00000000080004ec                Reset_Handler
 .text.SystemInit
                0x0000000008000550       0x64 ./simplicity_sdk_2024.12.2/platform/Device/SiliconLabs/EFR32MG24/Source/system_efr32mg24.o
                0x0000000008000550                SystemInit
 .text.SystemHFRCODPLLClockSet
                0x00000000080005b4        0xc ./simplicity_sdk_2024.12.2/platform/Device/SiliconLabs/EFR32MG24/Source/system_efr32mg24.o
                0x00000000080005b4                SystemHFRCODPLLClockSet
 .text.SystemHFXOClockSet
                0x00000000080005c0       0x20 ./simplicity_sdk_2024.12.2/platform/Device/SiliconLabs/EFR32MG24/Source/system_efr32mg24.o
                0x00000000080005c0                SystemHFXOClockSet
 .text.sl_simple_button_init
                0x00000000080005e0       0x90 ./simplicity_sdk_2024.12.2/platform/driver/button/src/sl_simple_button.o
                0x00000000080005e0                sl_simple_button_init
 .text.sl_debug_swo_init
                0x0000000008000670       0xcc ./simplicity_sdk_2024.12.2/platform/driver/debug/src/sl_debug_swo.o
                0x0000000008000670                sl_debug_swo_init
 .text.sl_debug_swo_write_u8
                0x000000000800073c       0x44 ./simplicity_sdk_2024.12.2/platform/driver/debug/src/sl_debug_swo.o
                0x000000000800073c                sl_debug_swo_write_u8
 .text.sl_gpio_dispatch_interrupt
                0x0000000008000780       0x5c ./simplicity_sdk_2024.12.2/platform/driver/gpio/src/sl_gpio.o
 .text.sl_gpio_init
                0x00000000080007dc       0x38 ./simplicity_sdk_2024.12.2/platform/driver/gpio/src/sl_gpio.o
                0x00000000080007dc                sl_gpio_init
 .text.sl_gpio_set_pin_mode
                0x0000000008000814       0x80 ./simplicity_sdk_2024.12.2/platform/driver/gpio/src/sl_gpio.o
                0x0000000008000814                sl_gpio_set_pin_mode
 .text.sl_gpio_set_pin
                0x0000000008000894       0x58 ./simplicity_sdk_2024.12.2/platform/driver/gpio/src/sl_gpio.o
                0x0000000008000894                sl_gpio_set_pin
 .text.sl_gpio_clear_pin
                0x00000000080008ec       0x58 ./simplicity_sdk_2024.12.2/platform/driver/gpio/src/sl_gpio.o
                0x00000000080008ec                sl_gpio_clear_pin
 .text.sl_gpio_get_pin_output
                0x0000000008000944       0x64 ./simplicity_sdk_2024.12.2/platform/driver/gpio/src/sl_gpio.o
                0x0000000008000944                sl_gpio_get_pin_output
 .text.sl_gpio_get_pin_input
                0x00000000080009a8       0x64 ./simplicity_sdk_2024.12.2/platform/driver/gpio/src/sl_gpio.o
                0x00000000080009a8                sl_gpio_get_pin_input
 .text.sl_gpio_configure_external_interrupt
                0x0000000008000a0c       0xe0 ./simplicity_sdk_2024.12.2/platform/driver/gpio/src/sl_gpio.o
                0x0000000008000a0c                sl_gpio_configure_external_interrupt
 .text.sl_gpio_deconfigure_external_interrupt
                0x0000000008000aec       0x4c ./simplicity_sdk_2024.12.2/platform/driver/gpio/src/sl_gpio.o
                0x0000000008000aec                sl_gpio_deconfigure_external_interrupt
 .text.sl_gpio_configure_wakeup_em4_interrupt
                0x0000000008000b38       0xb8 ./simplicity_sdk_2024.12.2/platform/driver/gpio/src/sl_gpio.o
                0x0000000008000b38                sl_gpio_configure_wakeup_em4_interrupt
 .text.GPIO_EVEN_IRQHandler
                0x0000000008000bf0       0x20 ./simplicity_sdk_2024.12.2/platform/driver/gpio/src/sl_gpio.o
                0x0000000008000bf0                GPIO_EVEN_IRQHandler
 .text.GPIO_ODD_IRQHandler
                0x0000000008000c10       0x20 ./simplicity_sdk_2024.12.2/platform/driver/gpio/src/sl_gpio.o
                0x0000000008000c10                GPIO_ODD_IRQHandler
 .text.I2CSPM_Init
                0x0000000008000c30       0xd8 ./simplicity_sdk_2024.12.2/platform/driver/i2cspm/src/sl_i2cspm.o
                0x0000000008000c30                I2CSPM_Init
 .text.I2CSPM_Transfer
                0x0000000008000d08       0x20 ./simplicity_sdk_2024.12.2/platform/driver/i2cspm/src/sl_i2cspm.o
                0x0000000008000d08                I2CSPM_Transfer
 .text.sl_simple_led_init
                0x0000000008000d28       0x34 ./simplicity_sdk_2024.12.2/platform/driver/leddrv/src/sl_simple_led.o
                0x0000000008000d28                sl_simple_led_init
 .text.StartTransfer
                0x0000000008000d5c      0x17c ./simplicity_sdk_2024.12.2/platform/emdrv/dmadrv/src/dmadrv.o
 .text.DMADRV_AllocateChannel
                0x0000000008000ed8       0x60 ./simplicity_sdk_2024.12.2/platform/emdrv/dmadrv/src/dmadrv.o
                0x0000000008000ed8                DMADRV_AllocateChannel
 .text.DMADRV_DeInit
                0x0000000008000f38       0x44 ./simplicity_sdk_2024.12.2/platform/emdrv/dmadrv/src/dmadrv.o
                0x0000000008000f38                DMADRV_DeInit
 .text.DMADRV_FreeChannel
                0x0000000008000f7c       0x4c ./simplicity_sdk_2024.12.2/platform/emdrv/dmadrv/src/dmadrv.o
                0x0000000008000f7c                DMADRV_FreeChannel
 .text.DMADRV_Init
                0x0000000008000fc8       0x68 ./simplicity_sdk_2024.12.2/platform/emdrv/dmadrv/src/dmadrv.o
                0x0000000008000fc8                DMADRV_Init
 .text.DMADRV_LdmaStartTransfer
                0x0000000008001030       0x4c ./simplicity_sdk_2024.12.2/platform/emdrv/dmadrv/src/dmadrv.o
                0x0000000008001030                DMADRV_LdmaStartTransfer
 .text.DMADRV_PauseTransfer
                0x000000000800107c       0x40 ./simplicity_sdk_2024.12.2/platform/emdrv/dmadrv/src/dmadrv.o
                0x000000000800107c                DMADRV_PauseTransfer
 .text.DMADRV_ResumeTransfer
                0x00000000080010bc       0x40 ./simplicity_sdk_2024.12.2/platform/emdrv/dmadrv/src/dmadrv.o
                0x00000000080010bc                DMADRV_ResumeTransfer
 .text.LDMA_IRQHandler
                0x00000000080010fc       0x74 ./simplicity_sdk_2024.12.2/platform/emdrv/dmadrv/src/dmadrv.o
                0x00000000080010fc                LDMA_IRQHandler
 .text.SPIDRV_Init
                0x0000000008001170      0x330 ./simplicity_sdk_2024.12.2/platform/emdrv/spidrv/src/spidrv.o
                0x0000000008001170                SPIDRV_Init
 .text.CheckParams
                0x00000000080014a0       0x24 ./simplicity_sdk_2024.12.2/platform/emdrv/uartdrv/src/uartdrv.o
 .text.addHandle
                0x00000000080014c4       0x50 ./simplicity_sdk_2024.12.2/platform/emdrv/uartdrv/src/uartdrv.o
 .text.HwFcManageClearToSend
                0x0000000008001514       0x80 ./simplicity_sdk_2024.12.2/platform/emdrv/uartdrv/src/uartdrv.o
 .text.InitializeDma
                0x0000000008001594       0x2c ./simplicity_sdk_2024.12.2/platform/emdrv/uartdrv/src/uartdrv.o
 .text.EnableTransmitter
                0x00000000080015c0       0x50 ./simplicity_sdk_2024.12.2/platform/emdrv/uartdrv/src/uartdrv.o
 .text.UARTDRV_ForceTransmit
                0x0000000008001610      0x110 ./simplicity_sdk_2024.12.2/platform/emdrv/uartdrv/src/uartdrv.o
                0x0000000008001610                UARTDRV_ForceTransmit
 .text.UARTDRV_PauseTransmit
                0x0000000008001720       0x30 ./simplicity_sdk_2024.12.2/platform/emdrv/uartdrv/src/uartdrv.o
                0x0000000008001720                UARTDRV_PauseTransmit
 .text.UARTDRV_ResumeTransmit
                0x0000000008001750       0x40 ./simplicity_sdk_2024.12.2/platform/emdrv/uartdrv/src/uartdrv.o
                0x0000000008001750                UARTDRV_ResumeTransmit
 .text.InitializeGpioFlowControl
                0x0000000008001790       0x3c ./simplicity_sdk_2024.12.2/platform/emdrv/uartdrv/src/uartdrv.o
 .text.UARTDRV_InitEuart
                0x00000000080017cc      0x1e0 ./simplicity_sdk_2024.12.2/platform/emdrv/uartdrv/src/uartdrv.o
                0x00000000080017cc                UARTDRV_InitEuart
 .text.EMU_VScaleGet
                0x00000000080019ac       0x18 ./simplicity_sdk_2024.12.2/platform/emlib/src/em_cmu.o
 .text.dpllRefClkGet
                0x00000000080019c4       0x48 ./simplicity_sdk_2024.12.2/platform/emlib/src/em_cmu.o
 .text.em23GrpaClkGet
                0x0000000008001a0c       0x48 ./simplicity_sdk_2024.12.2/platform/emlib/src/em_cmu.o
 .text.em4GrpaClkGet
                0x0000000008001a54       0x48 ./simplicity_sdk_2024.12.2/platform/emlib/src/em_cmu.o
 .text.sysrtcClkGet
                0x0000000008001a9c       0x48 ./simplicity_sdk_2024.12.2/platform/emlib/src/em_cmu.o
 .text.traceClkGet
                0x0000000008001ae4       0x54 ./simplicity_sdk_2024.12.2/platform/emlib/src/em_cmu.o
 .text.em01GrpaClkGet
                0x0000000008001b38       0x74 ./simplicity_sdk_2024.12.2/platform/emlib/src/em_cmu.o
 .text.em01GrpcClkGet
                0x0000000008001bac       0x70 ./simplicity_sdk_2024.12.2/platform/emlib/src/em_cmu.o
 .text.eusart0ClkGet
                0x0000000008001c1c       0x74 ./simplicity_sdk_2024.12.2/platform/emlib/src/em_cmu.o
 .text.iadcClkGet
                0x0000000008001c90       0x60 ./simplicity_sdk_2024.12.2/platform/emlib/src/em_cmu.o
 .text.wdog0ClkGet
                0x0000000008001cf0       0x64 ./simplicity_sdk_2024.12.2/platform/emlib/src/em_cmu.o
 .text.wdog1ClkGet
                0x0000000008001d54       0x64 ./simplicity_sdk_2024.12.2/platform/emlib/src/em_cmu.o
 .text.vdac0ClkGet
                0x0000000008001db8       0x70 ./simplicity_sdk_2024.12.2/platform/emlib/src/em_cmu.o
 .text.vdac1ClkGet
                0x0000000008001e28       0x70 ./simplicity_sdk_2024.12.2/platform/emlib/src/em_cmu.o
 .text.pcnt0ClkGet
                0x0000000008001e98       0x4c ./simplicity_sdk_2024.12.2/platform/emlib/src/em_cmu.o
 .text.HFRCODPLLDevinfoGet
                0x0000000008001ee4      0x108 ./simplicity_sdk_2024.12.2/platform/emlib/src/em_cmu.o
 .text.CMU_ClockDivGet
                0x0000000008001fec       0x78 ./simplicity_sdk_2024.12.2/platform/emlib/src/em_cmu.o
                0x0000000008001fec                CMU_ClockDivGet
 .text.flashWaitStateControl
                0x0000000008002064       0x58 ./simplicity_sdk_2024.12.2/platform/emlib/src/em_cmu.o
 .text.CMU_ClockEnable
                0x00000000080020bc       0x50 ./simplicity_sdk_2024.12.2/platform/emlib/src/em_cmu.o
                0x00000000080020bc                CMU_ClockEnable
 .text.CMU_ClockFreqGet
                0x000000000800210c      0x210 ./simplicity_sdk_2024.12.2/platform/emlib/src/em_cmu.o
                0x000000000800210c                CMU_ClockFreqGet
 .text.rhclkPrescOptimize
                0x000000000800231c       0x20 ./simplicity_sdk_2024.12.2/platform/emlib/src/em_cmu.o
 .text.CMU_ClockSelectGet
                0x000000000800233c      0x208 ./simplicity_sdk_2024.12.2/platform/emlib/src/em_cmu.o
                0x000000000800233c                CMU_ClockSelectGet
 .text.sli_em_cmu_SYSTICEXTCLKENClear
                0x0000000008002544       0x30 ./simplicity_sdk_2024.12.2/platform/emlib/src/em_cmu.o
                0x0000000008002544                sli_em_cmu_SYSTICEXTCLKENClear
 .text.CMU_HFXOInit
                0x0000000008002574      0x224 ./simplicity_sdk_2024.12.2/platform/emlib/src/em_cmu.o
                0x0000000008002574                CMU_HFXOInit
 .text.CMU_HFXOCTuneDeltaGet
                0x0000000008002798        0xc ./simplicity_sdk_2024.12.2/platform/emlib/src/em_cmu.o
                0x0000000008002798                CMU_HFXOCTuneDeltaGet
 .text.CMU_LFXOInit
                0x00000000080027a4       0xc4 ./simplicity_sdk_2024.12.2/platform/emlib/src/em_cmu.o
                0x00000000080027a4                CMU_LFXOInit
 .text.CMU_LFXOPrecisionSet
                0x0000000008002868        0xc ./simplicity_sdk_2024.12.2/platform/emlib/src/em_cmu.o
                0x0000000008002868                CMU_LFXOPrecisionSet
 .text.CMU_HFXOPrecisionSet
                0x0000000008002874        0xc ./simplicity_sdk_2024.12.2/platform/emlib/src/em_cmu.o
                0x0000000008002874                CMU_HFXOPrecisionSet
 .text.CMU_LFRCOSetPrecision
                0x0000000008002880       0x80 ./simplicity_sdk_2024.12.2/platform/emlib/src/em_cmu.o
                0x0000000008002880                CMU_LFRCOSetPrecision
 .text.CMU_ClockDivSet
                0x0000000008002900      0x12c ./simplicity_sdk_2024.12.2/platform/emlib/src/em_cmu.o
                0x0000000008002900                CMU_ClockDivSet
 .text.sli_em_cmu_SYSCLKInitPreClockSelect
                0x0000000008002a2c       0x30 ./simplicity_sdk_2024.12.2/platform/emlib/src/em_cmu.o
                0x0000000008002a2c                sli_em_cmu_SYSCLKInitPreClockSelect
 .text.pclkDivOptimize
                0x0000000008002a5c       0x24 ./simplicity_sdk_2024.12.2/platform/emlib/src/em_cmu.o
 .text.sli_em_cmu_SYSCLKInitPostClockSelect
                0x0000000008002a80       0x40 ./simplicity_sdk_2024.12.2/platform/emlib/src/em_cmu.o
                0x0000000008002a80                sli_em_cmu_SYSCLKInitPostClockSelect
 .text.CMU_HFRCODPLLBandSet
                0x0000000008002ac0      0x11c ./simplicity_sdk_2024.12.2/platform/emlib/src/em_cmu.o
                0x0000000008002ac0                CMU_HFRCODPLLBandSet
 .text.CMU_HFRCOEM23BandSet
                0x0000000008002bdc      0x168 ./simplicity_sdk_2024.12.2/platform/emlib/src/em_cmu.o
                0x0000000008002bdc                CMU_HFRCOEM23BandSet
 .text.EMU_DCDCSync
                0x0000000008002d44       0x10 ./simplicity_sdk_2024.12.2/platform/emlib/src/em_emu.o
 .text.EMU_EM4Init
                0x0000000008002d54       0x14 ./simplicity_sdk_2024.12.2/platform/emlib/src/em_emu.o
                0x0000000008002d54                EMU_EM4Init
 .text.EMU_VScaleEM01
                0x0000000008002d68       0xa8 ./simplicity_sdk_2024.12.2/platform/emlib/src/em_emu.o
                0x0000000008002d68                EMU_VScaleEM01
 .text.EMU_VScaleEM01ByClock
                0x0000000008002e10       0x30 ./simplicity_sdk_2024.12.2/platform/emlib/src/em_emu.o
                0x0000000008002e10                EMU_VScaleEM01ByClock
 .text.EMU_DCDCModeSet
                0x0000000008002e40       0xac ./simplicity_sdk_2024.12.2/platform/emlib/src/em_emu.o
                0x0000000008002e40                EMU_DCDCModeSet
 .text.EMU_DCDCInit
                0x0000000008002eec       0x70 ./simplicity_sdk_2024.12.2/platform/emlib/src/em_emu.o
                0x0000000008002eec                EMU_DCDCInit
 .text.EMU_DCDCSetPFMXModePeakCurrent
                0x0000000008002f5c       0x6c ./simplicity_sdk_2024.12.2/platform/emlib/src/em_emu.o
                0x0000000008002f5c                EMU_DCDCSetPFMXModePeakCurrent
 .text.EUSART_Reset
                0x0000000008002fc8       0x54 ./simplicity_sdk_2024.12.2/platform/emlib/src/em_eusart.o
                0x0000000008002fc8                EUSART_Reset
 .text.EUSART_Enable
                0x000000000800301c       0x6c ./simplicity_sdk_2024.12.2/platform/emlib/src/em_eusart.o
                0x000000000800301c                EUSART_Enable
 .text.EUSART_BaudrateSet
                0x0000000008003088      0x1cc ./simplicity_sdk_2024.12.2/platform/emlib/src/em_eusart.o
                0x0000000008003088                EUSART_BaudrateSet
 .text.EUSART_AsyncInitCommon
                0x0000000008003254      0x23c ./simplicity_sdk_2024.12.2/platform/emlib/src/em_eusart.o
 .text.EUSART_UartInitHf
                0x0000000008003490       0x5c ./simplicity_sdk_2024.12.2/platform/emlib/src/em_eusart.o
                0x0000000008003490                EUSART_UartInitHf
 .text.EUSART_UartInitLf
                0x00000000080034ec       0xb8 ./simplicity_sdk_2024.12.2/platform/emlib/src/em_eusart.o
                0x00000000080034ec                EUSART_UartInitLf
 .text.EUSART_SpiInit
                0x00000000080035a4      0x20c ./simplicity_sdk_2024.12.2/platform/emlib/src/em_eusart.o
                0x00000000080035a4                EUSART_SpiInit
 .text.EUSART_BaudrateGet
                0x00000000080037b0       0xf0 ./simplicity_sdk_2024.12.2/platform/emlib/src/em_eusart.o
                0x00000000080037b0                EUSART_BaudrateGet
 .text.GPIO_PinOutSet
                0x00000000080038a0       0x3c ./simplicity_sdk_2024.12.2/platform/emlib/src/em_gpio.o
 .text.GPIO_PinOutClear
                0x00000000080038dc       0x3c ./simplicity_sdk_2024.12.2/platform/emlib/src/em_gpio.o
 .text.GPIO_PinModeSet
                0x0000000008003918       0x94 ./simplicity_sdk_2024.12.2/platform/emlib/src/em_gpio.o
                0x0000000008003918                GPIO_PinModeSet
 .text.I2C_BusFreqSet
                0x00000000080039ac      0x108 ./simplicity_sdk_2024.12.2/platform/emlib/src/em_i2c.o
                0x00000000080039ac                I2C_BusFreqSet
 .text.I2C_Enable
                0x0000000008003ab4       0x38 ./simplicity_sdk_2024.12.2/platform/emlib/src/em_i2c.o
                0x0000000008003ab4                I2C_Enable
 .text.I2C_Init
                0x0000000008003aec       0x64 ./simplicity_sdk_2024.12.2/platform/emlib/src/em_i2c.o
                0x0000000008003aec                I2C_Init
 .text.I2C_Transfer
                0x0000000008003b50      0x224 ./simplicity_sdk_2024.12.2/platform/emlib/src/em_i2c.o
                0x0000000008003b50                I2C_Transfer
 .text.I2C_TransferInit
                0x0000000008003d74       0xbc ./simplicity_sdk_2024.12.2/platform/emlib/src/em_i2c.o
                0x0000000008003d74                I2C_TransferInit
 .text.LDMA_DeInit
                0x0000000008003e30       0x2c ./simplicity_sdk_2024.12.2/platform/emlib/src/em_ldma.o
                0x0000000008003e30                LDMA_DeInit
 .text.LDMA_EnableChannelRequest
                0x0000000008003e5c       0x40 ./simplicity_sdk_2024.12.2/platform/emlib/src/em_ldma.o
                0x0000000008003e5c                LDMA_EnableChannelRequest
 .text.LDMA_Init
                0x0000000008003e9c       0x90 ./simplicity_sdk_2024.12.2/platform/emlib/src/em_ldma.o
                0x0000000008003e9c                LDMA_Init
 .text.LDMA_StartTransfer
                0x0000000008003f2c      0x104 ./simplicity_sdk_2024.12.2/platform/emlib/src/em_ldma.o
                0x0000000008003f2c                LDMA_StartTransfer
 .text.LDMA_StopTransfer
                0x0000000008004030       0x38 ./simplicity_sdk_2024.12.2/platform/emlib/src/em_ldma.o
                0x0000000008004030                LDMA_StopTransfer
 .text.LDMA_TransferDone
                0x0000000008004068       0x44 ./simplicity_sdk_2024.12.2/platform/emlib/src/em_ldma.o
                0x0000000008004068                LDMA_TransferDone
 .text.LDMA_TransferRemainingCount
                0x00000000080040ac       0x44 ./simplicity_sdk_2024.12.2/platform/emlib/src/em_ldma.o
                0x00000000080040ac                LDMA_TransferRemainingCount
 .text.USART_BaudrateSyncSet
                0x00000000080040f0       0x48 ./simplicity_sdk_2024.12.2/platform/emlib/src/em_usart.o
                0x00000000080040f0                USART_BaudrateSyncSet
 .text.USART_Reset
                0x0000000008004138       0x58 ./simplicity_sdk_2024.12.2/platform/emlib/src/em_usart.o
                0x0000000008004138                USART_Reset
 .text.USART_InitSync
                0x0000000008004190       0xb0 ./simplicity_sdk_2024.12.2/platform/emlib/src/em_usart.o
                0x0000000008004190                USART_InitSync
 .text.sl_hal_gpio_clear_pin
                0x0000000008004240       0x54 ./simplicity_sdk_2024.12.2/platform/peripheral/src/sl_hal_gpio.o
                0x0000000008004240                sl_hal_gpio_clear_pin
 .text.sl_hal_gpio_get_pin_input
                0x0000000008004294       0x58 ./simplicity_sdk_2024.12.2/platform/peripheral/src/sl_hal_gpio.o
                0x0000000008004294                sl_hal_gpio_get_pin_input
 .text.sl_hal_gpio_get_pin_output
                0x00000000080042ec       0x58 ./simplicity_sdk_2024.12.2/platform/peripheral/src/sl_hal_gpio.o
                0x00000000080042ec                sl_hal_gpio_get_pin_output
 .text.sl_hal_gpio_get_enabled_pending_interrupts
                0x0000000008004344       0x14 ./simplicity_sdk_2024.12.2/platform/peripheral/src/sl_hal_gpio.o
                0x0000000008004344                sl_hal_gpio_get_enabled_pending_interrupts
 .text.sl_hal_gpio_get_em4_interrupt_number
                0x0000000008004358       0x80 ./simplicity_sdk_2024.12.2/platform/peripheral/src/sl_hal_gpio.o
                0x0000000008004358                sl_hal_gpio_get_em4_interrupt_number
 .text.sl_hal_gpio_set_pin_em4_retention
                0x00000000080043d8       0x20 ./simplicity_sdk_2024.12.2/platform/peripheral/src/sl_hal_gpio.o
                0x00000000080043d8                sl_hal_gpio_set_pin_em4_retention
 .text.sl_hal_gpio_set_pin_mode
                0x00000000080043f8       0xd0 ./simplicity_sdk_2024.12.2/platform/peripheral/src/sl_hal_gpio.o
                0x00000000080043f8                sl_hal_gpio_set_pin_mode
 .text.sl_hal_gpio_configure_external_interrupt
                0x00000000080044c8      0x178 ./simplicity_sdk_2024.12.2/platform/peripheral/src/sl_hal_gpio.o
                0x00000000080044c8                sl_hal_gpio_configure_external_interrupt
 .text.sl_hal_gpio_enable_pin_em4_wakeup
                0x0000000008004640       0x68 ./simplicity_sdk_2024.12.2/platform/peripheral/src/sl_hal_gpio.o
                0x0000000008004640                sl_hal_gpio_enable_pin_em4_wakeup
 .text.sl_hal_gpio_configure_wakeup_em4_external_interrupt
                0x00000000080046a8       0x8c ./simplicity_sdk_2024.12.2/platform/peripheral/src/sl_hal_gpio.o
                0x00000000080046a8                sl_hal_gpio_configure_wakeup_em4_external_interrupt
 .text.sl_hal_sysrtc_wait_ready
                0x0000000008004734       0x1c ./simplicity_sdk_2024.12.2/platform/peripheral/src/sl_hal_sysrtc.o
                0x0000000008004734                sl_hal_sysrtc_wait_ready
 .text.sl_hal_sysrtc_stop
                0x0000000008004750       0x14 ./simplicity_sdk_2024.12.2/platform/peripheral/src/sl_hal_sysrtc.o
                0x0000000008004750                sl_hal_sysrtc_stop
 .text.sl_hal_sysrtc_enable
                0x0000000008004764       0x18 ./simplicity_sdk_2024.12.2/platform/peripheral/src/sl_hal_sysrtc.o
                0x0000000008004764                sl_hal_sysrtc_enable
 .text.sl_hal_sysrtc_disable
                0x000000000800477c       0x1c ./simplicity_sdk_2024.12.2/platform/peripheral/src/sl_hal_sysrtc.o
                0x000000000800477c                sl_hal_sysrtc_disable
 .text.sl_hal_sysrtc_init
                0x0000000008004798       0x20 ./simplicity_sdk_2024.12.2/platform/peripheral/src/sl_hal_sysrtc.o
                0x0000000008004798                sl_hal_sysrtc_init
 .text.sl_hal_sysrtc_init_group
                0x00000000080047b8       0x48 ./simplicity_sdk_2024.12.2/platform/peripheral/src/sl_hal_sysrtc.o
                0x00000000080047b8                sl_hal_sysrtc_init_group
 .text.sli_clock_manager_hal_enable_bus_clock
                0x0000000008004800       0x54 ./simplicity_sdk_2024.12.2/platform/service/clock_manager/src/sl_clock_manager_hal_s2.o
                0x0000000008004800                sli_clock_manager_hal_enable_bus_clock
 .text.sli_clock_manager_hal_init
                0x0000000008004854      0x250 ./simplicity_sdk_2024.12.2/platform/service/clock_manager/src/sl_clock_manager_init_hal_s2.o
                0x0000000008004854                sli_clock_manager_hal_init
 .text.sl_device_init_dcdc
                0x0000000008004aa4       0x2c ./simplicity_sdk_2024.12.2/platform/service/device_init/src/sl_device_init_dcdc_s2.o
                0x0000000008004aa4                sl_device_init_dcdc
 .text.sl_device_init_emu
                0x0000000008004ad0       0x24 ./simplicity_sdk_2024.12.2/platform/service/device_init/src/sl_device_init_emu_s2.o
                0x0000000008004ad0                sl_device_init_emu
 .text.get_priority
                0x0000000008004af4       0x24 ./simplicity_sdk_2024.12.2/platform/service/interrupt_manager/src/sl_interrupt_manager_cortexm.o
 .text.sl_interrupt_manager_disable_irq
                0x0000000008004b18       0x3c ./simplicity_sdk_2024.12.2/platform/service/interrupt_manager/src/sl_interrupt_manager_cortexm.o
                0x0000000008004b18                sl_interrupt_manager_disable_irq
 .text.sl_interrupt_manager_enable_irq
                0x0000000008004b54       0x34 ./simplicity_sdk_2024.12.2/platform/service/interrupt_manager/src/sl_interrupt_manager_cortexm.o
                0x0000000008004b54                sl_interrupt_manager_enable_irq
 .text.sl_interrupt_manager_is_irq_disabled
                0x0000000008004b88       0x30 ./simplicity_sdk_2024.12.2/platform/service/interrupt_manager/src/sl_interrupt_manager_cortexm.o
                0x0000000008004b88                sl_interrupt_manager_is_irq_disabled
 .text.sl_interrupt_manager_is_irq_blocked
                0x0000000008004bb8       0x68 ./simplicity_sdk_2024.12.2/platform/service/interrupt_manager/src/sl_interrupt_manager_cortexm.o
                0x0000000008004bb8                sl_interrupt_manager_is_irq_blocked
 .text.sl_interrupt_manager_clear_irq_pending
                0x0000000008004c20       0x1c ./simplicity_sdk_2024.12.2/platform/service/interrupt_manager/src/sl_interrupt_manager_cortexm.o
                0x0000000008004c20                sl_interrupt_manager_clear_irq_pending
 .text.sl_interrupt_manager_set_irq_priority
                0x0000000008004c3c       0x50 ./simplicity_sdk_2024.12.2/platform/service/interrupt_manager/src/sl_interrupt_manager_cortexm.o
                0x0000000008004c3c                sl_interrupt_manager_set_irq_priority
 .text.sl_interrupt_manager_init
                0x0000000008004c8c       0x34 ./simplicity_sdk_2024.12.2/platform/service/interrupt_manager/src/sl_interrupt_manager_cortexm.o
                0x0000000008004c8c                sl_interrupt_manager_init
 .text.sl_iostream_set_default
                0x0000000008004cc0       0x18 ./simplicity_sdk_2024.12.2/platform/service/iostream/src/sl_iostream.o
                0x0000000008004cc0                sl_iostream_set_default
 .text.sl_iostream_get_default
                0x0000000008004cd8       0x18 ./simplicity_sdk_2024.12.2/platform/service/iostream/src/sl_iostream.o
                0x0000000008004cd8                sl_iostream_get_default
 .text.sl_iostream_eusart_init
                0x0000000008004cf0      0x240 ./simplicity_sdk_2024.12.2/platform/service/iostream/src/sl_iostream_eusart.o
                0x0000000008004cf0                sl_iostream_eusart_init
 .text.sl_iostream_eusart_irq_handler
                0x0000000008004f30       0x10 ./simplicity_sdk_2024.12.2/platform/service/iostream/src/sl_iostream_eusart.o
                0x0000000008004f30                sl_iostream_eusart_irq_handler
 .text._write   0x0000000008004f40       0x20 ./simplicity_sdk_2024.12.2/platform/service/iostream/src/sl_iostream_retarget_stdio.o
                0x0000000008004f40                _write
 .text.__rx_buffer_empty
                0x0000000008004f60       0x34 ./simplicity_sdk_2024.12.2/platform/service/iostream/src/sl_iostream_uart.o
 .text.__get_write_ptr
                0x0000000008004f94       0x60 ./simplicity_sdk_2024.12.2/platform/service/iostream/src/sl_iostream_uart.o
 .text.uart_deinit
                0x0000000008004ff4       0x7c ./simplicity_sdk_2024.12.2/platform/service/iostream/src/sl_iostream_uart.o
 .text.set_new_data_detect
                0x0000000008005070      0x14c ./simplicity_sdk_2024.12.2/platform/service/iostream/src/sl_iostream_uart.o
 .text.rx_buffer_empty
                0x00000000080051bc       0x38 ./simplicity_sdk_2024.12.2/platform/service/iostream/src/sl_iostream_uart.o
 .text.uart_read
                0x00000000080051f4      0x268 ./simplicity_sdk_2024.12.2/platform/service/iostream/src/sl_iostream_uart.o
 .text.uart_write
                0x000000000800545c       0xc4 ./simplicity_sdk_2024.12.2/platform/service/iostream/src/sl_iostream_uart.o
 .text.sli_iostream_uart_context_init
                0x0000000008005520       0xf8 ./simplicity_sdk_2024.12.2/platform/service/iostream/src/sl_iostream_uart.o
                0x0000000008005520                sli_iostream_uart_context_init
 .text._sbrk    0x0000000008005618       0x20 ./simplicity_sdk_2024.12.2/platform/service/memory_manager/src/sl_memory_manager_region.o
                0x0000000008005618                _sbrk
 .text.sl_sleeptimer_init
                0x0000000008005638       0x74 ./simplicity_sdk_2024.12.2/platform/service/sleeptimer/src/sl_sleeptimer.o
                0x0000000008005638                sl_sleeptimer_init
 .text.sl_sleeptimer_delay_millisecond
                0x00000000080056ac       0x38 ./simplicity_sdk_2024.12.2/platform/service/sleeptimer/src/sl_sleeptimer.o
                0x00000000080056ac                sl_sleeptimer_delay_millisecond
 .text.sleeptimer_hal_init_timer
                0x00000000080056e4       0x6c ./simplicity_sdk_2024.12.2/platform/service/sleeptimer/src/sl_sleeptimer_hal_sysrtc.o
                0x00000000080056e4                sleeptimer_hal_init_timer
 .text.sl_udelay_wait
                0x0000000008005750       0x58 ./simplicity_sdk_2024.12.2/platform/service/udelay/src/sl_udelay.o
                0x0000000008005750                sl_udelay_wait
 .text._Z21co2_calibration_startt
                0x00000000080057a8       0x40 ./src/co2_calibration.o
                0x00000000080057a8                co2_calibration_start(unsigned short)
 .text._Z23co2_calibration_is_donev
                0x00000000080057e8       0x10 ./src/co2_calibration.o
                0x00000000080057e8                co2_calibration_is_done()
 .text._Z24co2_calibration_is_errorv
                0x00000000080057f8       0x10 ./src/co2_calibration.o
                0x00000000080057f8                co2_calibration_is_error()
 .text._Z23co2_calibration_processv
                0x0000000008005808      0x134 ./src/co2_calibration.o
                0x0000000008005808                co2_calibration_process()
 .text._Z11sensor_readhPht
                0x000000000800593c       0x44 ./src/co2_sensor.o
                0x000000000800593c                sensor_read(unsigned char, unsigned char*, unsigned short)
 .text._Z12sensor_writePht
                0x0000000008005980       0x34 ./src/co2_sensor.o
                0x0000000008005980                sensor_write(unsigned char*, unsigned short)
 .text._Z8co2_initv
                0x00000000080059b4       0x5c ./src/co2_sensor.o
                0x00000000080059b4                co2_init()
 .text          0x0000000008005a10       0x30 /home/fw3/Desktop/SimplicityStudio_v5/developer/toolchains/gnu_arm/12.2.rel1_2023.7/bin/../lib/gcc/arm-none-eabi/12.2.1/thumb/v8-m.main+fp/hard/libgcc.a(_aeabi_uldivmod.o)
                0x0000000008005a10                __aeabi_uldivmod
 .text.__udivmoddi4
                0x0000000008005a40      0x2ec /home/fw3/Desktop/SimplicityStudio_v5/developer/toolchains/gnu_arm/12.2.rel1_2023.7/bin/../lib/gcc/arm-none-eabi/12.2.1/thumb/v8-m.main+fp/hard/libgcc.a(_udivmoddi4.o)
                0x0000000008005a40                __udivmoddi4
 .text          0x0000000008005d2c        0x4 /home/fw3/Desktop/SimplicityStudio_v5/developer/toolchains/gnu_arm/12.2.rel1_2023.7/bin/../lib/gcc/arm-none-eabi/12.2.1/thumb/v8-m.main+fp/hard/libgcc.a(_dvmd_tls.o)
                0x0000000008005d2c                __aeabi_ldiv0
                0x0000000008005d2c                __aeabi_idiv0
 .text.exit     0x0000000008005d30       0x24 /home/fw3/Desktop/SimplicityStudio_v5/developer/toolchains/gnu_arm/12.2.rel1_2023.7/bin/../lib/gcc/arm-none-eabi/12.2.1/../../../../arm-none-eabi/lib/thumb/v8-m.main+fp/hard/libc_nano.a(libc_a-exit.o)
                0x0000000008005d30                exit
 .text.__libc_init_array
                0x0000000008005d54       0x48 /home/fw3/Desktop/SimplicityStudio_v5/developer/toolchains/gnu_arm/12.2.rel1_2023.7/bin/../lib/gcc/arm-none-eabi/12.2.1/../../../../arm-none-eabi/lib/thumb/v8-m.main+fp/hard/libc_nano.a(libc_a-init.o)
                0x0000000008005d54                __libc_init_array
 .text.printf   0x0000000008005d9c       0x24 /home/fw3/Desktop/SimplicityStudio_v5/developer/toolchains/gnu_arm/12.2.rel1_2023.7/bin/../lib/gcc/arm-none-eabi/12.2.1/../../../../arm-none-eabi/lib/thumb/v8-m.main+fp/hard/libc_nano.a(libc_a-printf.o)
                0x0000000008005d9c                printf
                0x0000000008005d9c                iprintf
 .text._vfprintf_r
                0x0000000008005dc0      0x230 /home/fw3/Desktop/SimplicityStudio_v5/developer/toolchains/gnu_arm/12.2.rel1_2023.7/bin/../lib/gcc/arm-none-eabi/12.2.1/../../../../arm-none-eabi/lib/thumb/v8-m.main+fp/hard/libc_nano.a(libc_a-nano-vfprintf.o)
                0x0000000008005dc0                _vfiprintf_r
                0x0000000008005dc0                _vfprintf_r
 .text.__swsetup_r
                0x0000000008005ff0       0xac /home/fw3/Desktop/SimplicityStudio_v5/developer/toolchains/gnu_arm/12.2.rel1_2023.7/bin/../lib/gcc/arm-none-eabi/12.2.1/../../../../arm-none-eabi/lib/thumb/v8-m.main+fp/hard/libc_nano.a(libc_a-wsetup.o)
                0x0000000008005ff0                __swsetup_r
 .text._printf_i
                0x000000000800609c      0x258 /home/fw3/Desktop/SimplicityStudio_v5/developer/toolchains/gnu_arm/12.2.rel1_2023.7/bin/../lib/gcc/arm-none-eabi/12.2.1/../../../../arm-none-eabi/lib/thumb/v8-m.main+fp/hard/libc_nano.a(libc_a-nano-vfprintf_i.o)
                0x000000000800609c                _printf_i
 .text.std      0x00000000080062f4       0x6c /home/fw3/Desktop/SimplicityStudio_v5/developer/toolchains/gnu_arm/12.2.rel1_2023.7/bin/../lib/gcc/arm-none-eabi/12.2.1/../../../../arm-none-eabi/lib/thumb/v8-m.main+fp/hard/libc_nano.a(libc_a-findfp.o)
 .text.stdio_exit_handler
                0x0000000008006360       0x18 /home/fw3/Desktop/SimplicityStudio_v5/developer/toolchains/gnu_arm/12.2.rel1_2023.7/bin/../lib/gcc/arm-none-eabi/12.2.1/../../../../arm-none-eabi/lib/thumb/v8-m.main+fp/hard/libc_nano.a(libc_a-findfp.o)
 .text.cleanup_stdio
                0x0000000008006378       0x40 /home/fw3/Desktop/SimplicityStudio_v5/developer/toolchains/gnu_arm/12.2.rel1_2023.7/bin/../lib/gcc/arm-none-eabi/12.2.1/../../../../arm-none-eabi/lib/thumb/v8-m.main+fp/hard/libc_nano.a(libc_a-findfp.o)
 .text.global_stdio_init.part.0
                0x00000000080063b8       0x3c /home/fw3/Desktop/SimplicityStudio_v5/developer/toolchains/gnu_arm/12.2.rel1_2023.7/bin/../lib/gcc/arm-none-eabi/12.2.1/../../../../arm-none-eabi/lib/thumb/v8-m.main+fp/hard/libc_nano.a(libc_a-findfp.o)
 .text.__sfp_lock_acquire
                0x00000000080063f4        0xc /home/fw3/Desktop/SimplicityStudio_v5/developer/toolchains/gnu_arm/12.2.rel1_2023.7/bin/../lib/gcc/arm-none-eabi/12.2.1/../../../../arm-none-eabi/lib/thumb/v8-m.main+fp/hard/libc_nano.a(libc_a-findfp.o)
                0x00000000080063f4                __sfp_lock_acquire
 .text.__sfp_lock_release
                0x0000000008006400        0xc /home/fw3/Desktop/SimplicityStudio_v5/developer/toolchains/gnu_arm/12.2.rel1_2023.7/bin/../lib/gcc/arm-none-eabi/12.2.1/../../../../arm-none-eabi/lib/thumb/v8-m.main+fp/hard/libc_nano.a(libc_a-findfp.o)
                0x0000000008006400                __sfp_lock_release
 .text.__sinit  0x000000000800640c       0x30 /home/fw3/Desktop/SimplicityStudio_v5/developer/toolchains/gnu_arm/12.2.rel1_2023.7/bin/../lib/gcc/arm-none-eabi/12.2.1/../../../../arm-none-eabi/lib/thumb/v8-m.main+fp/hard/libc_nano.a(libc_a-findfp.o)
                0x000000000800640c                __sinit
 .text._write_r
                0x000000000800643c       0x24 /home/fw3/Desktop/SimplicityStudio_v5/developer/toolchains/gnu_arm/12.2.rel1_2023.7/bin/../lib/gcc/arm-none-eabi/12.2.1/../../../../arm-none-eabi/lib/thumb/v8-m.main+fp/hard/libc_nano.a(libc_a-writer.o)
                0x000000000800643c                _write_r
 .text._free_r  0x0000000008006460       0x94 /home/fw3/Desktop/SimplicityStudio_v5/developer/toolchains/gnu_arm/12.2.rel1_2023.7/bin/../lib/gcc/arm-none-eabi/12.2.1/../../../../arm-none-eabi/lib/thumb/v8-m.main+fp/hard/libc_nano.a(libc_a-freer.o)
                0x0000000008006460                _free_r
 .text._close_r
                0x00000000080064f4       0x20 /home/fw3/Desktop/SimplicityStudio_v5/developer/toolchains/gnu_arm/12.2.rel1_2023.7/bin/../lib/gcc/arm-none-eabi/12.2.1/../../../../arm-none-eabi/lib/thumb/v8-m.main+fp/hard/libc_nano.a(libc_a-closer.o)
                0x00000000080064f4                _close_r
 .text.sbrk_aligned
                0x0000000008006514       0x44 /home/fw3/Desktop/SimplicityStudio_v5/developer/toolchains/gnu_arm/12.2.rel1_2023.7/bin/../lib/gcc/arm-none-eabi/12.2.1/../../../../arm-none-eabi/lib/thumb/v8-m.main+fp/hard/libc_nano.a(libc_a-mallocr.o)
 .text._malloc_r
                0x0000000008006558       0xf0 /home/fw3/Desktop/SimplicityStudio_v5/developer/toolchains/gnu_arm/12.2.rel1_2023.7/bin/../lib/gcc/arm-none-eabi/12.2.1/../../../../arm-none-eabi/lib/thumb/v8-m.main+fp/hard/libc_nano.a(libc_a-mallocr.o)
                0x0000000008006558                _malloc_r
 .text._fstat_r
                0x0000000008006648       0x24 /home/fw3/Desktop/SimplicityStudio_v5/developer/toolchains/gnu_arm/12.2.rel1_2023.7/bin/../lib/gcc/arm-none-eabi/12.2.1/../../../../arm-none-eabi/lib/thumb/v8-m.main+fp/hard/libc_nano.a(libc_a-fstatr.o)
                0x0000000008006648                _fstat_r
 .text._isatty_r
                0x000000000800666c       0x20 /home/fw3/Desktop/SimplicityStudio_v5/developer/toolchains/gnu_arm/12.2.rel1_2023.7/bin/../lib/gcc/arm-none-eabi/12.2.1/../../../../arm-none-eabi/lib/thumb/v8-m.main+fp/hard/libc_nano.a(libc_a-isattyr.o)
                0x000000000800666c                _isatty_r
 .text._lseek_r
                0x000000000800668c       0x24 /home/fw3/Desktop/SimplicityStudio_v5/developer/toolchains/gnu_arm/12.2.rel1_2023.7/bin/../lib/gcc/arm-none-eabi/12.2.1/../../../../arm-none-eabi/lib/thumb/v8-m.main+fp/hard/libc_nano.a(libc_a-lseekr.o)
                0x000000000800668c                _lseek_r
 .text._read_r  0x00000000080066b0       0x24 /home/fw3/Desktop/SimplicityStudio_v5/developer/toolchains/gnu_arm/12.2.rel1_2023.7/bin/../lib/gcc/arm-none-eabi/12.2.1/../../../../arm-none-eabi/lib/thumb/v8-m.main+fp/hard/libc_nano.a(libc_a-readr.o)
                0x00000000080066b0                _read_r
 .text.__malloc_lock
                0x00000000080066d4        0xc /home/fw3/Desktop/SimplicityStudio_v5/developer/toolchains/gnu_arm/12.2.rel1_2023.7/bin/../lib/gcc/arm-none-eabi/12.2.1/../../../../arm-none-eabi/lib/thumb/v8-m.main+fp/hard/libc_nano.a(libc_a-mlock.o)
                0x00000000080066d4                __malloc_lock
 .text.__malloc_unlock
                0x00000000080066e0        0xc /home/fw3/Desktop/SimplicityStudio_v5/developer/toolchains/gnu_arm/12.2.rel1_2023.7/bin/../lib/gcc/arm-none-eabi/12.2.1/../../../../arm-none-eabi/lib/thumb/v8-m.main+fp/hard/libc_nano.a(libc_a-mlock.o)
                0x00000000080066e0                __malloc_unlock
 .text._sbrk_r  0x00000000080066ec       0x20 /home/fw3/Desktop/SimplicityStudio_v5/developer/toolchains/gnu_arm/12.2.rel1_2023.7/bin/../lib/gcc/arm-none-eabi/12.2.1/../../../../arm-none-eabi/lib/thumb/v8-m.main+fp/hard/libc_nano.a(libc_a-sbrkr.o)
                0x00000000080066ec                _sbrk_r
 .text.sl_board_default_init
                0x000000000800670c        0x2 ./autogen/sl_board_default_init.o
                0x000000000800670c                sl_board_default_init
 .text.sl_platform_init
                0x000000000800670e       0x22 ./autogen/sl_event_handler.o
                0x000000000800670e                sl_platform_init
 .text.sl_driver_init
                0x0000000008006730       0x2a ./autogen/sl_event_handler.o
                0x0000000008006730                sl_driver_init
 .text.sl_stack_init
                0x000000000800675a        0x2 ./autogen/sl_event_handler.o
                0x000000000800675a                sl_stack_init
 .text.sl_internal_app_init
                0x000000000800675c        0x2 ./autogen/sl_event_handler.o
                0x000000000800675c                sl_internal_app_init
 .text.sl_iostream_init_instances
                0x000000000800675e        0xe ./autogen/sl_event_handler.o
                0x000000000800675e                sl_iostream_init_instances
 .text.sl_service_init
                0x000000000800676c       0x12 ./autogen/sl_event_handler.o
                0x000000000800676c                sl_service_init
 .text.sl_iostream_eusart_init_instances
                0x000000000800677e        0x4 ./autogen/sl_iostream_init_eusart_instances.o
                0x000000000800677e                sl_iostream_eusart_init_instances
 .text.EUSART0_TX_IRQHandler
                0x0000000008006782        0x4 ./autogen/sl_iostream_init_eusart_instances.o
                0x0000000008006782                EUSART0_TX_IRQHandler
 .text.sl_board_configure_vcom
                0x0000000008006786        0x4 ./simplicity_sdk_2024.12.2/hardware/board/src/sl_board_control_gpio.o
                0x0000000008006786                sl_board_configure_vcom
 .text.sli_cos_swo_itm_8_write.constprop.0.isra.0
                0x000000000800678a       0x78 ./simplicity_sdk_2024.12.2/hardware/driver/configuration_over_swo/src/sl_cos.o
 .text.sl_cos_config_vcom
                0x0000000008006802       0x1e ./simplicity_sdk_2024.12.2/hardware/driver/configuration_over_swo/src/sl_cos.o
                0x0000000008006802                sl_cos_config_vcom
 .text.Default_Handler
                0x0000000008006820        0x2 ./simplicity_sdk_2024.12.2/platform/Device/SiliconLabs/EFR32MG24/Source/startup_efr32mg24.o
                0x0000000008006820                ULFRCO_IRQHandler
                0x0000000008006820                AHB2AHB1_IRQHandler
                0x0000000008006820                SW2_IRQHandler
                0x0000000008006820                TIMER2_IRQHandler
                0x0000000008006820                DebugMon_Handler
                0x0000000008006820                USART0_TX_IRQHandler
                0x0000000008006820                IADC_IRQHandler
                0x0000000008006820                I2C0_IRQHandler
                0x0000000008006820                LFXO_IRQHandler
                0x0000000008006820                HardFault_Handler
                0x0000000008006820                SMU_SECURE_IRQHandler
                0x0000000008006820                SysTick_Handler
                0x0000000008006820                SYSRTC_SEQ_IRQHandler
                0x0000000008006820                EMUEFP_IRQHandler
                0x0000000008006820                PendSV_Handler
                0x0000000008006820                NMI_Handler
                0x0000000008006820                SYNTH_IRQHandler
                0x0000000008006820                HOSTMAILBOX_IRQHandler
                0x0000000008006820                HFXO0_IRQHandler
                0x0000000008006820                I2C1_IRQHandler
                0x0000000008006820                WDOG0_IRQHandler
                0x0000000008006820                TIMER3_IRQHandler
                0x0000000008006820                SYSCFG_IRQHandler
                0x0000000008006820                RFECA1_IRQHandler
                0x0000000008006820                EMUDG_IRQHandler
                0x0000000008006820                MSC_IRQHandler
                0x0000000008006820                DPLL0_IRQHandler
                0x0000000008006820                UsageFault_Handler
                0x0000000008006820                WDOG1_IRQHandler
                0x0000000008006820                M33CTI1_IRQHandler
                0x0000000008006820                TIMER4_IRQHandler
                0x0000000008006820                VDAC0_IRQHandler
                0x0000000008006820                SEMBTX_IRQHandler
                0x0000000008006820                SW0_IRQHandler
                0x0000000008006820                TIMER0_IRQHandler
                0x0000000008006820                MVP_IRQHandler
                0x0000000008006820                LETIMER0_IRQHandler
                0x0000000008006820                EUSART1_RX_IRQHandler
                0x0000000008006820                TIMER1_IRQHandler
                0x0000000008006820                HFRCO0_IRQHandler
                0x0000000008006820                SecureFault_Handler
                0x0000000008006820                BUFC_IRQHandler
                0x0000000008006820                DCDC_IRQHandler
                0x0000000008006820                MODEM_IRQHandler
                0x0000000008006820                Default_Handler
                0x0000000008006820                RAC_SEQ_IRQHandler
                0x0000000008006820                FRC_PRI_IRQHandler
                0x0000000008006820                EMU_IRQHandler
                0x0000000008006820                SW3_IRQHandler
                0x0000000008006820                KERNEL0_IRQHandler
                0x0000000008006820                FRC_IRQHandler
                0x0000000008006820                PCNT0_IRQHandler
                0x0000000008006820                KERNEL1_IRQHandler
                0x0000000008006820                AGC_IRQHandler
                0x0000000008006820                EUSART1_TX_IRQHandler
                0x0000000008006820                KEYSCAN_IRQHandler
                0x0000000008006820                sl_app_properties
                0x0000000008006820                HFRCOEM23_IRQHandler
                0x0000000008006820                BURTC_IRQHandler
                0x0000000008006820                SEMBRX_IRQHandler
                0x0000000008006820                RFECA0_IRQHandler
                0x0000000008006820                LFRCO_IRQHandler
                0x0000000008006820                VDAC1_IRQHandler
                0x0000000008006820                ACMP0_IRQHandler
                0x0000000008006820                USART0_RX_IRQHandler
                0x0000000008006820                MemManage_Handler
                0x0000000008006820                AHB2AHB0_IRQHandler
                0x0000000008006820                SVC_Handler
                0x0000000008006820                SMU_S_PRIVILEGED_IRQHandler
                0x0000000008006820                SW1_IRQHandler
                0x0000000008006820                CMU_IRQHandler
                0x0000000008006820                RAC_RSM_IRQHandler
                0x0000000008006820                SETAMPERHOST_IRQHandler
                0x0000000008006820                AES_IRQHandler
                0x0000000008006820                M33CTI0_IRQHandler
                0x0000000008006820                ICACHE0_IRQHandler
                0x0000000008006820                SMU_NS_PRIVILEGED_IRQHandler
                0x0000000008006820                FPUEXH_IRQHandler
                0x0000000008006820                PROTIMER_IRQHandler
                0x0000000008006820                ACMP1_IRQHandler
                0x0000000008006820                BusFault_Handler
                0x0000000008006820                MPAHBRAM_IRQHandler
 .text.CopyInstructions
                0x0000000008006822       0x1a ./simplicity_sdk_2024.12.2/platform/Device/SiliconLabs/EFR32MG24/Source/startup_efr32mg24.o
                0x0000000008006822                CopyInstructions
 .text.assertEFM
                0x000000000800683c        0x2 ./simplicity_sdk_2024.12.2/platform/common/src/sl_assert.o
                0x000000000800683c                assertEFM
 .text.sl_button_init
                0x000000000800683e        0xa ./simplicity_sdk_2024.12.2/platform/driver/button/src/sl_button.o
                0x000000000800683e                sl_button_init
 .text.sl_button_on_change
                0x0000000008006848        0x2 ./simplicity_sdk_2024.12.2/platform/driver/button/src/sl_button.o
                0x0000000008006848                sl_button_on_change
 .text.sli_simple_button_on_change
                0x000000000800684a       0x30 ./simplicity_sdk_2024.12.2/platform/driver/button/src/sl_simple_button.o
 .text.sl_simple_button_get_state
                0x000000000800687a        0x6 ./simplicity_sdk_2024.12.2/platform/driver/button/src/sl_simple_button.o
                0x000000000800687a                sl_simple_button_get_state
 .text.sl_simple_button_poll_step
                0x0000000008006880       0x58 ./simplicity_sdk_2024.12.2/platform/driver/button/src/sl_simple_button.o
                0x0000000008006880                sl_simple_button_poll_step
 .text.sl_simple_button_enable
                0x00000000080068d8       0x12 ./simplicity_sdk_2024.12.2/platform/driver/button/src/sl_simple_button.o
                0x00000000080068d8                sl_simple_button_enable
 .text.sl_simple_button_disable
                0x00000000080068ea       0x1c ./simplicity_sdk_2024.12.2/platform/driver/button/src/sl_simple_button.o
                0x00000000080068ea                sl_simple_button_disable
 .text.sl_debug_swo_enable_itm
                0x0000000008006906       0x16 ./simplicity_sdk_2024.12.2/platform/driver/debug/src/sl_debug_swo.o
                0x0000000008006906                sl_debug_swo_enable_itm
 .text.sl_debug_swo_disable_itm
                0x000000000800691c       0x18 ./simplicity_sdk_2024.12.2/platform/driver/debug/src/sl_debug_swo.o
                0x000000000800691c                sl_debug_swo_disable_itm
 .text.sl_led_init
                0x0000000008006934        0x6 ./simplicity_sdk_2024.12.2/platform/driver/leddrv/src/sl_led.o
                0x0000000008006934                sl_led_init
 .text.sl_simple_led_turn_on
                0x000000000800693a       0x24 ./simplicity_sdk_2024.12.2/platform/driver/leddrv/src/sl_simple_led.o
                0x000000000800693a                sl_simple_led_turn_on
 .text.sl_simple_led_turn_off
                0x000000000800695e       0x24 ./simplicity_sdk_2024.12.2/platform/driver/leddrv/src/sl_simple_led.o
                0x000000000800695e                sl_simple_led_turn_off
 .text.sl_simple_led_toggle
                0x0000000008006982       0x1a ./simplicity_sdk_2024.12.2/platform/driver/leddrv/src/sl_simple_led.o
                0x0000000008006982                sl_simple_led_toggle
 .text.sl_simple_led_get_state
                0x000000000800699c       0x2a ./simplicity_sdk_2024.12.2/platform/driver/leddrv/src/sl_simple_led.o
                0x000000000800699c                sl_simple_led_get_state
 .text.DMADRV_PeripheralMemory
                0x00000000080069c6       0x34 ./simplicity_sdk_2024.12.2/platform/emdrv/dmadrv/src/dmadrv.o
                0x00000000080069c6                DMADRV_PeripheralMemory
 .text.GPIOINT_Init
                0x00000000080069fa        0x4 ./simplicity_sdk_2024.12.2/platform/emdrv/gpiointerrupt/src/gpiointerrupt.o
                0x00000000080069fa                GPIOINT_Init
 .text.ConfigGPIO
                0x00000000080069fe       0xea ./simplicity_sdk_2024.12.2/platform/emdrv/spidrv/src/spidrv.o
 .text.ConfigGpio
                0x0000000008006ae8       0xd6 ./simplicity_sdk_2024.12.2/platform/emdrv/uartdrv/src/uartdrv.o
 .text.HwFcGetClearToSendPin
                0x0000000008006bbe       0x32 ./simplicity_sdk_2024.12.2/platform/emdrv/uartdrv/src/uartdrv.o
 .text.FcApplyState
                0x0000000008006bf0       0x78 ./simplicity_sdk_2024.12.2/platform/emdrv/uartdrv/src/uartdrv.o
 .text.BUS_RegMaskedWrite
                0x0000000008006c68       0x1e ./simplicity_sdk_2024.12.2/platform/emlib/src/em_cmu.o
 .text.waitStateMax
                0x0000000008006c86       0x10 ./simplicity_sdk_2024.12.2/platform/emlib/src/em_cmu.o
 .text.CMU_UpdateWaitStates
                0x0000000008006c96        0xc ./simplicity_sdk_2024.12.2/platform/emlib/src/em_cmu.o
                0x0000000008006c96                CMU_UpdateWaitStates
 .text.pclkDivMax
                0x0000000008006ca2        0xa ./simplicity_sdk_2024.12.2/platform/emlib/src/em_cmu.o
 .text.EMU_EFPEM01VScale
                0x0000000008006cac        0x2 ./simplicity_sdk_2024.12.2/platform/emlib/src/em_emu.o
                0x0000000008006cac                EMU_EFPEM01VScale
 .text.EMU_DCDCUpdatedHook
                0x0000000008006cae        0x2 ./simplicity_sdk_2024.12.2/platform/emlib/src/em_emu.o
                0x0000000008006cae                EMU_DCDCUpdatedHook
 .text.eusart_sync
                0x0000000008006cb0        0x8 ./simplicity_sdk_2024.12.2/platform/emlib/src/em_eusart.o
 .text.EUSART_Disable
                0x0000000008006cb8       0x34 ./simplicity_sdk_2024.12.2/platform/emlib/src/em_eusart.o
 .text.EUSART_Tx
                0x0000000008006cec        0xa ./simplicity_sdk_2024.12.2/platform/emlib/src/em_eusart.o
                0x0000000008006cec                EUSART_Tx
 .text.BUS_RegMaskedWrite
                0x0000000008006cf6       0x1e ./simplicity_sdk_2024.12.2/platform/emlib/src/em_gpio.o
 .text.USART_Tx
                0x0000000008006d14        0xa ./simplicity_sdk_2024.12.2/platform/emlib/src/em_usart.o
                0x0000000008006d14                USART_Tx
 .text.sl_hal_bus_reg_write_mask
                0x0000000008006d1e       0x1e ./simplicity_sdk_2024.12.2/platform/peripheral/src/sl_hal_gpio.o
 .text.sl_hal_gpio_get_external_interrupt_number
                0x0000000008006d3c       0x34 ./simplicity_sdk_2024.12.2/platform/peripheral/src/sl_hal_gpio.o
                0x0000000008006d3c                sl_hal_gpio_get_external_interrupt_number
 .text.sl_clock_manager_runtime_init
                0x0000000008006d70        0x4 ./simplicity_sdk_2024.12.2/platform/service/clock_manager/src/sl_clock_manager.o
                0x0000000008006d70                sl_clock_manager_runtime_init
 .text.sl_clock_manager_enable_bus_clock
                0x0000000008006d74        0x6 ./simplicity_sdk_2024.12.2/platform/service/clock_manager/src/sl_clock_manager.o
                0x0000000008006d74                sl_clock_manager_enable_bus_clock
 .text.sl_clock_manager_disable_bus_clock
                0x0000000008006d7a        0x6 ./simplicity_sdk_2024.12.2/platform/service/clock_manager/src/sl_clock_manager.o
                0x0000000008006d7a                sl_clock_manager_disable_bus_clock
 .text.sli_clock_manager_hal_runtime_init
                0x0000000008006d80        0x4 ./simplicity_sdk_2024.12.2/platform/service/clock_manager/src/sl_clock_manager_hal_s2.o
                0x0000000008006d80                sli_clock_manager_hal_runtime_init
 .text.sl_clock_manager_init
                0x0000000008006d84        0x4 ./simplicity_sdk_2024.12.2/platform/service/clock_manager/src/sl_clock_manager_init.o
                0x0000000008006d84                sl_clock_manager_init
 .text.sl_iostream_write
                0x0000000008006d88       0x22 ./simplicity_sdk_2024.12.2/platform/service/iostream/src/sl_iostream.o
                0x0000000008006d88                sl_iostream_write
 .text.sl_iostream_read
                0x0000000008006daa       0x30 ./simplicity_sdk_2024.12.2/platform/service/iostream/src/sl_iostream.o
                0x0000000008006daa                sl_iostream_read
 .text.eusart_deinit
                0x0000000008006dda       0x78 ./simplicity_sdk_2024.12.2/platform/service/iostream/src/sl_iostream_eusart.o
 .text.eusart_tx
                0x0000000008006e52        0xe ./simplicity_sdk_2024.12.2/platform/service/iostream/src/sl_iostream_eusart.o
 .text._close   0x0000000008006e60        0x4 ./simplicity_sdk_2024.12.2/platform/service/iostream/src/sl_iostream_retarget_stdio.o
                0x0000000008006e60                _close
 .text._exit    0x0000000008006e64        0x2 ./simplicity_sdk_2024.12.2/platform/service/iostream/src/sl_iostream_retarget_stdio.o
                0x0000000008006e64                _exit
 .text._fstat   0x0000000008006e66        0xa ./simplicity_sdk_2024.12.2/platform/service/iostream/src/sl_iostream_retarget_stdio.o
                0x0000000008006e66                _fstat
 .text._isatty  0x0000000008006e70        0x4 ./simplicity_sdk_2024.12.2/platform/service/iostream/src/sl_iostream_retarget_stdio.o
                0x0000000008006e70                _isatty
 .text._lseek   0x0000000008006e74        0x4 ./simplicity_sdk_2024.12.2/platform/service/iostream/src/sl_iostream_retarget_stdio.o
                0x0000000008006e74                _lseek
 .text._read    0x0000000008006e78       0x1c ./simplicity_sdk_2024.12.2/platform/service/iostream/src/sl_iostream_retarget_stdio.o
                0x0000000008006e78                _read
 .text.set_auto_cr_lf
                0x0000000008006e94        0x6 ./simplicity_sdk_2024.12.2/platform/service/iostream/src/sl_iostream_uart.o
 .text.get_auto_cr_lf
                0x0000000008006e9a        0x6 ./simplicity_sdk_2024.12.2/platform/service/iostream/src/sl_iostream_uart.o
 .text.rx_dma_irq_handler
                0x0000000008006ea0        0x4 ./simplicity_sdk_2024.12.2/platform/service/iostream/src/sl_iostream_uart.o
 .text.sl_system_init
                0x0000000008006ea4       0x1a ./simplicity_sdk_2024.12.2/platform/service/system/src/sl_system_init.o
                0x0000000008006ea4                sl_system_init
 .text._ZL8ms_ticksv
                0x0000000008006ebe       0x24 ./src/co2_calibration.o
 .text._Z12co2_read_ppmPt
                0x0000000008006ee2       0x1c ./src/co2_sensor.o
                0x0000000008006ee2                co2_read_ppm(unsigned short*)
 .text.__sfputc_r
                0x0000000008006efe       0x2e /home/fw3/Desktop/SimplicityStudio_v5/developer/toolchains/gnu_arm/12.2.rel1_2023.7/bin/../lib/gcc/arm-none-eabi/12.2.1/../../../../arm-none-eabi/lib/thumb/v8-m.main+fp/hard/libc_nano.a(libc_a-nano-vfprintf.o)
 .text.__sfputs_r
                0x0000000008006f2c       0x24 /home/fw3/Desktop/SimplicityStudio_v5/developer/toolchains/gnu_arm/12.2.rel1_2023.7/bin/../lib/gcc/arm-none-eabi/12.2.1/../../../../arm-none-eabi/lib/thumb/v8-m.main+fp/hard/libc_nano.a(libc_a-nano-vfprintf.o)
                0x0000000008006f2c                __sfputs_r
 .text.__swbuf_r
                0x0000000008006f50       0x7c /home/fw3/Desktop/SimplicityStudio_v5/developer/toolchains/gnu_arm/12.2.rel1_2023.7/bin/../lib/gcc/arm-none-eabi/12.2.1/../../../../arm-none-eabi/lib/thumb/v8-m.main+fp/hard/libc_nano.a(libc_a-wbuf.o)
                0x0000000008006f50                __swbuf_r
 .text._printf_common
                0x0000000008006fcc       0xe4 /home/fw3/Desktop/SimplicityStudio_v5/developer/toolchains/gnu_arm/12.2.rel1_2023.7/bin/../lib/gcc/arm-none-eabi/12.2.1/../../../../arm-none-eabi/lib/thumb/v8-m.main+fp/hard/libc_nano.a(libc_a-nano-vfprintf_i.o)
                0x0000000008006fcc                _printf_common
 .text.__sflush_r
                0x00000000080070b0      0x106 /home/fw3/Desktop/SimplicityStudio_v5/developer/toolchains/gnu_arm/12.2.rel1_2023.7/bin/../lib/gcc/arm-none-eabi/12.2.1/../../../../arm-none-eabi/lib/thumb/v8-m.main+fp/hard/libc_nano.a(libc_a-fflush.o)
                0x00000000080070b0                __sflush_r
 .text._fflush_r
                0x00000000080071b6       0x50 /home/fw3/Desktop/SimplicityStudio_v5/developer/toolchains/gnu_arm/12.2.rel1_2023.7/bin/../lib/gcc/arm-none-eabi/12.2.1/../../../../arm-none-eabi/lib/thumb/v8-m.main+fp/hard/libc_nano.a(libc_a-fflush.o)
                0x00000000080071b6                _fflush_r
 .text.memchr   0x0000000008007206       0x1c /home/fw3/Desktop/SimplicityStudio_v5/developer/toolchains/gnu_arm/12.2.rel1_2023.7/bin/../lib/gcc/arm-none-eabi/12.2.1/../../../../arm-none-eabi/lib/thumb/v8-m.main+fp/hard/libc_nano.a(libc_a-memchr-stub.o)
                0x0000000008007206                memchr
 .text.memcpy   0x0000000008007222       0x1a /home/fw3/Desktop/SimplicityStudio_v5/developer/toolchains/gnu_arm/12.2.rel1_2023.7/bin/../lib/gcc/arm-none-eabi/12.2.1/../../../../arm-none-eabi/lib/thumb/v8-m.main+fp/hard/libc_nano.a(libc_a-memcpy-stub.o)
                0x0000000008007222                memcpy
 .text.__sread  0x000000000800723c       0x22 /home/fw3/Desktop/SimplicityStudio_v5/developer/toolchains/gnu_arm/12.2.rel1_2023.7/bin/../lib/gcc/arm-none-eabi/12.2.1/../../../../arm-none-eabi/lib/thumb/v8-m.main+fp/hard/libc_nano.a(libc_a-stdio.o)
                0x000000000800723c                __sread
 .text.__swrite
                0x000000000800725e       0x38 /home/fw3/Desktop/SimplicityStudio_v5/developer/toolchains/gnu_arm/12.2.rel1_2023.7/bin/../lib/gcc/arm-none-eabi/12.2.1/../../../../arm-none-eabi/lib/thumb/v8-m.main+fp/hard/libc_nano.a(libc_a-stdio.o)
                0x000000000800725e                __swrite
 .text.__sseek  0x0000000008007296       0x24 /home/fw3/Desktop/SimplicityStudio_v5/developer/toolchains/gnu_arm/12.2.rel1_2023.7/bin/../lib/gcc/arm-none-eabi/12.2.1/../../../../arm-none-eabi/lib/thumb/v8-m.main+fp/hard/libc_nano.a(libc_a-stdio.o)
                0x0000000008007296                __sseek
 .text.__sclose
                0x00000000080072ba        0x8 /home/fw3/Desktop/SimplicityStudio_v5/developer/toolchains/gnu_arm/12.2.rel1_2023.7/bin/../lib/gcc/arm-none-eabi/12.2.1/../../../../arm-none-eabi/lib/thumb/v8-m.main+fp/hard/libc_nano.a(libc_a-stdio.o)
                0x00000000080072ba                __sclose
 .text._fwalk_sglue
                0x00000000080072c2       0x3c /home/fw3/Desktop/SimplicityStudio_v5/developer/toolchains/gnu_arm/12.2.rel1_2023.7/bin/../lib/gcc/arm-none-eabi/12.2.1/../../../../arm-none-eabi/lib/thumb/v8-m.main+fp/hard/libc_nano.a(libc_a-fwalk.o)
                0x00000000080072c2                _fwalk_sglue
 .text.memset   0x00000000080072fe       0x10 /home/fw3/Desktop/SimplicityStudio_v5/developer/toolchains/gnu_arm/12.2.rel1_2023.7/bin/../lib/gcc/arm-none-eabi/12.2.1/../../../../arm-none-eabi/lib/thumb/v8-m.main+fp/hard/libc_nano.a(libc_a-memset.o)
                0x00000000080072fe                memset
 .text.__retarget_lock_init_recursive
                0x000000000800730e        0x2 /home/fw3/Desktop/SimplicityStudio_v5/developer/toolchains/gnu_arm/12.2.rel1_2023.7/bin/../lib/gcc/arm-none-eabi/12.2.1/../../../../arm-none-eabi/lib/thumb/v8-m.main+fp/hard/libc_nano.a(libc_a-lock.o)
                0x000000000800730e                __retarget_lock_init_recursive
 .text.__retarget_lock_acquire_recursive
                0x0000000008007310        0x2 /home/fw3/Desktop/SimplicityStudio_v5/developer/toolchains/gnu_arm/12.2.rel1_2023.7/bin/../lib/gcc/arm-none-eabi/12.2.1/../../../../arm-none-eabi/lib/thumb/v8-m.main+fp/hard/libc_nano.a(libc_a-lock.o)
                0x0000000008007310                __retarget_lock_acquire_recursive
 .text.__retarget_lock_release_recursive
                0x0000000008007312        0x2 /home/fw3/Desktop/SimplicityStudio_v5/developer/toolchains/gnu_arm/12.2.rel1_2023.7/bin/../lib/gcc/arm-none-eabi/12.2.1/../../../../arm-none-eabi/lib/thumb/v8-m.main+fp/hard/libc_nano.a(libc_a-lock.o)
                0x0000000008007312                __retarget_lock_release_recursive
 .text.__swhatbuf_r
                0x0000000008007314       0x4a /home/fw3/Desktop/SimplicityStudio_v5/developer/toolchains/gnu_arm/12.2.rel1_2023.7/bin/../lib/gcc/arm-none-eabi/12.2.1/../../../../arm-none-eabi/lib/thumb/v8-m.main+fp/hard/libc_nano.a(libc_a-makebuf.o)
                0x0000000008007314                __swhatbuf_r
 .text.__smakebuf_r
                0x000000000800735e       0x78 /home/fw3/Desktop/SimplicityStudio_v5/developer/toolchains/gnu_arm/12.2.rel1_2023.7/bin/../lib/gcc/arm-none-eabi/12.2.1/../../../../arm-none-eabi/lib/thumb/v8-m.main+fp/hard/libc_nano.a(libc_a-makebuf.o)
                0x000000000800735e                __smakebuf_r
 *(SORT_BY_ALIGNMENT(text_*))
 *fill*         0x00000000080073d6        0x2 
 text_system_timecritical19225
                0x00000000080073d8        0xc ./simplicity_sdk_2024.12.2/platform/Device/SiliconLabs/EFR32MG24/Source/system_efr32mg24.o
                0x00000000080073d8                SystemHFRCODPLLClockGet
 text_system_timecritical20228
                0x00000000080073e4       0x40 ./simplicity_sdk_2024.12.2/platform/Device/SiliconLabs/EFR32MG24/Source/system_efr32mg24.o
                0x00000000080073e4                SystemSYSCLKGet
 text_system_timecritical16181
                0x0000000008007424       0x24 ./simplicity_sdk_2024.12.2/platform/Device/SiliconLabs/EFR32MG24/Source/system_efr32mg24.o
                0x0000000008007424                SystemHCLKGet
 text_system_timecritical21230
                0x0000000008007448        0x8 ./simplicity_sdk_2024.12.2/platform/Device/SiliconLabs/EFR32MG24/Source/system_efr32mg24.o
                0x0000000008007448                SystemMaxCoreClockGet
 text_system_timecritical22232
                0x0000000008007450        0x8 ./simplicity_sdk_2024.12.2/platform/Device/SiliconLabs/EFR32MG24/Source/system_efr32mg24.o
                0x0000000008007450                SystemFSRCOClockGet
 text_system_timecritical23234
                0x0000000008007458        0xc ./simplicity_sdk_2024.12.2/platform/Device/SiliconLabs/EFR32MG24/Source/system_efr32mg24.o
                0x0000000008007458                SystemHFXOClockGet
 text_system_timecritical24237
                0x0000000008007464        0x8 ./simplicity_sdk_2024.12.2/platform/Device/SiliconLabs/EFR32MG24/Source/system_efr32mg24.o
                0x0000000008007464                SystemCLKIN0Get
 text_system_timecritical25239
                0x000000000800746c       0x90 ./simplicity_sdk_2024.12.2/platform/Device/SiliconLabs/EFR32MG24/Source/system_efr32mg24.o
                0x000000000800746c                SystemHFRCOEM23ClockGet
 text_system_timecritical26241
                0x00000000080074fc        0xc ./simplicity_sdk_2024.12.2/platform/Device/SiliconLabs/EFR32MG24/Source/system_efr32mg24.o
                0x00000000080074fc                SystemLFXOClockGet
 text_gpio_timecritical35194
                0x0000000008007508       0x5c ./simplicity_sdk_2024.12.2/platform/driver/gpio/src/sl_gpio.o
                0x0000000008007508                sl_gpio_toggle_pin
 text_dmadrv_timecritical29164
                0x0000000008007564       0x40 ./simplicity_sdk_2024.12.2/platform/emdrv/dmadrv/src/dmadrv.o
                0x0000000008007564                DMADRV_StopTransfer
 text_dmadrv_timecritical30166
                0x00000000080075a4       0x4c ./simplicity_sdk_2024.12.2/platform/emdrv/dmadrv/src/dmadrv.o
                0x00000000080075a4                DMADRV_TransferActive
 text_dmadrv_timecritical32172
                0x00000000080075f0       0x44 ./simplicity_sdk_2024.12.2/platform/emdrv/dmadrv/src/dmadrv.o
                0x00000000080075f0                DMADRV_TransferDone
 text_dmadrv_timecritical33175
                0x0000000008007634       0x44 ./simplicity_sdk_2024.12.2/platform/emdrv/dmadrv/src/dmadrv.o
                0x0000000008007634                DMADRV_TransferRemainingCount
 text_hal_gpio_timecritical29416
                0x0000000008007678       0x54 ./simplicity_sdk_2024.12.2/platform/peripheral/src/sl_hal_gpio.o
                0x0000000008007678                sl_hal_gpio_set_pin
 text_hal_gpio_timecritical30611
                0x00000000080076cc       0x54 ./simplicity_sdk_2024.12.2/platform/peripheral/src/sl_hal_gpio.o
                0x00000000080076cc                sl_hal_gpio_toggle_pin
 text_hal_sysrtc_timecritical29190
                0x0000000008007720       0x14 ./simplicity_sdk_2024.12.2/platform/peripheral/src/sl_hal_sysrtc.o
                0x0000000008007720                sl_hal_sysrtc_wait_sync
 text_hal_sysrtc_timecritical31330
                0x0000000008007734       0x1c ./simplicity_sdk_2024.12.2/platform/peripheral/src/sl_hal_sysrtc.o
                0x0000000008007734                sl_hal_sysrtc_enable_group_interrupts
 text_hal_sysrtc_timecritical32343
                0x0000000008007750       0x1c ./simplicity_sdk_2024.12.2/platform/peripheral/src/sl_hal_sysrtc.o
                0x0000000008007750                sl_hal_sysrtc_disable_group_interrupts
 text_hal_sysrtc_timecritical33356
                0x000000000800776c       0x1c ./simplicity_sdk_2024.12.2/platform/peripheral/src/sl_hal_sysrtc.o
                0x000000000800776c                sl_hal_sysrtc_clear_group_interrupts
 text_hal_sysrtc_timecritical34371
                0x0000000008007788       0x20 ./simplicity_sdk_2024.12.2/platform/peripheral/src/sl_hal_sysrtc.o
                0x0000000008007788                sl_hal_sysrtc_get_group_interrupts
 text_hal_sysrtc_timecritical35410
                0x00000000080077a8       0x30 ./simplicity_sdk_2024.12.2/platform/peripheral/src/sl_hal_sysrtc.o
                0x00000000080077a8                sl_hal_sysrtc_get_group_compare_channel_value
 text_hal_sysrtc_timecritical36423
                0x00000000080077d8       0x28 ./simplicity_sdk_2024.12.2/platform/peripheral/src/sl_hal_sysrtc.o
                0x00000000080077d8                sl_hal_sysrtc_set_group_compare_channel_value
 text_sleeptimer_timecritical66121
                0x0000000008007800       0x40 ./simplicity_sdk_2024.12.2/platform/service/sleeptimer/src/sl_sleeptimer.o
 text_sleeptimer_timecritical67125
                0x0000000008007840       0x3c ./simplicity_sdk_2024.12.2/platform/service/sleeptimer/src/sl_sleeptimer.o
 text_sleeptimer_timecritical69131
                0x000000000800787c       0x34 ./simplicity_sdk_2024.12.2/platform/service/sleeptimer/src/sl_sleeptimer.o
 text_sleeptimer_timecritical68128
                0x00000000080078b0       0x64 ./simplicity_sdk_2024.12.2/platform/service/sleeptimer/src/sl_sleeptimer.o
 text_sleeptimer_timecritical72140