Archive member included to satisfy reference by file (symbol)

/home/fw3/Desktop/SimplicityStudio_v5/developer/toolchains/gnu_arm/12.2.rel1_2023.7/bin/../lib/gcc/arm-none-eabi/12.2.1/thumb/v8-m.main+fp/hard/libgcc.a(_aeabi_ldivmod.o)
                              ./simplicity_sdk_2024.12.2/platform/emlib/src/em_eusart.o (__aeabi_ldivmod)
/home/fw3/Desktop/SimplicityStudio_v5/developer/toolchains/gnu_arm/12.2.rel1_2023.7/bin/../lib/gcc/arm-none-eabi/12.2.1/thumb/v8-m.main+fp/hard/libgcc.a(_aeabi_uldivmod.o)
                              ./simplicity_sdk_2024.12.2/platform/emlib/src/em_eusart.o (__aeabi_uldivmod)
/home/fw3/Desktop/SimplicityStudio_v5/developer/toolchains/gnu_arm/12.2.rel1_2023.7/bin/../lib/gcc/arm-none-eabi/12.2.1/thumb/v8-m.main+fp/hard/libgcc.a(_udivmoddi4.o)
                              /home/fw3/Desktop/SimplicityStudio_v5/developer/toolchains/gnu_arm/12.2.rel1_2023.7/bin/../lib/gcc/arm-none-eabi/12.2.1/thumb/v8-m.main+fp/hard/libgcc.a(_aeabi_ldivmod.o) (__udivmoddi4)
/home/fw3/Desktop/SimplicityStudio_v5/developer/toolchains/gnu_arm/12.2.rel1_2023.7/bin/../lib/gcc/arm-none-eabi/12.2.1/thumb/v8-m.main+fp/hard/libgcc.a(_dvmd_tls.o)
                              /home/fw3/Desktop/SimplicityStudio_v5/developer/toolchains/gnu_arm/12.2.rel1_2023.7/bin/../lib/gcc/arm-none-eabi/12.2.1/thumb/v8-m.main+fp/hard/libgcc.a(_aeabi_ldivmod.o) (__aeabi_ldiv0)
/home/fw3/Desktop/SimplicityStudio_v5/developer/toolchains/gnu_arm/12.2.rel1_2023.7/bin/../lib/gcc/arm-none-eabi/12.2.1/../../../../arm-none-eabi/lib/thumb/v8-m.main+fp/hard/libc_nano.a(libc_a-exit.o)
                              /home/fw3/Desktop/SimplicityStudio_v5/developer/toolchains/gnu_arm/12.2.rel1_2023.7/bin/../lib/gcc/arm-none-eabi/12.2.1/../../../../arm-none-eabi/lib/thumb/v8-m.main+fp/hard/crt0.o (exit)
/home/fw3/Desktop/SimplicityStudio_v5/developer/toolchains/gnu_arm/12.2.rel1_2023.7/bin/../lib/gcc/arm-none-eabi/12.2.1/../../../../arm-none-eabi/lib/thumb/v8-m.main+fp/hard/libc_nano.a(libc_a-init.o)
                              /home/fw3/Desktop/SimplicityStudio_v5/developer/toolchains/gnu_arm/12.2.rel1_2023.7/bin/../lib/gcc/arm-none-eabi/12.2.1/../../../../arm-none-eabi/lib/thumb/v8-m.main+fp/hard/crt0.o (__libc_init_array)
/home/fw3/Desktop/SimplicityStudio_v5/developer/toolchains/gnu_arm/12.2.rel1_2023.7/bin/../lib/gcc/arm-none-eabi/12.2.1/../../../../arm-none-eabi/lib/thumb/v8-m.main+fp/hard/libc_nano.a(libc_a-memcpy-stub.o)
                              ./simplicity_sdk_2024.12.2/platform/Device/SiliconLabs/EFR32MG24/Source/startup_efr32mg24.o (memcpy)
/home/fw3/Desktop/SimplicityStudio_v5/developer/toolchains/gnu_arm/12.2.rel1_2023.7/bin/../lib/gcc/arm-none-eabi/12.2.1/../../../../arm-none-eabi/lib/thumb/v8-m.main+fp/hard/libc_nano.a(libc_a-findfp.o)
                              /home/fw3/Desktop/SimplicityStudio_v5/developer/toolchains/gnu_arm/12.2.rel1_2023.7/bin/../lib/gcc/arm-none-eabi/12.2.1/../../../../arm-none-eabi/lib/thumb/v8-m.main+fp/hard/libc_nano.a(libc_a-exit.o) (__stdio_exit_handler)
/home/fw3/Desktop/SimplicityStudio_v5/developer/toolchains/gnu_arm/12.2.rel1_2023.7/bin/../lib/gcc/arm-none-eabi/12.2.1/../../../../arm-none-eabi/lib/thumb/v8-m.main+fp/hard/libc_nano.a(libc_a-strlen.o)
                              ./simplicity_sdk_2024.12.2/platform/security/sl_component/se_manager/src/sl_se_manager_key_derivation.o (strlen)
/home/fw3/Desktop/SimplicityStudio_v5/developer/toolchains/gnu_arm/12.2.rel1_2023.7/bin/../lib/gcc/arm-none-eabi/12.2.1/../../../../arm-none-eabi/lib/thumb/v8-m.main+fp/hard/libc_nano.a(libc_a-stdio.o)
                              /home/fw3/Desktop/SimplicityStudio_v5/developer/toolchains/gnu_arm/12.2.rel1_2023.7/bin/../lib/gcc/arm-none-eabi/12.2.1/../../../../arm-none-eabi/lib/thumb/v8-m.main+fp/hard/libc_nano.a(libc_a-findfp.o) (__sread)
/home/fw3/Desktop/SimplicityStudio_v5/developer/toolchains/gnu_arm/12.2.rel1_2023.7/bin/../lib/gcc/arm-none-eabi/12.2.1/../../../../arm-none-eabi/lib/thumb/v8-m.main+fp/hard/libc_nano.a(libc_a-writer.o)
                              /home/fw3/Desktop/SimplicityStudio_v5/developer/toolchains/gnu_arm/12.2.rel1_2023.7/bin/../lib/gcc/arm-none-eabi/12.2.1/../../../../arm-none-eabi/lib/thumb/v8-m.main+fp/hard/libc_nano.a(libc_a-stdio.o) (_write_r)
/home/fw3/Desktop/SimplicityStudio_v5/developer/toolchains/gnu_arm/12.2.rel1_2023.7/bin/../lib/gcc/arm-none-eabi/12.2.1/../../../../arm-none-eabi/lib/thumb/v8-m.main+fp/hard/libc_nano.a(libc_a-fwalk.o)
                              /home/fw3/Desktop/SimplicityStudio_v5/developer/toolchains/gnu_arm/12.2.rel1_2023.7/bin/../lib/gcc/arm-none-eabi/12.2.1/../../../../arm-none-eabi/lib/thumb/v8-m.main+fp/hard/libc_nano.a(libc_a-findfp.o) (_fwalk_sglue)
/home/fw3/Desktop/SimplicityStudio_v5/developer/toolchains/gnu_arm/12.2.rel1_2023.7/bin/../lib/gcc/arm-none-eabi/12.2.1/../../../../arm-none-eabi/lib/thumb/v8-m.main+fp/hard/libc_nano.a(libc_a-memcmp.o)
[...]
Memory Configuration

Name             Origin             Length             Attributes
FLASH            0x0000000008000000 0x0000000000006000 xr
RAM              0x0000000020000004 0x000000000003fffc xrw
BOOTLOADER_RESET_REGION 0x0000000020000000 0x0000000000000004 xrw
*default*        0x0000000000000000 0xffffffffffffffff

Linker script and memory map

LOAD /home/fw3/Desktop/SimplicityStudio_v5/developer/toolchains/gnu_arm/12.2.rel1_2023.7/bin/../lib/gcc/arm-none-eabi/12.2.1/thumb/v8-m.main+fp/hard/crti.o
LOAD /home/fw3/Desktop/SimplicityStudio_v5/developer/toolchains/gnu_arm/12.2.rel1_2023.7/bin/../lib/gcc/arm-none-eabi/12.2.1/thumb/v8-m.main+fp/hard/crtbegin.o
LOAD /home/fw3/Desktop/SimplicityStudio_v5/developer/toolchains/gnu_arm/12.2.rel1_2023.7/bin/../lib/gcc/arm-none-eabi/12.2.1/../../../../arm-none-eabi/lib/thumb/v8-m.main+fp/hard/crt0.o
START GROUP
LOAD ./simplicity_sdk_2024.12.2/platform/Device/SiliconLabs/EFR32MG24/Source/startup_efr32mg24.o
LOAD ./simplicity_sdk_2024.12.2/platform/Device/SiliconLabs/EFR32MG24/Source/system_efr32mg24.o
LOAD ./simplicity_sdk_2024.12.2/platform/bootloader/core/btl_bootload.o
LOAD ./simplicity_sdk_2024.12.2/platform/bootloader/core/btl_core.o
LOAD ./simplicity_sdk_2024.12.2/platform/bootloader/core/btl_main.o
LOAD ./simplicity_sdk_2024.12.2/platform/bootloader/core/btl_parse.o
LOAD ./simplicity_sdk_2024.12.2/platform/bootloader/core/btl_reset.o
LOAD ./simplicity_sdk_2024.12.2/platform/bootloader/core/flash/btl_internal_flash.o
LOAD ./simplicity_sdk_2024.12.2/platform/bootloader/debug/btl_debug.o
LOAD ./simplicity_sdk_2024.12.2/platform/bootloader/debug/btl_debug_swo.o
LOAD ./simplicity_sdk_2024.12.2/platform/bootloader/driver/btl_driver_util.o
LOAD ./simplicity_sdk_2024.12.2/platform/bootloader/parser/gbl/btl_gbl_custom_tags.o
LOAD ./simplicity_sdk_2024.12.2/platform/bootloader/parser/gbl/btl_gbl_format.o
LOAD ./simplicity_sdk_2024.12.2/platform/bootloader/parser/gbl/btl_gbl_parser.o
LOAD ./simplicity_sdk_2024.12.2/platform/bootloader/security/btl_crc16.o
LOAD ./simplicity_sdk_2024.12.2/platform/bootloader/security/btl_crc32.o
LOAD ./simplicity_sdk_2024.12.2/platform/bootloader/security/btl_security_aes.o
LOAD ./simplicity_sdk_2024.12.2/platform/bootloader/security/btl_security_ecdsa.o
LOAD ./simplicity_sdk_2024.12.2/platform/bootloader/security/btl_security_sha256.o
LOAD ./simplicity_sdk_2024.12.2/platform/bootloader/security/btl_security_tokens.o
LOAD ./simplicity_sdk_2024.12.2/platform/bootloader/security/ecc/ecc.o
LOAD ./simplicity_sdk_2024.12.2/platform/bootloader/security/sha/btl_sha256.o
LOAD ./simplicity_sdk_2024.12.2/platform/bootloader/security/sha/crypto_sha.o
LOAD ./simplicity_sdk_2024.12.2/platform/bootloader/security/sha/cryptoacc_sha.o
LOAD ./simplicity_sdk_2024.12.2/platform/bootloader/security/sha/se_sha.o
LOAD ./simplicity_sdk_2024.12.2/platform/bootloader/storage/bootloadinfo/btl_storage_bootloadinfo_single.o
LOAD ./simplicity_sdk_2024.12.2/platform/bootloader/storage/btl_storage.o
LOAD ./simplicity_sdk_2024.12.2/platform/bootloader/storage/btl_storage_library.o
LOAD ./simplicity_sdk_2024.12.2/platform/bootloader/storage/internal_flash/btl_storage_internal_flash.o
LOAD ./simplicity_sdk_2024.12.2/platform/common/src/sl_assert.o
LOAD ./simplicity_sdk_2024.12.2/platform/common/src/sl_core_cortexm.o
LOAD ./simplicity_sdk_2024.12.2/platform/common/src/sl_syscalls.o
LOAD ./simplicity_sdk_2024.12.2/platform/emlib/src/em_acmp.o
LOAD ./simplicity_sdk_2024.12.2/platform/emlib/src/em_burtc.o
LOAD ./simplicity_sdk_2024.12.2/platform/emlib/src/em_cmu.o
LOAD ./simplicity_sdk_2024.12.2/platform/emlib/src/em_core.o
LOAD ./simplicity_sdk_2024.12.2/platform/emlib/src/em_dbg.o
LOAD ./simplicity_sdk_2024.12.2/platform/emlib/src/em_emu.o
LOAD ./simplicity_sdk_2024.12.2/platform/emlib/src/em_eusart.o
LOAD ./simplicity_sdk_2024.12.2/platform/emlib/src/em_gpcrc.o
LOAD ./simplicity_sdk_2024.12.2/platform/emlib/src/em_gpio.o
LOAD ./simplicity_sdk_2024.12.2/platform/emlib/src/em_i2c.o
LOAD ./simplicity_sdk_2024.12.2/platform/emlib/src/em_iadc.o
LOAD ./simplicity_sdk_2024.12.2/platform/emlib/src/em_ldma.o
LOAD ./simplicity_sdk_2024.12.2/platform/emlib/src/em_letimer.o
LOAD ./simplicity_sdk_2024.12.2/platform/emlib/src/em_msc.o
LOAD ./simplicity_sdk_2024.12.2/platform/emlib/src/em_opamp.o
LOAD ./simplicity_sdk_2024.12.2/platform/emlib/src/em_pcnt.o
LOAD ./simplicity_sdk_2024.12.2/platform/emlib/src/em_prs.o
LOAD ./simplicity_sdk_2024.12.2/platform/emlib/src/em_rmu.o
LOAD ./simplicity_sdk_2024.12.2/platform/emlib/src/em_system.o
LOAD ./simplicity_sdk_2024.12.2/platform/emlib/src/em_timer.o
LOAD ./simplicity_sdk_2024.12.2/platform/emlib/src/em_usart.o
LOAD ./simplicity_sdk_2024.12.2/platform/emlib/src/em_vdac.o
LOAD ./simplicity_sdk_2024.12.2/platform/emlib/src/em_wdog.o
LOAD ./simplicity_sdk_2024.12.2/platform/security/sl_component/se_manager/src/sl_se_manager.o
LOAD ./simplicity_sdk_2024.12.2/platform/security/sl_component/se_manager/src/sl_se_manager_attestation.o
LOAD ./simplicity_sdk_2024.12.2/platform/security/sl_component/se_manager/src/sl_se_manager_cipher.o
LOAD ./simplicity_sdk_2024.12.2/platform/security/sl_component/se_manager/src/sl_se_manager_entropy.o
LOAD ./simplicity_sdk_2024.12.2/platform/security/sl_component/se_manager/src/sl_se_manager_hash.o
LOAD ./simplicity_sdk_2024.12.2/platform/security/sl_component/se_manager/src/sl_se_manager_key_derivation.o
LOAD ./simplicity_sdk_2024.12.2/platform/security/sl_component/se_manager/src/sl_se_manager_key_handling.o
LOAD ./simplicity_sdk_2024.12.2/platform/security/sl_component/se_manager/src/sl_se_manager_signature.o
LOAD ./simplicity_sdk_2024.12.2/platform/security/sl_component/se_manager/src/sl_se_manager_util.o
LOAD ./simplicity_sdk_2024.12.2/platform/security/sl_component/se_manager/src/sli_se_manager_mailbox.o
LOAD ./simplicity_sdk_2024.12.2/platform/security/sl_component/sl_mbedtls_support/src/se_aes.o
LOAD ./simplicity_sdk_2024.12.2/platform/security/sl_component/sl_mbedtls_support/src/sl_mbedtls.o
LOAD ./simplicity_sdk_2024.12.2/platform/security/sl_component/sl_psa_driver/src/sli_psa_driver_common.o
LOAD ./simplicity_sdk_2024.12.2/platform/security/sl_component/sl_psa_driver/src/sli_psa_driver_init.o
LOAD ./simplicity_sdk_2024.12.2/platform/security/sl_component/sl_psa_driver/src/sli_se_driver_aead.o
LOAD ./simplicity_sdk_2024.12.2/platform/security/sl_component/sl_psa_driver/src/sli_se_driver_builtin_keys.o
LOAD ./simplicity_sdk_2024.12.2/platform/security/sl_component/sl_psa_driver/src/sli_se_driver_cipher.o
LOAD ./simplicity_sdk_2024.12.2/platform/security/sl_component/sl_psa_driver/src/sli_se_driver_key_derivation.o
LOAD ./simplicity_sdk_2024.12.2/platform/security/sl_component/sl_psa_driver/src/sli_se_driver_key_management.o
LOAD ./simplicity_sdk_2024.12.2/platform/security/sl_component/sl_psa_driver/src/sli_se_driver_mac.o
LOAD ./simplicity_sdk_2024.12.2/platform/security/sl_component/sl_psa_driver/src/sli_se_driver_signature.o
LOAD ./simplicity_sdk_2024.12.2/platform/security/sl_component/sl_psa_driver/src/sli_se_opaque_driver_aead.o
LOAD ./simplicity_sdk_2024.12.2/platform/security/sl_component/sl_psa_driver/src/sli_se_opaque_driver_cipher.o
LOAD ./simplicity_sdk_2024.12.2/platform/security/sl_component/sl_psa_driver/src/sli_se_opaque_driver_mac.o
LOAD ./simplicity_sdk_2024.12.2/platform/security/sl_component/sl_psa_driver/src/sli_se_opaque_key_derivation.o
LOAD ./simplicity_sdk_2024.12.2/platform/security/sl_component/sl_psa_driver/src/sli_se_transparent_driver_aead.o
LOAD ./simplicity_sdk_2024.12.2/platform/security/sl_component/sl_psa_driver/src/sli_se_transparent_driver_cipher.o
LOAD ./simplicity_sdk_2024.12.2/platform/security/sl_component/sl_psa_driver/src/sli_se_transparent_driver_hash.o
LOAD ./simplicity_sdk_2024.12.2/platform/security/sl_component/sl_psa_driver/src/sli_se_transparent_driver_mac.o
LOAD ./simplicity_sdk_2024.12.2/platform/security/sl_component/sl_psa_driver/src/sli_se_transparent_key_derivation.o
LOAD ./simplicity_sdk_2024.12.2/platform/security/sl_component/sl_psa_driver/src/sli_se_version_dependencies.o
LOAD ./simplicity_sdk_2024.12.2/platform/service/memory_manager/src/sl_memory_manager.o
LOAD ./simplicity_sdk_2024.12.2/platform/service/memory_manager/src/sl_memory_manager_dynamic_reservation.o
LOAD ./simplicity_sdk_2024.12.2/platform/service/memory_manager/src/sl_memory_manager_pool.o
LOAD ./simplicity_sdk_2024.12.2/platform/service/memory_manager/src/sl_memory_manager_pool_common.o
LOAD ./simplicity_sdk_2024.12.2/platform/service/memory_manager/src/sl_memory_manager_region.o
LOAD ./simplicity_sdk_2024.12.2/platform/service/memory_manager/src/sl_memory_manager_retarget.o
LOAD ./simplicity_sdk_2024.12.2/platform/service/memory_manager/src/sli_memory_manager_common.o
LOAD ./simplicity_sdk_2024.12.2/util/third_party/mbedtls/library/aes.o
LOAD ./simplicity_sdk_2024.12.2/util/third_party/mbedtls/library/constant_time.o
LOAD ./simplicity_sdk_2024.12.2/util/third_party/mbedtls/library/platform.o
LOAD ./simplicity_sdk_2024.12.2/util/third_party/mbedtls/library/platform_util.o
LOAD ./simplicity_sdk_2024.12.2/util/third_party/mbedtls/library/psa_crypto_client.o
LOAD ./simplicity_sdk_2024.12.2/util/third_party/mbedtls/library/psa_util.o
LOAD ./simplicity_sdk_2024.12.2/util/third_party/mbedtls/library/threading.o
LOAD ./simplicity_sdk_2024.12.2/util/third_party/trusted-firmware-m/lib/fih/src/fih.o
LOAD ./simplicity_sdk_2024.12.2/util/third_party/trusted-firmware-m/platform/ext/target/siliconlabs/hse/sli_se.o
LOAD /home/fw3/Desktop/SimplicityStudio_v5/developer/toolchains/gnu_arm/12.2.rel1_2023.7/bin/../lib/gcc/arm-none-eabi/12.2.1/thumb/v8-m.main+fp/hard/libgcc.a
LOAD /home/fw3/Desktop/SimplicityStudio_v5/developer/toolchains/gnu_arm/12.2.rel1_2023.7/bin/../lib/gcc/arm-none-eabi/12.2.1/../../../../arm-none-eabi/lib/thumb/v8-m.main+fp/hard/libc_nano.a
LOAD /home/fw3/Desktop/SimplicityStudio_v5/developer/toolchains/gnu_arm/12.2.rel1_2023.7/bin/../lib/gcc/arm-none-eabi/12.2.1/../../../../arm-none-eabi/lib/thumb/v8-m.main+fp/hard/libm.a
LOAD /home/fw3/Desktop/SimplicityStudio_v5/developer/toolchains/gnu_arm/12.2.rel1_2023.7/bin/../lib/gcc/arm-none-eabi/12.2.1/../../../../arm-none-eabi/lib/thumb/v8-m.main+fp/hard/libnosys.a
END GROUP
START GROUP
LOAD /home/fw3/Desktop/SimplicityStudio_v5/developer/toolchains/gnu_arm/12.2.rel1_2023.7/bin/../lib/gcc/arm-none-eabi/12.2.1/thumb/v8-m.main+fp/hard/libgcc.a
LOAD /home/fw3/Desktop/SimplicityStudio_v5/developer/toolchains/gnu_arm/12.2.rel1_2023.7/bin/../lib/gcc/arm-none-eabi/12.2.1/../../../../arm-none-eabi/lib/thumb/v8-m.main+fp/hard/libc_nano.a
LOAD /home/fw3/Desktop/SimplicityStudio_v5/developer/toolchains/gnu_arm/12.2.rel1_2023.7/bin/../lib/gcc/arm-none-eabi/12.2.1/../../../../arm-none-eabi/lib/thumb/v8-m.main+fp/hard/libnosys.a
END GROUP
START GROUP
LOAD /home/fw3/Desktop/SimplicityStudio_v5/developer/toolchains/gnu_arm/12.2.rel1_2023.7/bin/../lib/gcc/arm-none-eabi/12.2.1/thumb/v8-m.main+fp/hard/libgcc.a
LOAD /home/fw3/Desktop/SimplicityStudio_v5/developer/toolchains/gnu_arm/12.2.rel1_2023.7/bin/../lib/gcc/arm-none-eabi/12.2.1/../../../../arm-none-eabi/lib/thumb/v8-m.main+fp/hard/libg_nano.a
LOAD /home/fw3/Desktop/SimplicityStudio_v5/developer/toolchains/gnu_arm/12.2.rel1_2023.7/bin/../lib/gcc/arm-none-eabi/12.2.1/../../../../arm-none-eabi/lib/thumb/v8-m.main+fp/hard/libc_nano.a
END GROUP
START GROUP
LOAD /home/fw3/Desktop/SimplicityStudio_v5/developer/toolchains/gnu_arm/12.2.rel1_2023.7/bin/../lib/gcc/arm-none-eabi/12.2.1/thumb/v8-m.main+fp/hard/libgcc.a
LOAD /home/fw3/Desktop/SimplicityStudio_v5/developer/toolchains/gnu_arm/12.2.rel1_2023.7/bin/../lib/gcc/arm-none-eabi/12.2.1/../../../../arm-none-eabi/lib/thumb/v8-m.main+fp/hard/libc_nano.a
END GROUP
LOAD /home/fw3/Desktop/SimplicityStudio_v5/developer/toolchains/gnu_arm/12.2.rel1_2023.7/bin/../lib/gcc/arm-none-eabi/12.2.1/thumb/v8-m.main+fp/hard/crtend.o
LOAD /home/fw3/Desktop/SimplicityStudio_v5/developer/toolchains/gnu_arm/12.2.rel1_2023.7/bin/../lib/gcc/arm-none-eabi/12.2.1/thumb/v8-m.main+fp/hard/crtn.o

.vectors        0x0000000008000000      0x170
                0x0000000008000000                linker_vectors_begin = .
 *(.vectors)
 .vectors       0x0000000008000000      0x170 ./simplicity_sdk_2024.12.2/platform/Device/SiliconLabs/EFR32MG24/Source/startup_efr32mg24.o
                0x0000000008000000                __Vectors
                0x0000000008000170                linker_vectors_end = .
                0x0000000008000170                __Vectors_End = .
                0x0000000008000170                __Vectors_Size = (__Vectors_End - __Vectors)
                0x0000000008000170                __lma_ramfuncs_start__ = .

.bootloader_reset_section
                0x0000000020000000        0x4
                0x0000000020000000                __ResetReasonStart__ = .
                0x0000000020000004                . = (. + 0x4)
 *fill*         0x0000000020000000        0x4 
                0x0000000020000004                . = ALIGN (0x4)
                0x0000000020000004                __ResetReasonEnd__ = .

.stack          0x0000000020000008     0x1000
                0x0000000020000008                . = ALIGN (0x8)
                0x0000000020000008                __StackLimit = .
 *(.stack*)
 .stack         0x0000000020000008     0x1000 ./simplicity_sdk_2024.12.2/platform/service/memory_manager/src/sl_memory_manager_region.o
                0x0000000020001008                . = ALIGN (0x4)
                0x0000000020001008                __StackTop = .
                0x0000000020001008                PROVIDE (__stack = __StackTop)

.stackseal      0x0000000020001008        0x8
                0x0000000020001008                __StackSeal = .
                0x0000000020001010                . = (. + 0x8)
 *fill*         0x0000000020001008        0x8 
                0x0000000020001010                . = ALIGN (0x8)

.bss            0x0000000020001010       0x1c
                0x0000000020001010                . = ALIGN (0x4)
                0x0000000020001010                __bss_start__ = .
 *(SORT_BY_ALIGNMENT(.bss*))
 .bss.object.0  0x0000000020001010       0x18 /home/fw3/Desktop/SimplicityStudio_v5/developer/toolchains/gnu_arm/12.2.rel1_2023.7/bin/../lib/gcc/arm-none-eabi/12.2.1/thumb/v8-m.main+fp/hard/crtbegin.o
 .bss.completed.1
                0x0000000020001028        0x1 /home/fw3/Desktop/SimplicityStudio_v5/developer/toolchains/gnu_arm/12.2.rel1_2023.7/bin/../lib/gcc/arm-none-eabi/12.2.1/thumb/v8-m.main+fp/hard/crtbegin.o
 *(COMMON)
                0x000000002000102c                . = ALIGN (0x4)
 *fill*         0x0000000020001029        0x3 
                0x000000002000102c                __bss_end__ = .

.noinit         0x000000002000102c        0x0
 *(.noinit*)
                0x000000002000102c                . = ALIGN (0x4)

text_application_ram
                0x000000002000102c        0x0 load address 0x0000000008000170
                0x000000002000102c                . = ALIGN (0x4)
                0x000000002000102c                __vma_ramfuncs_start__ = .
                0x000000002000102c                __text_application_ram_start__ = .
 *(text_application_ram)
                0x000000002000102c                . = ALIGN (0x4)
                0x000000002000102c                __vma_ramfuncs_end__ = .
                0x000000002000102c                __text_application_ram_end__ = .

.rodata         0x0000000008000170        0x0
                0x0000000008000170                __lma_ramfuncs_end__ = .
                0x0000000008000170                __rodata_start__ = .
                0x0000000008000170                __rodata_end__ = .

.text           0x0000000008000170     0x25d8
                0x0000000008000170                linker_code_begin = .
 *(SORT_BY_ALIGNMENT(.text*))
 .text.Reset_Handler
                0x0000000008000170       0x38 ./simplicity_sdk_2024.12.2/platform/Device/SiliconLabs/EFR32MG24/Source/startup_efr32mg24.o
                0x0000000008000170                Reset_Handler
 .text.deregister_tm_clones
                0x00000000080001a8       0x1c /home/fw3/Desktop/SimplicityStudio_v5/developer/toolchains/gnu_arm/12.2.rel1_2023.7/bin/../lib/gcc/arm-none-eabi/12.2.1/thumb/v8-m.main+fp/hard/crtbegin.o
 .text.register_tm_clones
                0x00000000080001c4       0x28 /home/fw3/Desktop/SimplicityStudio_v5/developer/toolchains/gnu_arm/12.2.rel1_2023.7/bin/../lib/gcc/arm-none-eabi/12.2.1/thumb/v8-m.main+fp/hard/crtbegin.o
 .text.__do_global_dtors_aux
                0x00000000080001ec       0x28 /home/fw3/Desktop/SimplicityStudio_v5/developer/toolchains/gnu_arm/12.2.rel1_2023.7/bin/../lib/gcc/arm-none-eabi/12.2.1/thumb/v8-m.main+fp/hard/crtbegin.o
 .text.frame_dummy
                0x0000000008000214       0x24 /home/fw3/Desktop/SimplicityStudio_v5/developer/toolchains/gnu_arm/12.2.rel1_2023.7/bin/../lib/gcc/arm-none-eabi/12.2.1/thumb/v8-m.main+fp/hard/crtbegin.o
 .text.Copy_Table
                0x0000000008000238       0x28 ./simplicity_sdk_2024.12.2/platform/Device/SiliconLabs/EFR32MG24/Source/startup_efr32mg24.o
                0x0000000008000238                Copy_Table
 .text.Zero_Table
                0x0000000008000260       0x24 ./simplicity_sdk_2024.12.2/platform/Device/SiliconLabs/EFR32MG24/Source/startup_efr32mg24.o
                0x0000000008000260                Zero_Table
 .text.SystemInit
                0x0000000008000284       0x1c ./simplicity_sdk_2024.12.2/platform/Device/SiliconLabs/EFR32MG24/Source/system_efr32mg24.o
                0x0000000008000284                SystemInit
 .text.bootload_bootloaderCallback
                0x00000000080002a0       0x5c ./simplicity_sdk_2024.12.2/platform/bootloader/core/btl_bootload.o
                0x00000000080002a0                bootload_bootloaderCallback
 .text.bootload_checkApplicationPropertiesMagic
                0x00000000080002fc       0x4c ./simplicity_sdk_2024.12.2/platform/bootloader/core/btl_bootload.o
                0x00000000080002fc                bootload_checkApplicationPropertiesMagic
 .text.bootload_verifyApplication
                0x0000000008000348       0xfc ./simplicity_sdk_2024.12.2/platform/bootloader/core/btl_bootload.o
                0x0000000008000348                bootload_verifyApplication
 .text.bootload_commitBootloaderUpgrade
                0x0000000008000444       0x94 ./simplicity_sdk_2024.12.2/platform/bootloader/core/btl_bootload.o
                0x0000000008000444                bootload_commitBootloaderUpgrade
 .text.bootload_commitSeUpgrade
                0x00000000080004d8       0x6c ./simplicity_sdk_2024.12.2/platform/bootloader/core/btl_bootload.o
                0x00000000080004d8                bootload_commitSeUpgrade
 .text.bootload_getSeVersion
                0x0000000008000544       0x50 ./simplicity_sdk_2024.12.2/platform/bootloader/core/btl_bootload.o
                0x0000000008000544                bootload_getSeVersion
 .text.bootload_getUpgradeLocation
                0x0000000008000594        0x8 ./simplicity_sdk_2024.12.2/platform/bootloader/core/btl_bootload.o
                0x0000000008000594                bootload_getUpgradeLocation
 .text.btl_getPeripheralList
                0x000000000800059c       0x30 ./simplicity_sdk_2024.12.2/platform/bootloader/core/btl_main.o
 .text.startup.main
                0x00000000080005cc       0x90 ./simplicity_sdk_2024.12.2/platform/bootloader/core/btl_main.o
                0x00000000080005cc                main
 .text.SystemInit2
                0x000000000800065c       0x98 ./simplicity_sdk_2024.12.2/platform/bootloader/core/btl_main.o
                0x000000000800065c                SystemInit2
 .text.reset_invalidateResetReason
                0x00000000080006f4       0x10 ./simplicity_sdk_2024.12.2/platform/bootloader/core/btl_reset.o
                0x00000000080006f4                reset_invalidateResetReason
 .text.reset_enableResetCounter
                0x0000000008000704       0x10 ./simplicity_sdk_2024.12.2/platform/bootloader/core/btl_reset.o
                0x0000000008000704                reset_enableResetCounter
 .text.reset_disableResetCounter
                0x0000000008000714       0x10 ./simplicity_sdk_2024.12.2/platform/bootloader/core/btl_reset.o
                0x0000000008000714                reset_disableResetCounter
 .text.reset_resetCounterEnabled
                0x0000000008000724       0x1c ./simplicity_sdk_2024.12.2/platform/bootloader/core/btl_reset.o
                0x0000000008000724                reset_resetCounterEnabled
 .text.reset_setResetReason
                0x0000000008000740       0x18 ./simplicity_sdk_2024.12.2/platform/bootloader/core/btl_reset.o
                0x0000000008000740                reset_setResetReason
 .text.reset_getResetCounter
                0x0000000008000758       0x18 ./simplicity_sdk_2024.12.2/platform/bootloader/core/btl_reset.o
                0x0000000008000758                reset_getResetCounter
 .text.reset_incrementResetCounter
                0x0000000008000770       0x24 ./simplicity_sdk_2024.12.2/platform/bootloader/core/btl_reset.o
                0x0000000008000770                reset_incrementResetCounter
 .text.reset_resetWithReason
                0x0000000008000794       0x28 ./simplicity_sdk_2024.12.2/platform/bootloader/core/btl_reset.o
                0x0000000008000794                reset_resetWithReason
 .text.reset_classifyReset
                0x00000000080007bc       0x2c ./simplicity_sdk_2024.12.2/platform/bootloader/core/btl_reset.o
                0x00000000080007bc                reset_classifyReset
 .text.flash_erasePage
                0x00000000080007e8       0x1c ./simplicity_sdk_2024.12.2/platform/bootloader/core/flash/btl_internal_flash.o
                0x00000000080007e8                flash_erasePage
 .text.flash_writeBuffer_dma
                0x0000000008000804       0x50 ./simplicity_sdk_2024.12.2/platform/bootloader/core/flash/btl_internal_flash.o
                0x0000000008000804                flash_writeBuffer_dma
 .text.flash_writeBuffer
                0x0000000008000854       0x2c ./simplicity_sdk_2024.12.2/platform/bootloader/core/flash/btl_internal_flash.o
                0x0000000008000854                flash_writeBuffer
 .text.gbl_getTagParsingInfoFromTagId
                0x0000000008000880       0x24 ./simplicity_sdk_2024.12.2/platform/bootloader/parser/gbl/btl_gbl_format.o
                0x0000000008000880                gbl_getTagParsingInfoFromTagId
 .text.gbl_parseHeader
                0x00000000080008a4       0x7c ./simplicity_sdk_2024.12.2/platform/bootloader/parser/gbl/btl_gbl_parser.o
 .text.gbl_writeProgData
                0x0000000008000920       0xa8 ./simplicity_sdk_2024.12.2/platform/bootloader/parser/gbl/btl_gbl_parser.o
                0x0000000008000920                gbl_writeProgData
 .text.parser_init
                0x00000000080009c8       0x74 ./simplicity_sdk_2024.12.2/platform/bootloader/parser/gbl/btl_gbl_parser.o
                0x00000000080009c8                parser_init
 .text.parser_parse
                0x0000000008000a3c      0x6a0 ./simplicity_sdk_2024.12.2/platform/bootloader/parser/gbl/btl_gbl_parser.o
                0x0000000008000a3c                parser_parse
 .text.btl_crc32Stream
                0x00000000080010dc       0x30 ./simplicity_sdk_2024.12.2/platform/bootloader/security/btl_crc32.o
                0x00000000080010dc                btl_crc32Stream
 .text.btl_initAesCcm
                0x000000000800110c       0x58 ./simplicity_sdk_2024.12.2/platform/bootloader/security/btl_security_aes.o
                0x000000000800110c                btl_initAesCcm
 .text.btl_verifyEcdsaP256r1
                0x0000000008001164      0x100 ./simplicity_sdk_2024.12.2/platform/bootloader/security/btl_security_ecdsa.o
                0x0000000008001164                btl_verifyEcdsaP256r1
 .text.btl_initSha256
                0x0000000008001264       0x20 ./simplicity_sdk_2024.12.2/platform/bootloader/security/btl_security_sha256.o
                0x0000000008001264                btl_initSha256
 .text.btl_getSignedBootloaderKeyXPtr
                0x0000000008001284       0x3c ./simplicity_sdk_2024.12.2/platform/bootloader/security/btl_security_tokens.o
                0x0000000008001284                btl_getSignedBootloaderKeyXPtr
 .text.btl_getSignedBootloaderKeyYPtr
                0x00000000080012c0       0x3c ./simplicity_sdk_2024.12.2/platform/bootloader/security/btl_security_tokens.o
                0x00000000080012c0                btl_getSignedBootloaderKeyYPtr
 .text.btl_getImageFileEncryptionKeyPtr
                0x00000000080012fc        0x8 ./simplicity_sdk_2024.12.2/platform/bootloader/security/btl_security_tokens.o
                0x00000000080012fc                btl_getImageFileEncryptionKeyPtr
 .text.sha_x_update
                0x0000000008001304       0xbc ./simplicity_sdk_2024.12.2/platform/bootloader/security/sha/btl_sha256.o
                0x0000000008001304                sha_x_update
 .text.sha_x_finish.part.0
                0x00000000080013c0       0x98 ./simplicity_sdk_2024.12.2/platform/bootloader/security/sha/btl_sha256.o
 .text.sha_x_process
                0x0000000008001458       0xa8 ./simplicity_sdk_2024.12.2/platform/bootloader/security/sha/se_sha.o
                0x0000000008001458                sha_x_process
 .text.installImageFromSlot.constprop.0
                0x0000000008001500       0xa0 ./simplicity_sdk_2024.12.2/platform/bootloader/storage/btl_storage.o
 .text.storage_getSlotInfo
                0x00000000080015a0       0x30 ./simplicity_sdk_2024.12.2/platform/bootloader/storage/btl_storage_library.o
                0x00000000080015a0                storage_getSlotInfo
 .text.storage_readSlot
                0x00000000080015d0       0x44 ./simplicity_sdk_2024.12.2/platform/bootloader/storage/btl_storage_library.o
                0x00000000080015d0                storage_readSlot
 .text.advanceParser
                0x0000000008001614       0x7c ./simplicity_sdk_2024.12.2/platform/bootloader/storage/btl_storage_library.o
 .text.storage_getSlotMetadata
                0x0000000008001690       0x84 ./simplicity_sdk_2024.12.2/platform/bootloader/storage/btl_storage_library.o
                0x0000000008001690                storage_getSlotMetadata
 .text.storage_writeSlot
                0x0000000008001714       0x44 ./simplicity_sdk_2024.12.2/platform/bootloader/storage/btl_storage_library.o
                0x0000000008001714                storage_writeSlot
 .text.storage_eraseSlot
                0x0000000008001758       0x24 ./simplicity_sdk_2024.12.2/platform/bootloader/storage/btl_storage_library.o
                0x0000000008001758                storage_eraseSlot
 .text.storage_getInfo
                0x000000000800177c       0x44 ./simplicity_sdk_2024.12.2/platform/bootloader/storage/btl_storage_library.o
                0x000000000800177c                storage_getInfo
 .text.storage_upgradeSeFromSlot
                0x00000000080017c0       0x3c ./simplicity_sdk_2024.12.2/platform/bootloader/storage/btl_storage_library.o
                0x00000000080017c0                storage_upgradeSeFromSlot
 .text.storage_bootloadBootloaderFromSlot
                0x00000000080017fc       0x48 ./simplicity_sdk_2024.12.2/platform/bootloader/storage/btl_storage_library.o
                0x00000000080017fc                storage_bootloadBootloaderFromSlot
 .text.storage_bootloadApplicationFromSlot
                0x0000000008001844       0x3c ./simplicity_sdk_2024.12.2/platform/bootloader/storage/btl_storage_library.o
                0x0000000008001844                storage_bootloadApplicationFromSlot
 .text.verifyAddressRange
                0x0000000008001880       0x28 ./simplicity_sdk_2024.12.2/platform/bootloader/storage/internal_flash/btl_storage_internal_flash.o
 .text.getDeviceInfo
                0x00000000080018a8       0x1c ./simplicity_sdk_2024.12.2/platform/bootloader/storage/internal_flash/btl_storage_internal_flash.o
                0x00000000080018a8                getDeviceInfo
 .text.storage_init
                0x00000000080018c4       0x10 ./simplicity_sdk_2024.12.2/platform/bootloader/storage/internal_flash/btl_storage_internal_flash.o
                0x00000000080018c4                storage_init
 .text.storage_isBusy
                0x00000000080018d4       0x10 ./simplicity_sdk_2024.12.2/platform/bootloader/storage/internal_flash/btl_storage_internal_flash.o
                0x00000000080018d4                storage_isBusy
 .text.storage_shutdown
                0x00000000080018e4       0x10 ./simplicity_sdk_2024.12.2/platform/bootloader/storage/internal_flash/btl_storage_internal_flash.o
                0x00000000080018e4                storage_shutdown
 .text.CMU_ClockEnable
                0x00000000080018f4       0x34 ./simplicity_sdk_2024.12.2/platform/emlib/src/em_cmu.o
                0x00000000080018f4                CMU_ClockEnable
 .text.mscStatusWait
                0x0000000008001928       0x54 ./simplicity_sdk_2024.12.2/platform/emlib/src/em_msc.o
                0x0000000008001928                mscStatusWait
 .text.writeBurst
                0x000000000800197c       0x54 ./simplicity_sdk_2024.12.2/platform/emlib/src/em_msc.o
                0x000000000800197c                writeBurst
 .text.MSC_ErasePage
                0x00000000080019d0       0x50 ./simplicity_sdk_2024.12.2/platform/emlib/src/em_msc.o
                0x00000000080019d0                MSC_ErasePage
 .text.MSC_WriteWord
                0x0000000008001a20       0x78 ./simplicity_sdk_2024.12.2/platform/emlib/src/em_msc.o
                0x0000000008001a20                MSC_WriteWord
 .text.MSC_WriteWordDma
                0x0000000008001a98       0xe0 ./simplicity_sdk_2024.12.2/platform/emlib/src/em_msc.o
                0x0000000008001a98                MSC_WriteWordDma
 .text.sl_se_read_pubkey
                0x0000000008001b78       0x70 ./simplicity_sdk_2024.12.2/platform/security/sl_component/se_manager/src/sl_se_manager_util.o
                0x0000000008001b78                sl_se_read_pubkey
 .text.mbedtls_aes_crypt_ecb
                0x0000000008001be8       0xc8 ./simplicity_sdk_2024.12.2/platform/security/sl_component/sl_mbedtls_support/src/se_aes.o
                0x0000000008001be8                mbedtls_aes_crypt_ecb
 .text.mbedtls_aes_crypt_ctr
                0x0000000008001cb0      0x180 ./simplicity_sdk_2024.12.2/platform/security/sl_component/sl_mbedtls_support/src/se_aes.o
                0x0000000008001cb0                mbedtls_aes_crypt_ctr
 .text.Default_Handler
                0x0000000008001e30        0x2 ./simplicity_sdk_2024.12.2/platform/Device/SiliconLabs/EFR32MG24/Source/startup_efr32mg24.o
                0x0000000008001e30                ULFRCO_IRQHandler
                0x0000000008001e30                AHB2AHB1_IRQHandler
                0x0000000008001e30                SW2_IRQHandler
                0x0000000008001e30                TIMER2_IRQHandler
                0x0000000008001e30                DebugMon_Handler
                0x0000000008001e30                USART0_TX_IRQHandler
                0x0000000008001e30                IADC_IRQHandler
                0x0000000008001e30                EUSART0_TX_IRQHandler
                0x0000000008001e30                I2C0_IRQHandler
                0x0000000008001e30                LFXO_IRQHandler
                0x0000000008001e30                SMU_SECURE_IRQHandler
                0x0000000008001e30                SysTick_Handler
                0x0000000008001e30                SYSRTC_SEQ_IRQHandler
                0x0000000008001e30                EMUEFP_IRQHandler
                0x0000000008001e30                PendSV_Handler
                0x0000000008001e30                NMI_Handler
                0x0000000008001e30                SYNTH_IRQHandler
                0x0000000008001e30                HOSTMAILBOX_IRQHandler
                0x0000000008001e30                HFXO0_IRQHandler
                0x0000000008001e30                I2C1_IRQHandler
                0x0000000008001e30                WDOG0_IRQHandler
                0x0000000008001e30                TIMER3_IRQHandler
                0x0000000008001e30                SYSCFG_IRQHandler
                0x0000000008001e30                RFECA1_IRQHandler
                0x0000000008001e30                EMUDG_IRQHandler
                0x0000000008001e30                MSC_IRQHandler
                0x0000000008001e30                DPLL0_IRQHandler
                0x0000000008001e30                UsageFault_Handler
                0x0000000008001e30                WDOG1_IRQHandler
                0x0000000008001e30                M33CTI1_IRQHandler
                0x0000000008001e30                TIMER4_IRQHandler
                0x0000000008001e30                GPIO_EVEN_IRQHandler
                0x0000000008001e30                VDAC0_IRQHandler
                0x0000000008001e30                LDMA_IRQHandler
                0x0000000008001e30                SEMBTX_IRQHandler
                0x0000000008001e30                SW0_IRQHandler
                0x0000000008001e30                TIMER0_IRQHandler
                0x0000000008001e30                MVP_IRQHandler
                0x0000000008001e30                LETIMER0_IRQHandler
                0x0000000008001e30                EUSART1_RX_IRQHandler
                0x0000000008001e30                TIMER1_IRQHandler
                0x0000000008001e30                HFRCO0_IRQHandler
                0x0000000008001e30                SecureFault_Handler
                0x0000000008001e30                BUFC_IRQHandler
                0x0000000008001e30                DCDC_IRQHandler
                0x0000000008001e30                MODEM_IRQHandler
                0x0000000008001e30                Default_Handler
                0x0000000008001e30                RAC_SEQ_IRQHandler
                0x0000000008001e30                FRC_PRI_IRQHandler
                0x0000000008001e30                EMU_IRQHandler
                0x0000000008001e30                SW3_IRQHandler
                0x0000000008001e30                KERNEL0_IRQHandler
                0x0000000008001e30                FRC_IRQHandler
                0x0000000008001e30                PCNT0_IRQHandler
                0x0000000008001e30                KERNEL1_IRQHandler
                0x0000000008001e30                AGC_IRQHandler
                0x0000000008001e30                EUSART1_TX_IRQHandler
                0x0000000008001e30                KEYSCAN_IRQHandler
                0x0000000008001e30                HFRCOEM23_IRQHandler
                0x0000000008001e30                BURTC_IRQHandler
                0x0000000008001e30                SEMBRX_IRQHandler
                0x0000000008001e30                RFECA0_IRQHandler
                0x0000000008001e30                LFRCO_IRQHandler
                0x0000000008001e30                VDAC1_IRQHandler
                0x0000000008001e30                ACMP0_IRQHandler
                0x0000000008001e30                USART0_RX_IRQHandler
                0x0000000008001e30                MemManage_Handler
                0x0000000008001e30                AHB2AHB0_IRQHandler
                0x0000000008001e30                SVC_Handler
                0x0000000008001e30                SMU_S_PRIVILEGED_IRQHandler
                0x0000000008001e30                SW1_IRQHandler
                0x0000000008001e30                CMU_IRQHandler
                0x0000000008001e30                EUSART0_RX_IRQHandler
                0x0000000008001e30                RAC_RSM_IRQHandler
                0x0000000008001e30                SETAMPERHOST_IRQHandler
                0x0000000008001e30                GPIO_ODD_IRQHandler
                0x0000000008001e30                AES_IRQHandler
                0x0000000008001e30                M33CTI0_IRQHandler
                0x0000000008001e30                ICACHE0_IRQHandler
                0x0000000008001e30                SMU_NS_PRIVILEGED_IRQHandler
                0x0000000008001e30                FPUEXH_IRQHandler
                0x0000000008001e30                PROTIMER_IRQHandler
                0x0000000008001e30                ACMP1_IRQHandler
                0x0000000008001e30                BusFault_Handler
                0x0000000008001e30                MPAHBRAM_IRQHandler
                0x0000000008001e30                SYSRTC_APP_IRQHandler
 .text.flashData
                0x0000000008001e32       0x44 ./simplicity_sdk_2024.12.2/platform/bootloader/core/btl_bootload.o
 .text.bootload_applicationCallback
                0x0000000008001e76       0x22 ./simplicity_sdk_2024.12.2/platform/bootloader/core/btl_bootload.o
                0x0000000008001e76                bootload_applicationCallback
 .text.bootload_checkApplicationPropertiesVersion
                0x0000000008001e98        0xe ./simplicity_sdk_2024.12.2/platform/bootloader/core/btl_bootload.o
                0x0000000008001e98                bootload_checkApplicationPropertiesVersion
 .text.getSignatureX
                0x0000000008001ea6       0x26 ./simplicity_sdk_2024.12.2/platform/bootloader/core/btl_bootload.o
 .text.bootload_checkSeUpgradeVersion
                0x0000000008001ecc       0x20 ./simplicity_sdk_2024.12.2/platform/bootloader/core/btl_bootload.o
                0x0000000008001ecc                bootload_checkSeUpgradeVersion
 .text.btl_init
                0x0000000008001eec        0x4 ./simplicity_sdk_2024.12.2/platform/bootloader/core/btl_core.o
                0x0000000008001eec                btl_init
 .text.btl_deinit
                0x0000000008001ef0        0x4 ./simplicity_sdk_2024.12.2/platform/bootloader/core/btl_core.o
                0x0000000008001ef0                btl_deinit
 .text.bootToApp
                0x0000000008001ef4       0x14 ./simplicity_sdk_2024.12.2/platform/bootloader/core/btl_main.o
 .text.HardFault_Handler
                0x0000000008001f08        0x8 ./simplicity_sdk_2024.12.2/platform/bootloader/core/btl_main.o
                0x0000000008001f08                HardFault_Handler
 .text.core_initParser
                0x0000000008001f10       0x30 ./simplicity_sdk_2024.12.2/platform/bootloader/core/btl_parse.o
                0x0000000008001f10                core_initParser
 .text.core_parseBuffer
                0x0000000008001f40       0x30 ./simplicity_sdk_2024.12.2/platform/bootloader/core/btl_parse.o
                0x0000000008001f40                core_parseBuffer
 .text.core_parseImageInfo
                0x0000000008001f70       0x76 ./simplicity_sdk_2024.12.2/platform/bootloader/core/btl_parse.o
                0x0000000008001f70                core_parseImageInfo
 .text.core_parserContextSize
                0x0000000008001fe6        0x6 ./simplicity_sdk_2024.12.2/platform/bootloader/core/btl_parse.o
                0x0000000008001fe6                core_parserContextSize
 .text.gbl_storeData
                0x0000000008001fec       0x42 ./simplicity_sdk_2024.12.2/platform/bootloader/parser/gbl/btl_gbl_parser.o
 .text.gbl_getData
                0x000000000800202e      0x102 ./simplicity_sdk_2024.12.2/platform/bootloader/parser/gbl/btl_gbl_parser.o
 .text.btl_processAesCtrData
                0x0000000008002130       0x22 ./simplicity_sdk_2024.12.2/platform/bootloader/security/btl_security_aes.o
                0x0000000008002130                btl_processAesCtrData
 .text.btl_updateSha256
                0x0000000008002152        0x4 ./simplicity_sdk_2024.12.2/platform/bootloader/security/btl_security_sha256.o
                0x0000000008002152                btl_updateSha256
 .text.btl_finalizeSha256
                0x0000000008002156        0x6 ./simplicity_sdk_2024.12.2/platform/bootloader/security/btl_security_sha256.o
                0x0000000008002156                btl_finalizeSha256
 .text.btl_sha256_init
                0x000000000800215c        0x8 ./simplicity_sdk_2024.12.2/platform/bootloader/security/sha/btl_sha256.o
                0x000000000800215c                btl_sha256_init
 .text.btl_sha256_starts_ret
                0x0000000008002164        0xa ./simplicity_sdk_2024.12.2/platform/bootloader/security/sha/btl_sha256.o
                0x0000000008002164                btl_sha256_starts_ret
 .text.btl_sha256_update_ret
                0x000000000800216e       0x1a ./simplicity_sdk_2024.12.2/platform/bootloader/security/sha/btl_sha256.o
                0x000000000800216e                btl_sha256_update_ret
 .text.btl_sha256_finish_ret
                0x0000000008002188        0xe ./simplicity_sdk_2024.12.2/platform/bootloader/security/sha/btl_sha256.o
                0x0000000008002188                btl_sha256_finish_ret
 .text.storage_getBootloadList
                0x0000000008002196       0x20 ./simplicity_sdk_2024.12.2/platform/bootloader/storage/bootloadinfo/btl_storage_bootloadinfo_single.o
                0x0000000008002196                storage_getBootloadList
 .text.storage_setBootloadList
                0x00000000080021b6       0x10 ./simplicity_sdk_2024.12.2/platform/bootloader/storage/bootloadinfo/btl_storage_bootloadinfo_single.o
                0x00000000080021b6                storage_setBootloadList
 .text.storage_appendBootloadList
                0x00000000080021c6        0x6 ./simplicity_sdk_2024.12.2/platform/bootloader/storage/bootloadinfo/btl_storage_bootloadinfo_single.o
                0x00000000080021c6                storage_appendBootloadList
 .text.storage_main
                0x00000000080021cc        0x4 ./simplicity_sdk_2024.12.2/platform/bootloader/storage/btl_storage.o
                0x00000000080021cc                storage_main
 .text.dummyCallback
                0x00000000080021d0        0x6 ./simplicity_sdk_2024.12.2/platform/bootloader/storage/btl_storage_library.o
 .text.storage_verifySlot
                0x00000000080021d6       0x52 ./simplicity_sdk_2024.12.2/platform/bootloader/storage/btl_storage_library.o
                0x00000000080021d6                storage_verifySlot
 .text.storage_initParseSlot
                0x0000000008002228       0x28 ./simplicity_sdk_2024.12.2/platform/bootloader/storage/btl_storage_library.o
                0x0000000008002228                storage_initParseSlot
 .text.bootloadFromSlot.constprop.0
                0x0000000008002250       0x36 ./simplicity_sdk_2024.12.2/platform/bootloader/storage/btl_storage_library.o
 .text.storage_readRaw
                0x0000000008002286       0x20 ./simplicity_sdk_2024.12.2/platform/bootloader/storage/internal_flash/btl_storage_internal_flash.o
                0x0000000008002286                storage_readRaw
 .text.storage_writeRaw
                0x00000000080022a6       0x4a ./simplicity_sdk_2024.12.2/platform/bootloader/storage/internal_flash/btl_storage_internal_flash.o
                0x00000000080022a6                storage_writeRaw
 .text.storage_getDMAchannel
                0x00000000080022f0        0x4 ./simplicity_sdk_2024.12.2/platform/bootloader/storage/internal_flash/btl_storage_internal_flash.o
                0x00000000080022f0                storage_getDMAchannel
 .text.storage_eraseRaw
                0x00000000080022f4       0x40 ./simplicity_sdk_2024.12.2/platform/bootloader/storage/internal_flash/btl_storage_internal_flash.o
                0x00000000080022f4                storage_eraseRaw
 .text.sli_se_mailbox_command_add_input
                0x0000000008002334       0x14 ./simplicity_sdk_2024.12.2/platform/security/sl_component/se_manager/src/sli_se_manager_mailbox.o
                0x0000000008002334                sli_se_mailbox_command_add_input
 .text.sli_se_mailbox_command_add_output
                0x0000000008002348       0x14 ./simplicity_sdk_2024.12.2/platform/security/sl_component/se_manager/src/sli_se_manager_mailbox.o
                0x0000000008002348                sli_se_mailbox_command_add_output
 .text.mbedtls_aes_init
                0x000000000800235c        0x8 ./simplicity_sdk_2024.12.2/platform/security/sl_component/sl_mbedtls_support/src/se_aes.o
                0x000000000800235c                mbedtls_aes_init
 .text.mbedtls_aes_setkey_enc
                0x0000000008002364       0x36 ./simplicity_sdk_2024.12.2/platform/security/sl_component/sl_mbedtls_support/src/se_aes.o
                0x0000000008002364                mbedtls_aes_setkey_enc
 .text.memcpy   0x000000000800239a       0x1a /home/fw3/Desktop/SimplicityStudio_v5/developer/toolchains/gnu_arm/12.2.rel1_2023.7/bin/../lib/gcc/arm-none-eabi/12.2.1/../../../../arm-none-eabi/lib/thumb/v8-m.main+fp/hard/libc_nano.a(libc_a-memcpy-stub.o)
                0x000000000800239a                memcpy
 .text.memcmp   0x00000000080023b4       0x20 /home/fw3/Desktop/SimplicityStudio_v5/developer/toolchains/gnu_arm/12.2.rel1_2023.7/bin/../lib/gcc/arm-none-eabi/12.2.1/../../../../arm-none-eabi/lib/thumb/v8-m.main+fp/hard/libc_nano.a(libc_a-memcmp.o)
                0x00000000080023b4                memcmp
 .text.memset   0x00000000080023d4       0x10 /home/fw3/Desktop/SimplicityStudio_v5/developer/toolchains/gnu_arm/12.2.rel1_2023.7/bin/../lib/gcc/arm-none-eabi/12.2.1/../../../../arm-none-eabi/lib/thumb/v8-m.main+fp/hard/libc_nano.a(libc_a-memset.o)
                0x00000000080023d4                memset
 *(SORT_BY_ALIGNMENT(text_*))
 text_se_manager_timecritical18160
                0x00000000080023e4       0x14 ./simplicity_sdk_2024.12.2/platform/security/sl_component/se_manager/src/sl_se_manager.o
                0x00000000080023e4                sli_se_lock_acquire
 text_se_manager_timecritical19171
                0x00000000080023f8       0x10 ./simplicity_sdk_2024.12.2/platform/security/sl_component/se_manager/src/sl_se_manager.o
                0x00000000080023f8                sli_se_lock_release
 text_se_manager_timecritical20184
                0x0000000008002408       0x44 ./simplicity_sdk_2024.12.2/platform/security/sl_component/se_manager/src/sl_se_manager.o
                0x0000000008002408                sli_se_execute_and_wait
 text_se_manager_timecritical15503
                0x000000000800244c       0x12 ./simplicity_sdk_2024.12.2/platform/bootloader/core/btl_bootload.o
 text_se_manager_timecritical17149
                0x000000000800245e       0x5c ./simplicity_sdk_2024.12.2/platform/security/sl_component/se_manager/src/sl_se_manager.o
                0x000000000800245e                sli_se_to_sl_status
 text_se_manager_timecritical13464
                0x00000000080024ba       0x12 ./simplicity_sdk_2024.12.2/platform/security/sl_component/se_manager/src/sli_se_manager_mailbox.o
                0x00000000080024ba                sli_se_mailbox_command_add_parameter
 text_se_manager_timecritical14481
                0x00000000080024cc       0x3a ./simplicity_sdk_2024.12.2/platform/security/sl_component/se_manager/src/sli_se_manager_mailbox.o
                0x00000000080024cc                sli_se_mailbox_execute_command
                0x0000000008002520                . = ALIGN (0x20)
 *fill*         0x0000000008002506       0x1a 
                0x0000000008002520                linker_code_end = .
 *(.init)
 .init          0x0000000008002520        0x4 /home/fw3/Desktop/SimplicityStudio_v5/developer/toolchains/gnu_arm/12.2.rel1_2023.7/bin/../lib/gcc/arm-none-eabi/12.2.1/thumb/v8-m.main+fp/hard/crti.o
                0x0000000008002520                _init
 .init          0x0000000008002524        0x8 /home/fw3/Desktop/SimplicityStudio_v5/developer/toolchains/gnu_arm/12.2.rel1_2023.7/bin/../lib/gcc/arm-none-eabi/12.2.1/thumb/v8-m.main+fp/hard/crtn.o
 *(.fini)
 .fini          0x000000000800252c        0x4 /home/fw3/Desktop/SimplicityStudio_v5/developer/toolchains/gnu_arm/12.2.rel1_2023.7/bin/../lib/gcc/arm-none-eabi/12.2.1/thumb/v8-m.main+fp/hard/crti.o
                0x000000000800252c                _fini
 .fini          0x0000000008002530        0x8 /home/fw3/Desktop/SimplicityStudio_v5/developer/toolchains/gnu_arm/12.2.rel1_2023.7/bin/../lib/gcc/arm-none-eabi/12.2.1/thumb/v8-m.main+fp/hard/crtn.o
 *crtbegin.o(.ctors)
 *crtbegin?.o(.ctors)
 *(EXCLUDE_FILE(*crtend.o *crtend?.o) .ctors)
 *(SORT_BY_NAME(.ctors.*))
 *(.ctors)
 *crtbegin.o(.dtors)
 *crtbegin?.o(.dtors)
 *(EXCLUDE_FILE(*crtend.o *crtend?.o) .dtors)
 *(SORT_BY_NAME(.dtors.*))
 *(.dtors)
 *(.rodata*)
 .rodata.bootload_checkApplicationPropertiesMagic.str1.1
                0x0000000008002538       0x11 ./simplicity_sdk_2024.12.2/platform/bootloader/core/btl_bootload.o
 *fill*         0x0000000008002549        0x3 
 .rodata.sl_app_properties
                0x000000000800254c       0x50 ./simplicity_sdk_2024.12.2/platform/bootloader/core/btl_main.o
                0x000000000800254c                sl_app_properties
 .rodata.mainStageTable
                0x000000000800259c       0x48 ./simplicity_sdk_2024.12.2/platform/bootloader/core/btl_main.o
                0x000000000800259c                mainStageTable
 .rodata.gblTagParsingInfoStructs
                0x00000000080025e4       0x90 ./simplicity_sdk_2024.12.2/platform/bootloader/parser/gbl/btl_gbl_format.o
                0x00000000080025e4                gblTagParsingInfoStructs
 .rodata.shax_padding
                0x0000000008002674       0x40 ./simplicity_sdk_2024.12.2/platform/bootloader/security/sha/btl_sha256.o
 .rodata.init_state_sha256
                0x00000000080026b4       0x20 ./simplicity_sdk_2024.12.2/platform/bootloader/security/sha/btl_sha256.o
 .rodata.storageFunctions
                0x00000000080026d4       0x44 ./simplicity_sdk_2024.12.2/platform/bootloader/storage/btl_storage_library.o
                0x00000000080026d4                storageFunctions
 .rodata.deviceInfo
                0x0000000008002718       0x20 ./simplicity_sdk_2024.12.2/platform/bootloader/storage/internal_flash/btl_storage_internal_flash.o
 .rodata.storageLayout
                0x0000000008002738       0x10 ./simplicity_sdk_2024.12.2/platform/bootloader/storage/internal_flash/btl_storage_internal_flash.o
                0x0000000008002738                storageLayout
 *(.eh_frame*)
 .eh_frame      0x0000000008002748        0x0 /home/fw3/Desktop/SimplicityStudio_v5/developer/toolchains/gnu_arm/12.2.rel1_2023.7/bin/../lib/gcc/arm-none-eabi/12.2.1/thumb/v8-m.main+fp/hard/crtbegin.o

.glue_7         0x0000000008002748        0x0
 .glue_7        0x0000000008002748        0x0 linker stubs

.glue_7t        0x0000000008002748        0x0
 .glue_7t       0x0000000008002748        0x0 linker stubs

.vfp11_veneer   0x0000000008002748        0x0
 .vfp11_veneer  0x0000000008002748        0x0 linker stubs

.v4_bx          0x0000000008002748        0x0
 .v4_bx         0x0000000008002748        0x0 linker stubs

.iplt           0x0000000008002748        0x0
 .iplt          0x0000000008002748        0x0 /home/fw3/Desktop/SimplicityStudio_v5/developer/toolchains/gnu_arm/12.2.rel1_2023.7/bin/../lib/gcc/arm-none-eabi/12.2.1/thumb/v8-m.main+fp/hard/crtbegin.o

.rel.dyn        0x0000000008002748        0x0
 .rel.iplt      0x0000000008002748        0x0 /home/fw3/Desktop/SimplicityStudio_v5/developer/toolchains/gnu_arm/12.2.rel1_2023.7/bin/../lib/gcc/arm-none-eabi/12.2.1/thumb/v8-m.main+fp/hard/crtbegin.o

.gnu.sgstubs    0x0000000008002760        0x0
                0x0000000008002760                . = ALIGN (0x20)
                0x0000000008002760                linker_sg_begin = .
 *(.gnu.sgstubs*)
                0x0000000008002760                . = ALIGN (0x20)
                0x0000000008002760                linker_sg_end = (linker_sg_begin + SIZEOF (.gnu.sgstubs))

.ARM.extab
 *(.ARM.extab* .gnu.linkonce.armextab.*)
                0x0000000008002760                __exidx_start = .

.ARM.exidx
 *(.ARM.exidx* .gnu.linkonce.armexidx.*)
                0x0000000008002760                __exidx_end = .

.copy.table     0x0000000008002748        0xc
                0x0000000008002748                . = ALIGN (0x4)
                0x0000000008002748                __copy_table_start__ = .
                0x0000000008002748        0x4 LONG 0x8002754 __etext
                0x000000000800274c        0x4 LONG 0x2000102c __data_start__
                0x0000000008002750        0x4 LONG 0x2 ((__data_end__ - __data_start__) / 0x4)
                0x0000000008002754                __copy_table_end__ = .

.zero.table     0x0000000008002754        0x0
                0x0000000008002754                . = ALIGN (0x4)
                0x0000000008002754                __zero_table_start__ = .
                0x0000000008002754                __zero_table_end__ = .
                0x0000000008002754                __etext = .

.data           0x000000002000102c        0x8 load address 0x0000000008002754
                0x000000002000102c                . = ALIGN (0x4)
                0x000000002000102c                __data_start__ = .
 *(vtable)
 *(SORT_BY_ALIGNMENT(.data*))
                0x000000002000102c                . = ALIGN (0x4)
                0x000000002000102c                . = ALIGN (0x4)
                0x000000002000102c                PROVIDE (__preinit_array_start = .)
 *(.preinit_array)
                0x000000002000102c                PROVIDE (__preinit_array_end = .)
                0x000000002000102c                . = ALIGN (0x4)
                0x000000002000102c                PROVIDE (__init_array_start = .)
 *(SORT_BY_NAME(.init_array.*))
 *(.init_array)
 .init_array    0x000000002000102c        0x4 /home/fw3/Desktop/SimplicityStudio_v5/developer/toolchains/gnu_arm/12.2.rel1_2023.7/bin/../lib/gcc/arm-none-eabi/12.2.1/thumb/v8-m.main+fp/hard/crtbegin.o
                0x0000000020001030                PROVIDE (__init_array_end = .)
                0x0000000020001030                . = ALIGN (0x4)
                [!provide]                        PROVIDE (__fini_array_start = .)
 *(SORT_BY_NAME(.fini_array.*))
 *(.fini_array)
 .fini_array    0x0000000020001030        0x4 /home/fw3/Desktop/SimplicityStudio_v5/developer/toolchains/gnu_arm/12.2.rel1_2023.7/bin/../lib/gcc/arm-none-eabi/12.2.1/thumb/v8-m.main+fp/hard/crtbegin.o
                [!provide]                        PROVIDE (__fini_array_end = .)
                0x0000000020001034                . = ALIGN (0x4)
                0x0000000020001034                __data_end__ = .
                0x0000000020040000                heap_limit = (ORIGIN (RAM) + LENGTH (RAM))
                0x000000000003efc8                heap_size = (heap_limit - __HeapBase)

.tm_clone_table
                0x0000000020001034        0x0 load address 0x000000000800275c
 .tm_clone_table
                0x0000000020001034        0x0 /home/fw3/Desktop/SimplicityStudio_v5/developer/toolchains/gnu_arm/12.2.rel1_2023.7/bin/../lib/gcc/arm-none-eabi/12.2.1/thumb/v8-m.main+fp/hard/crtbegin.o
 .tm_clone_table
                0x0000000020001034        0x0 /home/fw3/Desktop/SimplicityStudio_v5/developer/toolchains/gnu_arm/12.2.rel1_2023.7/bin/../lib/gcc/arm-none-eabi/12.2.1/thumb/v8-m.main+fp/hard/crtend.o

.igot.plt       0x0000000020001034        0x0 load address 0x000000000800275c
 .igot.plt      0x0000000020001034        0x0 /home/fw3/Desktop/SimplicityStudio_v5/developer/toolchains/gnu_arm/12.2.rel1_2023.7/bin/../lib/gcc/arm-none-eabi/12.2.1/thumb/v8-m.main+fp/hard/crtbegin.o

.memory_manager_heap
                0x0000000020001034    0x3efcc load address 0x000000000800275c
                0x0000000020001038                . = ALIGN (0x8)
 *fill*         0x0000000020001034        0x4 
                0x0000000020001038                __HeapBase = .
                0x0000000020040000                . = (. + heap_size)
 *fill*         0x0000000020001038    0x3efc8 
                0x0000000020040000                __end__ = .
                0x0000000020040000                end = __end__
                0x0000000020040000                _end = __end__
 *(.memory_manager_heap*)
                0x0000000020040000                __HeapLimit = (ORIGIN (RAM) + LENGTH (RAM))
                0x000000000003efc8                __heap_size = (__HeapLimit - __HeapBase)
                0x0000000020040000                __ram_end__ = 0x20040000
                0x000000000817e000                __main_flash_end__ = 0x817e000

.internal_storage
 *(.internal_storage*)

.nvm
 *(.simee*)
                0x000000002000102c                __ramfuncs_start__ = __vma_ramfuncs_start__
                0x000000002000102c                __ramfuncs_end__ = __vma_ramfuncs_end__
                0x000000000817e000                linker_nvm_end = __main_flash_end__
                0x000000000817e000                linker_nvm_begin = (linker_nvm_end - SIZEOF (.nvm))
                0x000000000817e000                linker_storage_end = __main_flash_end__
                0x000000000817e000                linker_storage_begin = (linker_storage_end - SIZEOF (.internal_storage))
                0x000000000800275c                __rom_end__ = (__etext + SIZEOF (.data))
                0x0000000000000020                _app_rollback_protection_size = 0x20
                0x0000000000000001                ASSERT (((((ORIGIN (FLASH) + LENGTH (FLASH)) - 0x40) - _app_rollback_protection_size) >= (__etext + SIZEOF (.data))), FLASH memory overflowed !)
OUTPUT(bootloader-storage-internal-single.axf elf32-littlearm)
LOAD linker stubs

.ARM.attributes
                0x0000000000000000       0x36
 .ARM.attributes
                0x0000000000000000       0x26 /home/fw3/Desktop/SimplicityStudio_v5/developer/toolchains/gnu_arm/12.2.rel1_2023.7/bin/../lib/gcc/arm-none-eabi/12.2.1/thumb/v8-m.main+fp/hard/crti.o
 .ARM.attributes
                0x0000000000000026       0x38 /home/fw3/Desktop/SimplicityStudio_v5/developer/toolchains/gnu_arm/12.2.rel1_2023.7/bin/../lib/gcc/arm-none-eabi/12.2.1/thumb/v8-m.main+fp/hard/crtbegin.o
 .ARM.attributes
                0x000000000000005e       0x3a ./simplicity_sdk_2024.12.2/platform/Device/SiliconLabs/EFR32MG24/Source/startup_efr32mg24.o
 .ARM.attributes
                0x0000000000000098       0x3a ./simplicity_sdk_2024.12.2/platform/Device/SiliconLabs/EFR32MG24/Source/system_efr32mg24.o
 .ARM.attributes
                0x00000000000000d2       0x3a ./simplicity_sdk_2024.12.2/platform/bootloader/core/btl_bootload.o
 .ARM.attributes
                0x000000000000010c       0x3a ./simplicity_sdk_2024.12.2/platform/bootloader/core/btl_core.o
 .ARM.attributes
                0x0000000000000146       0x3a ./simplicity_sdk_2024.12.2/platform/bootloader/core/btl_main.o
 .ARM.attributes
                0x0000000000000180       0x3a ./simplicity_sdk_2024.12.2/platform/bootloader/core/btl_parse.o
 .ARM.attributes
                0x00000000000001ba       0x3a ./simplicity_sdk_2024.12.2/platform/bootloader/core/btl_reset.o
 .ARM.attributes
                0x00000000000001f4       0x3a ./simplicity_sdk_2024.12.2/platform/bootloader/core/flash/btl_internal_flash.o
 .ARM.attributes
                0x000000000000022e       0x3a ./simplicity_sdk_2024.12.2/platform/bootloader/parser/gbl/btl_gbl_format.o
 .ARM.attributes
                0x0000000000000268       0x3a ./simplicity_sdk_2024.12.2/platform/bootloader/parser/gbl/btl_gbl_parser.o
 .ARM.attributes
                0x00000000000002a2       0x3a ./simplicity_sdk_2024.12.2/platform/bootloader/security/btl_crc32.o
 .ARM.attributes
                0x00000000000002dc       0x3a ./simplicity_sdk_2024.12.2/platform/bootloader/security/btl_security_aes.o
 .ARM.attributes
                0x0000000000000316       0x3a ./simplicity_sdk_2024.12.2/platform/bootloader/security/btl_security_ecdsa.o
 .ARM.attributes
                0x0000000000000350       0x3a ./simplicity_sdk_2024.12.2/platform/bootloader/security/btl_security_sha256.o
 .ARM.attributes
                0x000000000000038a       0x3a ./simplicity_sdk_2024.12.2/platform/bootloader/security/btl_security_tokens.o
 .ARM.attributes
                0x00000000000003c4       0x3a ./simplicity_sdk_2024.12.2/platform/bootloader/security/sha/btl_sha256.o
 .ARM.attributes
                0x00000000000003fe       0x3a ./simplicity_sdk_2024.12.2/platform/bootloader/security/sha/se_sha.o
 .ARM.attributes
                0x0000000000000438       0x3a ./simplicity_sdk_2024.12.2/platform/bootloader/storage/bootloadinfo/btl_storage_bootloadinfo_single.o
 .ARM.attributes
                0x0000000000000472       0x3a ./simplicity_sdk_2024.12.2/platform/bootloader/storage/btl_storage.o
 .ARM.attributes
                0x00000000000004ac       0x3a ./simplicity_sdk_2024.12.2/platform/bootloader/storage/btl_storage_library.o
 .ARM.attributes
                0x00000000000004e6       0x3a ./simplicity_sdk_2024.12.2/platform/bootloader/storage/internal_flash/btl_storage_internal_flash.o
 .ARM.attributes
                0x0000000000000520       0x3a ./simplicity_sdk_2024.12.2/platform/emlib/src/em_cmu.o
 .ARM.attributes
                0x000000000000055a       0x3a ./simplicity_sdk_2024.12.2/platform/emlib/src/em_msc.o
 .ARM.attributes
                0x0000000000000594       0x3a ./simplicity_sdk_2024.12.2/platform/security/sl_component/se_manager/src/sl_se_manager.o
 .ARM.attributes
                0x00000000000005ce       0x3a ./simplicity_sdk_2024.12.2/platform/security/sl_component/se_manager/src/sl_se_manager_util.o
 .ARM.attributes
                0x0000000000000608       0x3a ./simplicity_sdk_2024.12.2/platform/security/sl_component/se_manager/src/sli_se_manager_mailbox.o
 .ARM.attributes
                0x0000000000000642       0x3a ./simplicity_sdk_2024.12.2/platform/security/sl_component/sl_mbedtls_support/src/se_aes.o
 .ARM.attributes
                0x000000000000067c       0x3a ./simplicity_sdk_2024.12.2/platform/service/memory_manager/src/sl_memory_manager_region.o
 .ARM.attributes
                0x00000000000006b6       0x38 /home/fw3/Desktop/SimplicityStudio_v5/developer/toolchains/gnu_arm/12.2.rel1_2023.7/bin/../lib/gcc/arm-none-eabi/12.2.1/../../../../arm-none-eabi/lib/thumb/v8-m.main+fp/hard/libc_nano.a(libc_a-memcpy-stub.o)
 .ARM.attributes
                0x00000000000006ee       0x38 /home/fw3/Desktop/SimplicityStudio_v5/developer/toolchains/gnu_arm/12.2.rel1_2023.7/bin/../lib/gcc/arm-none-eabi/12.2.1/../../../../arm-none-eabi/lib/thumb/v8-m.main+fp/hard/libc_nano.a(libc_a-memcmp.o)
 .ARM.attributes
                0x0000000000000726       0x38 /home/fw3/Desktop/SimplicityStudio_v5/developer/toolchains/gnu_arm/12.2.rel1_2023.7/bin/../lib/gcc/arm-none-eabi/12.2.1/../../../../arm-none-eabi/lib/thumb/v8-m.main+fp/hard/libc_nano.a(libc_a-memset.o)
 .ARM.attributes
                0x000000000000075e       0x38 /home/fw3/Desktop/SimplicityStudio_v5/developer/toolchains/gnu_arm/12.2.rel1_2023.7/bin/../lib/gcc/arm-none-eabi/12.2.1/thumb/v8-m.main+fp/hard/crtend.o
 .ARM.attributes
                0x0000000000000796       0x26 /home/fw3/Desktop/SimplicityStudio_v5/developer/toolchains/gnu_arm/12.2.rel1_2023.7/bin/../lib/gcc/arm-none-eabi/12.2.1/thumb/v8-m.main+fp/hard/crtn.o

.comment        0x0000000000000000       0x45
 .comment       0x0000000000000000       0x45 ./simplicity_sdk_2024.12.2/platform/Device/SiliconLabs/EFR32MG24/Source/startup_efr32mg24.o
                                         0x46 (size before relaxing)
 .comment       0x0000000000000045       0x46 ./simplicity_sdk_2024.12.2/platform/Device/SiliconLabs/EFR32MG24/Source/system_efr32mg24.o
 .comment       0x0000000000000045       0x46 ./simplicity_sdk_2024.12.2/platform/bootloader/core/btl_bootload.o
 .comment       0x0000000000000045       0x46 ./simplicity_sdk_2024.12.2/platform/bootloader/core/btl_core.o
 .comment       0x0000000000000045       0x46 ./simplicity_sdk_2024.12.2/platform/bootloader/core/btl_main.o
 .comment       0x0000000000000045       0x46 ./simplicity_sdk_2024.12.2/platform/bootloader/core/btl_parse.o
 .comment       0x0000000000000045       0x46 ./simplicity_sdk_2024.12.2/platform/bootloader/core/btl_reset.o
 .comment       0x0000000000000045       0x46 ./simplicity_sdk_2024.12.2/platform/bootloader/core/flash/btl_internal_flash.o
 .comment       0x0000000000000045       0x46 ./simplicity_sdk_2024.12.2/platform/bootloader/parser/gbl/btl_gbl_format.o
 .comment       0x0000000000000045       0x46 ./simplicity_sdk_2024.12.2/platform/bootloader/parser/gbl/btl_gbl_parser.o
 .comment       0x0000000000000045       0x46 ./simplicity_sdk_2024.12.2/platform/bootloader/security/btl_crc32.o
 .comment       0x0000000000000045       0x46 ./simplicity_sdk_2024.12.2/platform/bootloader/security/btl_security_aes.o
 .comment       0x0000000000000045       0x46 ./simplicity_sdk_2024.12.2/platform/bootloader/security/btl_security_ecdsa.o
 .comment       0x0000000000000045       0x46 ./simplicity_sdk_2024.12.2/platform/bootloader/security/btl_security_sha256.o
 .comment       0x0000000000000045       0x46 ./simplicity_sdk_2024.12.2/platform/bootloader/security/btl_security_tokens.o
 .comment       0x0000000000000045       0x46 ./simplicity_sdk_2024.12.2/platform/bootloader/security/sha/btl_sha256.o
 .comment       0x0000000000000045       0x46 ./simplicity_sdk_2024.12.2/platform/bootloader/security/sha/se_sha.o
 .comment       0x0000000000000045       0x46 ./simplicity_sdk_2024.12.2/platform/bootloader/storage/bootloadinfo/btl_storage_bootloadinfo_single.o
 .comment       0x0000000000000045       0x46 ./simplicity_sdk_2024.12.2/platform/bootloader/storage/btl_storage.o
 .comment       0x0000000000000045       0x46 ./simplicity_sdk_2024.12.2/platform/bootloader/storage/btl_storage_library.o
 .comment       0x0000000000000045       0x46 ./simplicity_sdk_2024.12.2/platform/bootloader/storage/internal_flash/btl_storage_internal_flash.o
 .comment       0x0000000000000045       0x46 ./simplicity_sdk_2024.12.2/platform/emlib/src/em_cmu.o
 .comment       0x0000000000000045       0x46 ./simplicity_sdk_2024.12.2/platform/emlib/src/em_msc.o
 .comment       0x0000000000000045       0x46 ./simplicity_sdk_2024.12.2/platform/security/sl_component/se_manager/src/sl_se_manager.o
 .comment       0x0000000000000045       0x46 ./simplicity_sdk_2024.12.2/platform/security/sl_component/se_manager/src/sl_se_manager_util.o
 .comment       0x0000000000000045       0x46 ./simplicity_sdk_2024.12.2/platform/security/sl_component/se_manager/src/sli_se_manager_mailbox.o
 .comment       0x0000000000000045       0x46 ./simplicity_sdk_2024.12.2/platform/security/sl_component/sl_mbedtls_support/src/se_aes.o
 .comment       0x0000000000000045       0x46 ./simplicity_sdk_2024.12.2/platform/service/memory_manager/src/sl_memory_manager_region.o

.debug_info     0x0000000000000000    0x2b5a9
 .debug_info    0x0000000000000000      0xb44 ./simplicity_sdk_2024.12.2/platform/Device/SiliconLabs/EFR32MG24/Source/startup_efr32mg24.o
 .debug_info    0x0000000000000b44     0x1705 ./simplicity_sdk_2024.12.2/platform/Device/SiliconLabs/EFR32MG24/Source/system_efr32mg24.o
 .debug_info    0x0000000000002249     0x30d3 ./simplicity_sdk_2024.12.2/platform/bootloader/core/btl_bootload.o
 .debug_info    0x000000000000531c      0x123 ./simplicity_sdk_2024.12.2/platform/bootloader/core/btl_core.o
 .debug_info    0x000000000000543f     0x21ec ./simplicity_sdk_2024.12.2/platform/bootloader/core/btl_main.o
 .debug_info    0x000000000000762b      0xbf7 ./simplicity_sdk_2024.12.2/platform/bootloader/core/btl_parse.o
 .debug_info    0x0000000000008222      0x767 ./simplicity_sdk_2024.12.2/platform/bootloader/core/btl_reset.o
 .debug_info    0x0000000000008989     0x128d ./simplicity_sdk_2024.12.2/platform/bootloader/core/flash/btl_internal_flash.o
 .debug_info    0x0000000000009c16      0x25e ./simplicity_sdk_2024.12.2/platform/bootloader/parser/gbl/btl_gbl_format.o
 .debug_info    0x0000000000009e74     0x257e ./simplicity_sdk_2024.12.2/platform/bootloader/parser/gbl/btl_gbl_parser.o
 .debug_info    0x000000000000c3f2     0x120a ./simplicity_sdk_2024.12.2/platform/bootloader/security/btl_crc32.o
 .debug_info    0x000000000000d5fc     0x14b4 ./simplicity_sdk_2024.12.2/platform/bootloader/security/btl_security_aes.o
 .debug_info    0x000000000000eab0     0x1272 ./simplicity_sdk_2024.12.2/platform/bootloader/security/btl_security_ecdsa.o
 .debug_info    0x000000000000fd22     0x119a ./simplicity_sdk_2024.12.2/platform/bootloader/security/btl_security_sha256.o
 .debug_info    0x0000000000010ebc     0x1149 ./simplicity_sdk_2024.12.2/platform/bootloader/security/btl_security_tokens.o
 .debug_info    0x0000000000012005      0x8ef ./simplicity_sdk_2024.12.2/platform/bootloader/security/sha/btl_sha256.o
 .debug_info    0x00000000000128f4     0x121d ./simplicity_sdk_2024.12.2/platform/bootloader/security/sha/se_sha.o
 .debug_info    0x0000000000013b11      0x1b3 ./simplicity_sdk_2024.12.2/platform/bootloader/storage/bootloadinfo/btl_storage_bootloadinfo_single.o
 .debug_info    0x0000000000013cc4     0x121d ./simplicity_sdk_2024.12.2/platform/bootloader/storage/btl_storage.o
 .debug_info    0x0000000000014ee1     0x1bbc ./simplicity_sdk_2024.12.2/platform/bootloader/storage/btl_storage_library.o
 .debug_info    0x0000000000016a9d     0x1c65 ./simplicity_sdk_2024.12.2/platform/bootloader/storage/internal_flash/btl_storage_internal_flash.o
 .debug_info    0x0000000000018702     0x9fed ./simplicity_sdk_2024.12.2/platform/emlib/src/em_cmu.o
 .debug_info    0x00000000000226ef     0x3507 ./simplicity_sdk_2024.12.2/platform/emlib/src/em_msc.o
 .debug_info    0x0000000000025bf6     0x14fe ./simplicity_sdk_2024.12.2/platform/security/sl_component/se_manager/src/sl_se_manager.o
 .debug_info    0x00000000000270f4     0x33c7 ./simplicity_sdk_2024.12.2/platform/security/sl_component/se_manager/src/sl_se_manager_util.o
 .debug_info    0x000000000002a4bb      0x40f ./simplicity_sdk_2024.12.2/platform/security/sl_component/se_manager/src/sli_se_manager_mailbox.o
 .debug_info    0x000000000002a8ca      0xb23 ./simplicity_sdk_2024.12.2/platform/security/sl_component/sl_mbedtls_support/src/se_aes.o
 .debug_info    0x000000000002b3ed      0x1bc ./simplicity_sdk_2024.12.2/platform/service/memory_manager/src/sl_memory_manager_region.o

.debug_abbrev   0x0000000000000000     0x487d
 .debug_abbrev  0x0000000000000000      0x281 ./simplicity_sdk_2024.12.2/platform/Device/SiliconLabs/EFR32MG24/Source/startup_efr32mg24.o
 .debug_abbrev  0x0000000000000281      0x26e ./simplicity_sdk_2024.12.2/platform/Device/SiliconLabs/EFR32MG24/Source/system_efr32mg24.o
 .debug_abbrev  0x00000000000004ef      0x4d3 ./simplicity_sdk_2024.12.2/platform/bootloader/core/btl_bootload.o
 .debug_abbrev  0x00000000000009c2       0xa9 ./simplicity_sdk_2024.12.2/platform/bootloader/core/btl_core.o
 .debug_abbrev  0x0000000000000a6b      0x42b ./simplicity_sdk_2024.12.2/platform/bootloader/core/btl_main.o
 .debug_abbrev  0x0000000000000e96      0x235 ./simplicity_sdk_2024.12.2/platform/bootloader/core/btl_parse.o
 .debug_abbrev  0x00000000000010cb      0x210 ./simplicity_sdk_2024.12.2/platform/bootloader/core/btl_reset.o
 .debug_abbrev  0x00000000000012db      0x1c4 ./simplicity_sdk_2024.12.2/platform/bootloader/core/flash/btl_internal_flash.o
 .debug_abbrev  0x000000000000149f      0x10a ./simplicity_sdk_2024.12.2/platform/bootloader/parser/gbl/btl_gbl_format.o
 .debug_abbrev  0x00000000000015a9      0x495 ./simplicity_sdk_2024.12.2/platform/bootloader/parser/gbl/btl_gbl_parser.o
 .debug_abbrev  0x0000000000001a3e       0xd2 ./simplicity_sdk_2024.12.2/platform/bootloader/security/btl_crc32.o
 .debug_abbrev  0x0000000000001b10      0x241 ./simplicity_sdk_2024.12.2/platform/bootloader/security/btl_security_aes.o
 .debug_abbrev  0x0000000000001d51      0x1b7 ./simplicity_sdk_2024.12.2/platform/bootloader/security/btl_security_ecdsa.o
 .debug_abbrev  0x0000000000001f08      0x1fb ./simplicity_sdk_2024.12.2/platform/bootloader/security/btl_security_sha256.o
 .debug_abbrev  0x0000000000002103      0x1bb ./simplicity_sdk_2024.12.2/platform/bootloader/security/btl_security_tokens.o
 .debug_abbrev  0x00000000000022be      0x29e ./simplicity_sdk_2024.12.2/platform/bootloader/security/sha/btl_sha256.o
 .debug_abbrev  0x000000000000255c      0x1da ./simplicity_sdk_2024.12.2/platform/bootloader/security/sha/se_sha.o
 .debug_abbrev  0x0000000000002736       0xe9 ./simplicity_sdk_2024.12.2/platform/bootloader/storage/bootloadinfo/btl_storage_bootloadinfo_single.o
 .debug_abbrev  0x000000000000281f      0x2bb ./simplicity_sdk_2024.12.2/platform/bootloader/storage/btl_storage.o
 .debug_abbrev  0x0000000000002ada      0x4be ./simplicity_sdk_2024.12.2/platform/bootloader/storage/btl_storage_library.o
 .debug_abbrev  0x0000000000002f98      0x284 ./simplicity_sdk_2024.12.2/platform/bootloader/storage/internal_flash/btl_storage_internal_flash.o
 .debug_abbrev  0x000000000000321c      0x58b ./simplicity_sdk_2024.12.2/platform/emlib/src/em_cmu.o
 .debug_abbrev  0x00000000000037a7      0x383 ./simplicity_sdk_2024.12.2/platform/emlib/src/em_msc.o
 .debug_abbrev  0x0000000000003b2a      0x3a5 ./simplicity_sdk_2024.12.2/platform/security/sl_component/se_manager/src/sl_se_manager.o
 .debug_abbrev  0x0000000000003ecf      0x3a2 ./simplicity_sdk_2024.12.2/platform/security/sl_component/se_manager/src/sl_se_manager_util.o
 .debug_abbrev  0x0000000000004271      0x1e2 ./simplicity_sdk_2024.12.2/platform/security/sl_component/se_manager/src/sli_se_manager_mailbox.o
 .debug_abbrev  0x0000000000004453      0x326 ./simplicity_sdk_2024.12.2/platform/security/sl_component/sl_mbedtls_support/src/se_aes.o
 .debug_abbrev  0x0000000000004779      0x104 ./simplicity_sdk_2024.12.2/platform/service/memory_manager/src/sl_memory_manager_region.o

.debug_loc      0x0000000000000000     0xc552
 .debug_loc     0x0000000000000000       0x20 ./simplicity_sdk_2024.12.2/platform/Device/SiliconLabs/EFR32MG24/Source/startup_efr32mg24.o
 .debug_loc     0x0000000000000020      0x15b ./simplicity_sdk_2024.12.2/platform/Device/SiliconLabs/EFR32MG24/Source/system_efr32mg24.o
 .debug_loc     0x000000000000017b      0xcb4 ./simplicity_sdk_2024.12.2/platform/bootloader/core/btl_bootload.o
 .debug_loc     0x0000000000000e2f      0x1c8 ./simplicity_sdk_2024.12.2/platform/bootloader/core/btl_main.o
 .debug_loc     0x0000000000000ff7      0x28f ./simplicity_sdk_2024.12.2/platform/bootloader/core/btl_parse.o
 .debug_loc     0x0000000000001286       0xca ./simplicity_sdk_2024.12.2/platform/bootloader/core/btl_reset.o
 .debug_loc     0x0000000000001350      0x2bd ./simplicity_sdk_2024.12.2/platform/bootloader/core/flash/btl_internal_flash.o
 .debug_loc     0x000000000000160d       0x65 ./simplicity_sdk_2024.12.2/platform/bootloader/parser/gbl/btl_gbl_format.o
 .debug_loc     0x0000000000001672     0x1090 ./simplicity_sdk_2024.12.2/platform/bootloader/parser/gbl/btl_gbl_parser.o
 .debug_loc     0x0000000000002702       0xba ./simplicity_sdk_2024.12.2/platform/bootloader/security/btl_crc32.o
 .debug_loc     0x00000000000027bc      0x510 ./simplicity_sdk_2024.12.2/platform/bootloader/security/btl_security_aes.o
 .debug_loc     0x0000000000002ccc      0x163 ./simplicity_sdk_2024.12.2/platform/bootloader/security/btl_security_ecdsa.o
 .debug_loc     0x0000000000002e2f      0x288 ./simplicity_sdk_2024.12.2/platform/bootloader/security/btl_security_sha256.o
 .debug_loc     0x00000000000030b7       0x9c ./simplicity_sdk_2024.12.2/platform/bootloader/security/btl_security_tokens.o
 .debug_loc     0x0000000000003153      0x8d0 ./simplicity_sdk_2024.12.2/platform/bootloader/security/sha/btl_sha256.o
 .debug_loc     0x0000000000003a23      0x102 ./simplicity_sdk_2024.12.2/platform/bootloader/security/sha/se_sha.o
 .debug_loc     0x0000000000003b25       0xd9 ./simplicity_sdk_2024.12.2/platform/bootloader/storage/bootloadinfo/btl_storage_bootloadinfo_single.o
 .debug_loc     0x0000000000003bfe       0x8f ./simplicity_sdk_2024.12.2/platform/bootloader/storage/btl_storage.o
 .debug_loc     0x0000000000003c8d      0xc79 ./simplicity_sdk_2024.12.2/platform/bootloader/storage/btl_storage_library.o
 .debug_loc     0x0000000000004906      0x2e6 ./simplicity_sdk_2024.12.2/platform/bootloader/storage/internal_flash/btl_storage_internal_flash.o
 .debug_loc     0x0000000000004bec     0x4196 ./simplicity_sdk_2024.12.2/platform/emlib/src/em_cmu.o
 .debug_loc     0x0000000000008d82      0xa10 ./simplicity_sdk_2024.12.2/platform/emlib/src/em_msc.o
 .debug_loc     0x0000000000009792      0x47b ./simplicity_sdk_2024.12.2/platform/security/sl_component/se_manager/src/sl_se_manager.o
 .debug_loc     0x0000000000009c0d     0x2183 ./simplicity_sdk_2024.12.2/platform/security/sl_component/se_manager/src/sl_se_manager_util.o
 .debug_loc     0x000000000000bd90       0xc8 ./simplicity_sdk_2024.12.2/platform/security/sl_component/se_manager/src/sli_se_manager_mailbox.o
 .debug_loc     0x000000000000be58      0x694 ./simplicity_sdk_2024.12.2/platform/security/sl_component/sl_mbedtls_support/src/se_aes.o
 .debug_loc     0x000000000000c4ec       0x66 ./simplicity_sdk_2024.12.2/platform/service/memory_manager/src/sl_memory_manager_region.o

.debug_aranges  0x0000000000000000      0xab8
 .debug_aranges
                0x0000000000000000       0x38 ./simplicity_sdk_2024.12.2/platform/Device/SiliconLabs/EFR32MG24/Source/startup_efr32mg24.o
 .debug_aranges
                0x0000000000000038       0x90 ./simplicity_sdk_2024.12.2/platform/Device/SiliconLabs/EFR32MG24/Source/system_efr32mg24.o
 .debug_aranges
                0x00000000000000c8       0xe8 ./simplicity_sdk_2024.12.2/platform/bootloader/core/btl_bootload.o
 .debug_aranges
                0x00000000000001b0       0x28 ./simplicity_sdk_2024.12.2/platform/bootloader/core/btl_core.o
 .debug_aranges
                0x00000000000001d8       0x40 ./simplicity_sdk_2024.12.2/platform/bootloader/core/btl_main.o
 .debug_aranges
                0x0000000000000218       0x38 ./simplicity_sdk_2024.12.2/platform/bootloader/core/btl_parse.o
 .debug_aranges
                0x0000000000000250       0x68 ./simplicity_sdk_2024.12.2/platform/bootloader/core/btl_reset.o
 .debug_aranges
                0x00000000000002b8       0x30 ./simplicity_sdk_2024.12.2/platform/bootloader/core/flash/btl_internal_flash.o
 .debug_aranges
                0x00000000000002e8       0x20 ./simplicity_sdk_2024.12.2/platform/bootloader/parser/gbl/btl_gbl_format.o
 .debug_aranges
                0x0000000000000308       0x50 ./simplicity_sdk_2024.12.2/platform/bootloader/parser/gbl/btl_gbl_parser.o
 .debug_aranges
                0x0000000000000358       0x20 ./simplicity_sdk_2024.12.2/platform/bootloader/security/btl_crc32.o
 .debug_aranges
                0x0000000000000378       0x40 ./simplicity_sdk_2024.12.2/platform/bootloader/security/btl_security_aes.o
 .debug_aranges
                0x00000000000003b8       0x20 ./simplicity_sdk_2024.12.2/platform/bootloader/security/btl_security_ecdsa.o
 .debug_aranges
                0x00000000000003d8       0x38 ./simplicity_sdk_2024.12.2/platform/bootloader/security/btl_security_sha256.o
 .debug_aranges
                0x0000000000000410       0x30 ./simplicity_sdk_2024.12.2/platform/bootloader/security/btl_security_tokens.o
 .debug_aranges
                0x0000000000000440       0x50 ./simplicity_sdk_2024.12.2/platform/bootloader/security/sha/btl_sha256.o
 .debug_aranges
                0x0000000000000490       0x20 ./simplicity_sdk_2024.12.2/platform/bootloader/security/sha/se_sha.o
 .debug_aranges
                0x00000000000004b0       0x30 ./simplicity_sdk_2024.12.2/platform/bootloader/storage/bootloadinfo/btl_storage_bootloadinfo_single.o
 .debug_aranges
                0x00000000000004e0       0x30 ./simplicity_sdk_2024.12.2/platform/bootloader/storage/btl_storage.o
 .debug_aranges
                0x0000000000000510       0x88 ./simplicity_sdk_2024.12.2/platform/bootloader/storage/btl_storage_library.o
 .debug_aranges
                0x0000000000000598       0x68 ./simplicity_sdk_2024.12.2/platform/bootloader/storage/internal_flash/btl_storage_internal_flash.o
 .debug_aranges
                0x0000000000000600      0x208 ./simplicity_sdk_2024.12.2/platform/emlib/src/em_cmu.o
 .debug_aranges
                0x0000000000000808       0x80 ./simplicity_sdk_2024.12.2/platform/emlib/src/em_msc.o
 .debug_aranges
                0x0000000000000888       0x60 ./simplicity_sdk_2024.12.2/platform/security/sl_component/se_manager/src/sl_se_manager.o
 .debug_aranges
                0x00000000000008e8      0x120 ./simplicity_sdk_2024.12.2/platform/security/sl_component/se_manager/src/sl_se_manager_util.o
 .debug_aranges
                0x0000000000000a08       0x38 ./simplicity_sdk_2024.12.2/platform/security/sl_component/se_manager/src/sli_se_manager_mailbox.o
 .debug_aranges
                0x0000000000000a40       0x48 ./simplicity_sdk_2024.12.2/platform/security/sl_component/sl_mbedtls_support/src/se_aes.o
 .debug_aranges
                0x0000000000000a88       0x30 ./simplicity_sdk_2024.12.2/platform/service/memory_manager/src/sl_memory_manager_region.o

.debug_ranges   0x0000000000000000     0x1068
 .debug_ranges  0x0000000000000000       0x40 ./simplicity_sdk_2024.12.2/platform/Device/SiliconLabs/EFR32MG24/Source/startup_efr32mg24.o
 .debug_ranges  0x0000000000000040       0x80 ./simplicity_sdk_2024.12.2/platform/Device/SiliconLabs/EFR32MG24/Source/system_efr32mg24.o
 .debug_ranges  0x00000000000000c0      0x120 ./simplicity_sdk_2024.12.2/platform/bootloader/core/btl_bootload.o
 .debug_ranges  0x00000000000001e0       0x18 ./simplicity_sdk_2024.12.2/platform/bootloader/core/btl_core.o
 .debug_ranges  0x00000000000001f8       0x48 ./simplicity_sdk_2024.12.2/platform/bootloader/core/btl_main.o
 .debug_ranges  0x0000000000000240       0x28 ./simplicity_sdk_2024.12.2/platform/bootloader/core/btl_parse.o
 .debug_ranges  0x0000000000000268       0x58 ./simplicity_sdk_2024.12.2/platform/bootloader/core/btl_reset.o
 .debug_ranges  0x00000000000002c0       0x20 ./simplicity_sdk_2024.12.2/platform/bootloader/core/flash/btl_internal_flash.o
 .debug_ranges  0x00000000000002e0       0x28 ./simplicity_sdk_2024.12.2/platform/bootloader/parser/gbl/btl_gbl_format.o
 .debug_ranges  0x0000000000000308      0x1a0 ./simplicity_sdk_2024.12.2/platform/bootloader/parser/gbl/btl_gbl_parser.o
 .debug_ranges  0x00000000000004a8       0x10 ./simplicity_sdk_2024.12.2/platform/bootloader/security/btl_crc32.o
 .debug_ranges  0x00000000000004b8       0x30 ./simplicity_sdk_2024.12.2/platform/bootloader/security/btl_security_aes.o
 .debug_ranges  0x00000000000004e8       0x28 ./simplicity_sdk_2024.12.2/platform/bootloader/security/btl_security_ecdsa.o
 .debug_ranges  0x0000000000000510       0x40 ./simplicity_sdk_2024.12.2/platform/bootloader/security/btl_security_sha256.o
 .debug_ranges  0x0000000000000550       0x20 ./simplicity_sdk_2024.12.2/platform/bootloader/security/btl_security_tokens.o
 .debug_ranges  0x0000000000000570       0xc8 ./simplicity_sdk_2024.12.2/platform/bootloader/security/sha/btl_sha256.o
 .debug_ranges  0x0000000000000638       0x10 ./simplicity_sdk_2024.12.2/platform/bootloader/security/sha/se_sha.o
 .debug_ranges  0x0000000000000648       0x38 ./simplicity_sdk_2024.12.2/platform/bootloader/storage/bootloadinfo/btl_storage_bootloadinfo_single.o
 .debug_ranges  0x0000000000000680       0x20 ./simplicity_sdk_2024.12.2/platform/bootloader/storage/btl_storage.o
 .debug_ranges  0x00000000000006a0       0xc0 ./simplicity_sdk_2024.12.2/platform/bootloader/storage/btl_storage_library.o
 .debug_ranges  0x0000000000000760       0x70 ./simplicity_sdk_2024.12.2/platform/bootloader/storage/internal_flash/btl_storage_internal_flash.o
 .debug_ranges  0x00000000000007d0      0x410 ./simplicity_sdk_2024.12.2/platform/emlib/src/em_cmu.o
 .debug_ranges  0x0000000000000be0      0x110 ./simplicity_sdk_2024.12.2/platform/emlib/src/em_msc.o
 .debug_ranges  0x0000000000000cf0       0xa0 ./simplicity_sdk_2024.12.2/platform/security/sl_component/se_manager/src/sl_se_manager.o
 .debug_ranges  0x0000000000000d90      0x190 ./simplicity_sdk_2024.12.2/platform/security/sl_component/se_manager/src/sl_se_manager_util.o
 .debug_ranges  0x0000000000000f20       0x58 ./simplicity_sdk_2024.12.2/platform/security/sl_component/se_manager/src/sli_se_manager_mailbox.o
 .debug_ranges  0x0000000000000f78       0xd0 ./simplicity_sdk_2024.12.2/platform/security/sl_component/sl_mbedtls_support/src/se_aes.o
 .debug_ranges  0x0000000000001048       0x20 ./simplicity_sdk_2024.12.2/platform/service/memory_manager/src/sl_memory_manager_region.o

.debug_line     0x0000000000000000     0xdd2a
 .debug_line    0x0000000000000000      0x458 ./simplicity_sdk_2024.12.2/platform/Device/SiliconLabs/EFR32MG24/Source/startup_efr32mg24.o
 .debug_line    0x0000000000000458      0x504 ./simplicity_sdk_2024.12.2/platform/Device/SiliconLabs/EFR32MG24/Source/system_efr32mg24.o
 .debug_line    0x000000000000095c      0xc97 ./simplicity_sdk_2024.12.2/platform/bootloader/core/btl_bootload.o
 .debug_line    0x00000000000015f3      0x203 ./simplicity_sdk_2024.12.2/platform/bootloader/core/btl_core.o
 .debug_line    0x00000000000017f6      0x95f ./simplicity_sdk_2024.12.2/platform/bootloader/core/btl_main.o
 .debug_line    0x0000000000002155      0x622 ./simplicity_sdk_2024.12.2/platform/bootloader/core/btl_parse.o
 .debug_line    0x0000000000002777      0x43e ./simplicity_sdk_2024.12.2/platform/bootloader/core/btl_reset.o
 .debug_line    0x0000000000002bb5      0x3bc ./simplicity_sdk_2024.12.2/platform/bootloader/core/flash/btl_internal_flash.o
 .debug_line    0x0000000000002f71      0x2b0 ./simplicity_sdk_2024.12.2/platform/bootloader/parser/gbl/btl_gbl_format.o
 .debug_line    0x0000000000003221     0x1135 ./simplicity_sdk_2024.12.2/platform/bootloader/parser/gbl/btl_gbl_parser.o
 .debug_line    0x0000000000004356      0x2e8 ./simplicity_sdk_2024.12.2/platform/bootloader/security/btl_crc32.o
 .debug_line    0x000000000000463e      0x555 ./simplicity_sdk_2024.12.2/platform/bootloader/security/btl_security_aes.o
 .debug_line    0x0000000000004b93      0x426 ./simplicity_sdk_2024.12.2/platform/bootloader/security/btl_security_ecdsa.o
 .debug_line    0x0000000000004fb9      0x3a2 ./simplicity_sdk_2024.12.2/platform/bootloader/security/btl_security_sha256.o
 .debug_line    0x000000000000535b      0x42a ./simplicity_sdk_2024.12.2/platform/bootloader/security/btl_security_tokens.o
 .debug_line    0x0000000000005785      0x57c ./simplicity_sdk_2024.12.2/platform/bootloader/security/sha/btl_sha256.o
 .debug_line    0x0000000000005d01      0x445 ./simplicity_sdk_2024.12.2/platform/bootloader/security/sha/se_sha.o
 .debug_line    0x0000000000006146      0x2a5 ./simplicity_sdk_2024.12.2/platform/bootloader/storage/bootloadinfo/btl_storage_bootloadinfo_single.o
 .debug_line    0x00000000000063eb      0x64d ./simplicity_sdk_2024.12.2/platform/bootloader/storage/btl_storage.o
 .debug_line    0x0000000000006a38      0xb61 ./simplicity_sdk_2024.12.2/platform/bootloader/storage/btl_storage_library.o
 .debug_line    0x0000000000007599      0x672 ./simplicity_sdk_2024.12.2/platform/bootloader/storage/internal_flash/btl_storage_internal_flash.o
 .debug_line    0x0000000000007c0b     0x2d30 ./simplicity_sdk_2024.12.2/platform/emlib/src/em_cmu.o
 .debug_line    0x000000000000a93b      0xa02 ./simplicity_sdk_2024.12.2/platform/emlib/src/em_msc.o
 .debug_line    0x000000000000b33d      0x6ca ./simplicity_sdk_2024.12.2/platform/security/sl_component/se_manager/src/sl_se_manager.o
 .debug_line    0x000000000000ba07     0x12e0 ./simplicity_sdk_2024.12.2/platform/security/sl_component/se_manager/src/sl_se_manager_util.o
 .debug_line    0x000000000000cce7      0x4aa ./simplicity_sdk_2024.12.2/platform/security/sl_component/se_manager/src/sli_se_manager_mailbox.o
 .debug_line    0x000000000000d191      0x89b ./simplicity_sdk_2024.12.2/platform/security/sl_component/sl_mbedtls_support/src/se_aes.o
 .debug_line    0x000000000000da2c      0x2fe ./simplicity_sdk_2024.12.2/platform/service/memory_manager/src/sl_memory_manager_region.o

.debug_str      0x0000000000000000     0xa451
 .debug_str     0x0000000000000000      0x6db ./simplicity_sdk_2024.12.2/platform/Device/SiliconLabs/EFR32MG24/Source/startup_efr32mg24.o
                                        0x87c (size before relaxing)
 .debug_str     0x00000000000006db      0xcaf ./simplicity_sdk_2024.12.2/platform/Device/SiliconLabs/EFR32MG24/Source/system_efr32mg24.o
                                        0xf7a (size before relaxing)
 .debug_str     0x000000000000138a      0xaea ./simplicity_sdk_2024.12.2/platform/bootloader/core/btl_bootload.o
                                       0x1c41 (size before relaxing)
 .debug_str     0x0000000000001e74       0x8c ./simplicity_sdk_2024.12.2/platform/bootloader/core/btl_core.o
                                        0x26e (size before relaxing)
 .debug_str     0x0000000000001f00      0xa8a ./simplicity_sdk_2024.12.2/platform/bootloader/core/btl_main.o
                                       0x1756 (size before relaxing)
 .debug_str     0x000000000000298a       0x9c ./simplicity_sdk_2024.12.2/platform/bootloader/core/btl_parse.o
                                        0xab9 (size before relaxing)
 .debug_str     0x0000000000002a26       0xd1 ./simplicity_sdk_2024.12.2/platform/bootloader/core/btl_reset.o
                                        0x4cc (size before relaxing)
 .debug_str     0x0000000000002af7      0x57f ./simplicity_sdk_2024.12.2/platform/bootloader/core/flash/btl_internal_flash.o
                                       0x11ea (size before relaxing)
 .debug_str     0x0000000000003076       0xdb ./simplicity_sdk_2024.12.2/platform/bootloader/parser/gbl/btl_gbl_format.o
                                        0x4d7 (size before relaxing)
 .debug_str     0x0000000000003151      0x36c ./simplicity_sdk_2024.12.2/platform/bootloader/parser/gbl/btl_gbl_parser.o
                                       0x1119 (size before relaxing)
 .debug_str     0x00000000000034bd      0x1e7 ./simplicity_sdk_2024.12.2/platform/bootloader/security/btl_crc32.o
                                        0xea8 (size before relaxing)
 .debug_str     0x00000000000036a4      0x143 ./simplicity_sdk_2024.12.2/platform/bootloader/security/btl_security_aes.o
                                        0xf08 (size before relaxing)
 .debug_str     0x00000000000037e7       0xd3 ./simplicity_sdk_2024.12.2/platform/bootloader/security/btl_security_ecdsa.o
                                        0xec5 (size before relaxing)
 .debug_str     0x00000000000038ba       0xe2 ./simplicity_sdk_2024.12.2/platform/bootloader/security/btl_security_sha256.o
                                        0xdd0 (size before relaxing)
 .debug_str     0x000000000000399c      0x175 ./simplicity_sdk_2024.12.2/platform/bootloader/security/btl_security_tokens.o
                                        0xea6 (size before relaxing)
 .debug_str     0x0000000000003b11      0x13d ./simplicity_sdk_2024.12.2/platform/bootloader/security/sha/btl_sha256.o
                                        0x3fd (size before relaxing)
 .debug_str     0x0000000000003c4e       0x85 ./simplicity_sdk_2024.12.2/platform/bootloader/security/sha/se_sha.o
                                        0xeab (size before relaxing)
 .debug_str     0x0000000000003cd3       0xcd ./simplicity_sdk_2024.12.2/platform/bootloader/storage/bootloadinfo/btl_storage_bootloadinfo_single.o
                                        0x2d1 (size before relaxing)
 .debug_str     0x0000000000003da0      0x12b ./simplicity_sdk_2024.12.2/platform/bootloader/storage/btl_storage.o
                                        0xecc (size before relaxing)
 .debug_str     0x0000000000003ecb      0x1c0 ./simplicity_sdk_2024.12.2/platform/bootloader/storage/btl_storage_library.o
                                       0x10d5 (size before relaxing)
 .debug_str     0x000000000000408b       0xd3 ./simplicity_sdk_2024.12.2/platform/bootloader/storage/internal_flash/btl_storage_internal_flash.o
                                       0x1285 (size before relaxing)
 .debug_str     0x000000000000415e     0x4eac ./simplicity_sdk_2024.12.2/platform/emlib/src/em_cmu.o
                                       0x683b (size before relaxing)
 .debug_str     0x000000000000900a      0x869 ./simplicity_sdk_2024.12.2/platform/emlib/src/em_msc.o
                                       0x1d21 (size before relaxing)
 .debug_str     0x0000000000009873      0x165 ./simplicity_sdk_2024.12.2/platform/security/sl_component/se_manager/src/sl_se_manager.o
                                        0xf4c (size before relaxing)
 .debug_str     0x00000000000099d8      0x812 ./simplicity_sdk_2024.12.2/platform/security/sl_component/se_manager/src/sl_se_manager_util.o
                                       0x1b82 (size before relaxing)
 .debug_str     0x000000000000a1ea       0x84 ./simplicity_sdk_2024.12.2/platform/security/sl_component/se_manager/src/sli_se_manager_mailbox.o
                                        0x3f1 (size before relaxing)
 .debug_str     0x000000000000a26e       0xf6 ./simplicity_sdk_2024.12.2/platform/security/sl_component/sl_mbedtls_support/src/se_aes.o
                                        0x5d9 (size before relaxing)
 .debug_str     0x000000000000a364       0xed ./simplicity_sdk_2024.12.2/platform/service/memory_manager/src/sl_memory_manager_region.o
                                        0x2d9 (size before relaxing)

.debug_frame    0x0000000000000000     0x1b40
 .debug_frame   0x0000000000000000       0x58 ./simplicity_sdk_2024.12.2/platform/Device/SiliconLabs/EFR32MG24/Source/startup_efr32mg24.o
 .debug_frame   0x0000000000000058      0x108 ./simplicity_sdk_2024.12.2/platform/Device/SiliconLabs/EFR32MG24/Source/system_efr32mg24.o
 .debug_frame   0x0000000000000160      0x290 ./simplicity_sdk_2024.12.2/platform/bootloader/core/btl_bootload.o
 .debug_frame   0x00000000000003f0       0x30 ./simplicity_sdk_2024.12.2/platform/bootloader/core/btl_core.o
 .debug_frame   0x0000000000000420       0x88 ./simplicity_sdk_2024.12.2/platform/bootloader/core/btl_main.o
 .debug_frame   0x00000000000004a8       0x88 ./simplicity_sdk_2024.12.2/platform/bootloader/core/btl_parse.o
 .debug_frame   0x0000000000000530       0xd0 ./simplicity_sdk_2024.12.2/platform/bootloader/core/btl_reset.o
 .debug_frame   0x0000000000000600       0x60 ./simplicity_sdk_2024.12.2/platform/bootloader/core/flash/btl_internal_flash.o
 .debug_frame   0x0000000000000660       0x2c ./simplicity_sdk_2024.12.2/platform/bootloader/parser/gbl/btl_gbl_format.o